<html>
<body>
<pre>
<h1>礦ision Build Log</h1>
<h2>Tool Versions:</h2>
IDE-Version: μVision V5.36.0.0
Copyright (C) 2021 ARM Ltd and ARM Germany GmbH. All rights reserved.
License Information: 41234 yangyc@linkosemi.com, 3214214, LIC=8VRJ7-E0F9H-30ENC-7PI3X-11VVX-ZFPUJ
 
Tool Versions:
Toolchain:       MDK-ARM Plus  Version: 5.36.0.0
Toolchain Path:  C:\Keil_v5\ARM\ARMCC\Bin
C Compiler:      Armcc.exe V5.06 update 7 (build 960)
Assembler:       Armasm.exe V5.06 update 7 (build 960)
Linker/Locator:  ArmLink.exe V5.06 update 7 (build 960)
Library Manager: ArmAr.exe V5.06 update 7 (build 960)
Hex Converter:   FromElf.exe V5.06 update 7 (build 960)
CPU DLL:         SARMCM3.DLL V5.36.0.0
Dialog DLL:      DARMCM1.DLL V1.19.4.0
Target DLL:      Segger\JL2CM3.dll V2.99.40.0
Dialog DLL:      TARMCM1.DLL V1.14.4.0
 
<h2>Project:</h2>
E:\repo_root\FW\BSP\LKS08x-BSP_v1.9\LKS08x-BSP_v2022.3.24\3、UTimer\UTimer比较中断实验\LK_StdPeriph_Utiemr.uvprojx
Project File Date:  03/29/2022

<h2>Output:</h2>
*** Using Compiler 'V5.06 update 7 (build 960)', folder: 'C:\Keil_v5\ARM\ARMCC\Bin'
Rebuild target 'Target 1'
assembling startup_lks32mc08x.s...
compiling main.c...
compiling hardware_init.c...
compiling lks32mc08x_cmp.c...
compiling lks32mc08x_DMA.c...
compiling lks32mc08x_adc.c...
compiling interrupt.c...
compiling lks32mc08x_exti.c...
compiling lks32MC08x_Flash.c...
compiling lks32mc08x_gpio.c...
compiling lks32mc08x_i2c.c...
compiling lks32mc08x_hall.c...
compiling lks32mc08x_spi.c...
compiling lks32mc08x_MCPWM.c...
compiling lks32mc08x_tim.c...
compiling lks32mc08x_sys.c...
compiling lks32mc08x_uart.c...
compiling lks32mc08x_dsp.c...
compiling lks32mc08x_opa.c...
linking...
Program Size: Code=2260 RO-data=224 RW-data=8 ZI-data=768  
FromELF: creating hex file...
".\Objects\LK_StdPeriph_Utiemr.axf" - 0 Error(s), 0 Warning(s).

<h2>Software Packages used:</h2>

Package Vendor: Linko
                
                Linko.LKS08x.1.0.5
                LKS08 Device Family Pack

<h2>Collection of Component include folders:</h2>
  C:\Users\yangy\AppData\Local\Arm\Packs\Linko\LKS08x\1.0.5\Device\Include

<h2>Collection of Component Files used:</h2>
Build Time Elapsed:  00:00:06
</pre>
</body>
</html>
