<html>
<body>
<pre>
<h1>µVision Build Log</h1>
<h2>Tool Versions:</h2>
IDE-Version: ¦ÌVision V5.38.0.0
Copyright (C) 2022 ARM Ltd and ARM Germany GmbH. All rights reserved.
License Information: 1 1, 1, LIC=LSNXV-PADV7-74HS0-BDIZ1-EHBEJ-Z686G
 
Tool Versions:
Toolchain:       MDK-ARM Plus  Version: 5.31.0.0
Toolchain Path:  C:\Keil_v5\ARM\ARMCC\Bin
C Compiler:      Armcc.exe V5.06 update 7 (build 960)
Assembler:       Armasm.exe V5.06 update 7 (build 960)
Linker/Locator:  ArmLink.exe V5.06 update 7 (build 960)
Library Manager: ArmAr.exe V5.06 update 7 (build 960)
Hex Converter:   FromElf.exe V5.06 update 7 (build 960)
CPU DLL:         SARMCM3.DLL V5.31.0.0
Dialog DLL:      DARMCM1.DLL V1.19.3.0
Target DLL:      Segger\JL2CM3.dll V2.99.38.0
Dialog DLL:      TARMCM1.DLL V1.14.2.0
 
<h2>Project:</h2>
C:\Users\Administrator\Desktop\01_New081Template\LK_StdPeriph_GPIO.uvprojx
Project File Date:  06/27/2025

<h2>Output:</h2>
*** Using Compiler 'V5.06 update 7 (build 960)', folder: 'C:\Keil_v5\ARM\ARMCC\Bin'
*** Note: Rebuilding project, since 'Options->Output->Create Batch File' is selected.
Rebuild target 'LK_StdPeriph_GPIO'
compiling main.c...
compiling hardware_init.c...
compiling interrupt.c...
compiling lks32mc08x_adc.c...
compiling lks32mc08x_can.c...
compiling lks32mc08x_cmp.c...
compiling lks32mc08x_dac.c...
compiling lks32mc08x_dma.c...
compiling lks32mc08x_dsp.c...
compiling lks32mc08x_exti.c...
compiling lks32MC08x_flash.c...
compiling lks32mc08x_gpio.c...
compiling lks32mc08x_hall.c...
compiling lks32mc08x_i2c.c...
compiling lks32mc08x_iwdg.c...
compiling lks32mc08x_mcpwm.c...
compiling lks32mc08x_opa.c...
compiling lks32mc08x_spi.c...
compiling lks32mc08x_sys.c...
compiling lks32mc08x_tim.c...
compiling lks32mc08x_uart.c...
compiling lks32mc08x_tmp.c...
assembling startup_lks32mc08x.s...
linking...
Program Size: Code=712 RO-data=208 RW-data=0 ZI-data=768  
FromELF: creating hex file...
".\Objects\LK_StdPeriph_GPIO.axf" - 0 Error(s), 0 Warning(s).

<h2>Software Packages used:</h2>

Package Vendor: ARM
                http://www.keil.com/pack/ARM.CMSIS.5.7.0.pack
                ARM.CMSIS.5.7.0
                CMSIS (Cortex Microcontroller Software Interface Standard)
   * Component: CORE Version: 5.4.0

Package Vendor: Linko
                https://www.lksmcu.com/index.php/LKS08Series/Linko.LKS08x.1.1.7.pack
                Linko.LKS08x.1.1.7
                LKS08 Device Family Pack

<h2>Collection of Component include folders:</h2>
  ./RTE/_LK_StdPeriph_GPIO
  C:/Keil_v5/Arm/Packs/ARM/CMSIS/5.7.0/CMSIS/Core/Include
  C:/Keil_v5/Arm/Packs/Linko/LKS08x/1.1.7/Device/Include

<h2>Collection of Component Files used:</h2>

   * Component: ARM::CMSIS:CORE:5.4.0
Build Time Elapsed:  00:00:03
</pre>
</body>
</html>
