<html>
<body>
<pre>
<h1>礦ision Build Log</h1>
<h2>Tool Versions:</h2>
IDE-Version: μVision V5.34.0.0
Copyright (C) 2021 ARM Ltd and ARM Germany GmbH. All rights reserved.
License Information: 21 yangyc@linkosemi.com, 123421, LIC=9WSKC-73VB0-RA8DM-XSH60-GC9LU-8WJ4B
 
Tool Versions:
Toolchain:       MDK-ARM Plus  Version: 5.34.0.0
Toolchain Path:  D:\keli5\APPlication\ARM\ARMCC\Bin
C Compiler:      Armcc.exe V5.06 update 7 (build 960)
Assembler:       Armasm.exe V5.06 update 7 (build 960)
Linker/Locator:  ArmLink.exe V5.06 update 7 (build 960)
Library Manager: ArmAr.exe V5.06 update 7 (build 960)
Hex Converter:   FromElf.exe V5.06 update 7 (build 960)
CPU DLL:         SARMCM3.DLL V5.34.0.0
Dialog DLL:      DARMCM1.DLL V1.19.4.0
Target DLL:      Segger\JL2CM3.dll V2.99.38.0
Dialog DLL:      TARMCM1.DLL V1.14.3.0
 
<h2>Project:</h2>
C:\Users\yangy\Desktop\FW\08系列模板工程----库函数\开发板各模块例程(2021年)\6、MCPWM\中心互补MCPWM\LK_StdPeriph_MCPWM.uvprojx
Project File Date:  12/02/2021

<h2>Output:</h2>
*** Using Compiler 'V5.06 update 7 (build 960)', folder: 'D:\keli5\APPlication\ARM\ARMCC\Bin'
Build target 'Target 1'
assembling startup_lks32mc08x.s...
compiling main.c...
compiling lks32mc08x_DMA.c...
compiling lks32mc08x_cmp.c...
compiling hardware_init.c...
compiling lks32mc08x_adc.c...
compiling interrupt.c...
compiling lks32mc08x_exti.c...
compiling lks32MC08x_Flash.c...
compiling lks32mc08x_gpio.c...
compiling lks32mc08x_hall.c...
compiling lks32mc08x_MCPWM.c...
compiling lks32mc08x_i2c.c...
compiling lks32mc08x_sys.c...
compiling lks32mc08x_tim.c...
compiling lks32mc08x_spi.c...
compiling lks32mc08x_uart.c...
compiling GPIO_LED.c...
compiling delay.c...
compiling GPIO_KEY.c...
compiling WDT.c...
compiling UTimer.c...
linking...
Program Size: Code=2088 RO-data=224 RW-data=8 ZI-data=768  
FromELF: creating hex file...
".\Objects\LK_StdPeriph_MCPWM.axf" - 0 Error(s), 0 Warning(s).

<h2>Software Packages used:</h2>

Package Vendor: Linko
                
                Linko.LKS08x.1.0.5
                LKS08 Device Family Pack

<h2>Collection of Component include folders:</h2>
  C:\Users\yangy\AppData\Local\Arm\Packs\Linko\LKS08x\1.0.5\Device\Include

<h2>Collection of Component Files used:</h2>
Build Time Elapsed:  00:00:02
</pre>
</body>
</html>
