<!doctype html public "-//w3c//dtd html 4.0 transitional//en">
<html><head>
<title>Static Call Graph - [.\Objects\LK_StdPeriph_DAC.axf]</title></head>
<body><HR>
<H1>Static Call Graph for image .\Objects\LK_StdPeriph_DAC.axf</H1><HR>
<BR><P>#&#060CALLGRAPH&#062# ARM Linker, 5060960: Last Updated: Fri Jun 27 21:35:41 2025
<BR><P>
<H3>Maximum Stack Usage =         32 bytes + Unknown(Cycles, Untraceable Function Pointers)</H3><H3>
Call chain for Maximum Stack Depth:</H3>
SystemInit &rArr; Clock_Init &rArr; SYS_VolSelModule &rArr; SoftDelay
<P>
<H3>
Mutually Recursive functions
</H3> <LI><a href="#[1]">NMI_Handler</a>&nbsp;&nbsp;&nbsp;&rArr;&nbsp;&nbsp;&nbsp;<a href="#[1]">NMI_Handler</a><BR>
 <LI><a href="#[2]">HardFault_Handler</a>&nbsp;&nbsp;&nbsp;&rArr;&nbsp;&nbsp;&nbsp;<a href="#[2]">HardFault_Handler</a><BR>
 <LI><a href="#[3]">SVC_Handler</a>&nbsp;&nbsp;&nbsp;&rArr;&nbsp;&nbsp;&nbsp;<a href="#[3]">SVC_Handler</a><BR>
 <LI><a href="#[4]">PendSV_Handler</a>&nbsp;&nbsp;&nbsp;&rArr;&nbsp;&nbsp;&nbsp;<a href="#[4]">PendSV_Handler</a><BR>
 <LI><a href="#[19]">CAN_IRQHandler</a>&nbsp;&nbsp;&nbsp;&rArr;&nbsp;&nbsp;&nbsp;<a href="#[19]">CAN_IRQHandler</a><BR>
</UL>
<P>
<H3>
Function Pointers
</H3><UL>
 <LI><a href="#[11]">ADC0_IRQHandler</a> from interrupt.o(i.ADC0_IRQHandler) referenced from startup_lks32mc08x.o(RESET)
 <LI><a href="#[19]">CAN_IRQHandler</a> from startup_lks32mc08x.o(.text) referenced from startup_lks32mc08x.o(RESET)
 <LI><a href="#[15]">CMP_IRQHandler</a> from interrupt.o(i.CMP_IRQHandler) referenced from startup_lks32mc08x.o(RESET)
 <LI><a href="#[18]">DMA_IRQHandler</a> from startup_lks32mc08x.o(.text) referenced from startup_lks32mc08x.o(RESET)
 <LI><a href="#[12]">DSP_IRQHandler</a> from startup_lks32mc08x.o(.text) referenced from startup_lks32mc08x.o(RESET)
 <LI><a href="#[a]">ENCODER0_IRQHandler</a> from interrupt.o(i.ENCODER0_IRQHandler) referenced from startup_lks32mc08x.o(RESET)
 <LI><a href="#[b]">ENCODER1_IRQHandler</a> from interrupt.o(i.ENCODER1_IRQHandler) referenced from startup_lks32mc08x.o(RESET)
 <LI><a href="#[d]">GPIO_IRQHandler</a> from interrupt.o(i.GPIO_IRQHandler) referenced from startup_lks32mc08x.o(RESET)
 <LI><a href="#[f]">HALL_IRQHandler</a> from interrupt.o(i.HALL_IRQHandler) referenced from startup_lks32mc08x.o(RESET)
 <LI><a href="#[2]">HardFault_Handler</a> from startup_lks32mc08x.o(.text) referenced from startup_lks32mc08x.o(RESET)
 <LI><a href="#[c]">I2C0_IRQHandler</a> from interrupt.o(i.I2C0_IRQHandler) referenced from startup_lks32mc08x.o(RESET)
 <LI><a href="#[13]">MCPWM_IRQHandler</a> from interrupt.o(i.MCPWM_IRQHandler) referenced from startup_lks32mc08x.o(RESET)
 <LI><a href="#[1]">NMI_Handler</a> from startup_lks32mc08x.o(.text) referenced from startup_lks32mc08x.o(RESET)
 <LI><a href="#[17]">PWRDN_IRQHandler</a> from interrupt.o(i.PWRDN_IRQHandler) referenced from startup_lks32mc08x.o(RESET)
 <LI><a href="#[4]">PendSV_Handler</a> from startup_lks32mc08x.o(.text) referenced from startup_lks32mc08x.o(RESET)
 <LI><a href="#[0]">Reset_Handler</a> from startup_lks32mc08x.o(.text) referenced from startup_lks32mc08x.o(RESET)
 <LI><a href="#[1a]">SIF_IRQHandler</a> from startup_lks32mc08x.o(.text) referenced from startup_lks32mc08x.o(RESET)
 <LI><a href="#[10]">SPI0_IRQHandler</a> from interrupt.o(i.SPI0_IRQHandler) referenced from startup_lks32mc08x.o(RESET)
 <LI><a href="#[3]">SVC_Handler</a> from startup_lks32mc08x.o(.text) referenced from startup_lks32mc08x.o(RESET)
 <LI><a href="#[5]">SysTick_Handler</a> from interrupt.o(i.SysTick_Handler) referenced from startup_lks32mc08x.o(RESET)
 <LI><a href="#[1c]">SystemInit</a> from hardware_init.o(i.SystemInit) referenced from startup_lks32mc08x.o(.text)
 <LI><a href="#[e]">UART0_IRQHandler</a> from interrupt.o(i.UART0_IRQHandler) referenced from startup_lks32mc08x.o(RESET)
 <LI><a href="#[14]">UART1_IRQHandler</a> from interrupt.o(i.UART1_IRQHandler) referenced from startup_lks32mc08x.o(RESET)
 <LI><a href="#[6]">UTIMER0_IRQHandler</a> from interrupt.o(i.UTIMER0_IRQHandler) referenced from startup_lks32mc08x.o(RESET)
 <LI><a href="#[7]">UTIMER1_IRQHandler</a> from interrupt.o(i.UTIMER1_IRQHandler) referenced from startup_lks32mc08x.o(RESET)
 <LI><a href="#[8]">UTIMER2_IRQHandler</a> from interrupt.o(i.UTIMER2_IRQHandler) referenced from startup_lks32mc08x.o(RESET)
 <LI><a href="#[9]">UTIMER3_IRQHandler</a> from interrupt.o(i.UTIMER3_IRQHandler) referenced from startup_lks32mc08x.o(RESET)
 <LI><a href="#[16]">WAKE_IRQHandler</a> from startup_lks32mc08x.o(.text) referenced from startup_lks32mc08x.o(RESET)
 <LI><a href="#[1d]">__main</a> from entry.o(.ARM.Collect$$$$00000000) referenced from startup_lks32mc08x.o(.text)
 <LI><a href="#[1b]">main</a> from main.o(i.main) referenced from entry9a.o(.ARM.Collect$$$$0000000B)
</UL>
<P>
<H3>
Global Symbols
</H3>
<P><STRONG><a name="[1d]"></a>__main</STRONG> (Thumb, 0 bytes, Stack size unknown bytes, entry.o(.ARM.Collect$$$$00000000))
<BR>[Address Reference Count : 1]<UL><LI> startup_lks32mc08x.o(.text)
</UL>
<P><STRONG><a name="[31]"></a>_main_stk</STRONG> (Thumb, 0 bytes, Stack size unknown bytes, entry2.o(.ARM.Collect$$$$00000001))

<P><STRONG><a name="[1e]"></a>_main_scatterload</STRONG> (Thumb, 0 bytes, Stack size unknown bytes, entry5.o(.ARM.Collect$$$$00000004))
<BR><BR>[Calls]<UL><LI><a href="#[1f]">&gt;&gt;</a>&nbsp;&nbsp;&nbsp;__scatterload
</UL>

<P><STRONG><a name="[22]"></a>__main_after_scatterload</STRONG> (Thumb, 0 bytes, Stack size unknown bytes, entry5.o(.ARM.Collect$$$$00000004))
<BR><BR>[Called By]<UL><LI><a href="#[1f]">&gt;&gt;</a>&nbsp;&nbsp;&nbsp;__scatterload
</UL>

<P><STRONG><a name="[32]"></a>_main_clock</STRONG> (Thumb, 0 bytes, Stack size unknown bytes, entry7b.o(.ARM.Collect$$$$00000008))

<P><STRONG><a name="[33]"></a>_main_cpp_init</STRONG> (Thumb, 0 bytes, Stack size unknown bytes, entry8b.o(.ARM.Collect$$$$0000000A))

<P><STRONG><a name="[34]"></a>_main_init</STRONG> (Thumb, 0 bytes, Stack size unknown bytes, entry9a.o(.ARM.Collect$$$$0000000B))

<P><STRONG><a name="[20]"></a>__rt_lib_shutdown_fini</STRONG> (Thumb, 0 bytes, Stack size unknown bytes, entry12b.o(.ARM.Collect$$$$0000000E))
<BR><BR>[Calls]<UL><LI><a href="#[21]">&gt;&gt;</a>&nbsp;&nbsp;&nbsp;__arm_fini_ (Weak Reference)
</UL>

<P><STRONG><a name="[35]"></a>__rt_final_cpp</STRONG> (Thumb, 0 bytes, Stack size unknown bytes, entry10a.o(.ARM.Collect$$$$0000000F))

<P><STRONG><a name="[36]"></a>__rt_final_exit</STRONG> (Thumb, 0 bytes, Stack size unknown bytes, entry11a.o(.ARM.Collect$$$$00000011))

<P><STRONG><a name="[0]"></a>Reset_Handler</STRONG> (Thumb, 14 bytes, Stack size 0 bytes, startup_lks32mc08x.o(.text))
<BR>[Address Reference Count : 1]<UL><LI> startup_lks32mc08x.o(RESET)
</UL>
<P><STRONG><a name="[1]"></a>NMI_Handler</STRONG> (Thumb, 2 bytes, Stack size 0 bytes, startup_lks32mc08x.o(.text))
<BR><BR>[Calls]<UL><LI><a href="#[1]">&gt;&gt;</a>&nbsp;&nbsp;&nbsp;NMI_Handler
</UL>
<BR>[Called By]<UL><LI><a href="#[1]">&gt;&gt;</a>&nbsp;&nbsp;&nbsp;NMI_Handler
</UL>
<BR>[Address Reference Count : 1]<UL><LI> startup_lks32mc08x.o(RESET)
</UL>
<P><STRONG><a name="[2]"></a>HardFault_Handler</STRONG> (Thumb, 2 bytes, Stack size 0 bytes, startup_lks32mc08x.o(.text))
<BR><BR>[Calls]<UL><LI><a href="#[2]">&gt;&gt;</a>&nbsp;&nbsp;&nbsp;HardFault_Handler
</UL>
<BR>[Called By]<UL><LI><a href="#[2]">&gt;&gt;</a>&nbsp;&nbsp;&nbsp;HardFault_Handler
</UL>
<BR>[Address Reference Count : 1]<UL><LI> startup_lks32mc08x.o(RESET)
</UL>
<P><STRONG><a name="[3]"></a>SVC_Handler</STRONG> (Thumb, 2 bytes, Stack size 0 bytes, startup_lks32mc08x.o(.text))
<BR><BR>[Calls]<UL><LI><a href="#[3]">&gt;&gt;</a>&nbsp;&nbsp;&nbsp;SVC_Handler
</UL>
<BR>[Called By]<UL><LI><a href="#[3]">&gt;&gt;</a>&nbsp;&nbsp;&nbsp;SVC_Handler
</UL>
<BR>[Address Reference Count : 1]<UL><LI> startup_lks32mc08x.o(RESET)
</UL>
<P><STRONG><a name="[4]"></a>PendSV_Handler</STRONG> (Thumb, 2 bytes, Stack size 0 bytes, startup_lks32mc08x.o(.text))
<BR><BR>[Calls]<UL><LI><a href="#[4]">&gt;&gt;</a>&nbsp;&nbsp;&nbsp;PendSV_Handler
</UL>
<BR>[Called By]<UL><LI><a href="#[4]">&gt;&gt;</a>&nbsp;&nbsp;&nbsp;PendSV_Handler
</UL>
<BR>[Address Reference Count : 1]<UL><LI> startup_lks32mc08x.o(RESET)
</UL>
<P><STRONG><a name="[19]"></a>CAN_IRQHandler</STRONG> (Thumb, 0 bytes, Stack size 0 bytes, startup_lks32mc08x.o(.text))
<BR><BR>[Calls]<UL><LI><a href="#[19]">&gt;&gt;</a>&nbsp;&nbsp;&nbsp;CAN_IRQHandler
</UL>
<BR>[Called By]<UL><LI><a href="#[19]">&gt;&gt;</a>&nbsp;&nbsp;&nbsp;CAN_IRQHandler
</UL>
<BR>[Address Reference Count : 1]<UL><LI> startup_lks32mc08x.o(RESET)
</UL>
<P><STRONG><a name="[18]"></a>DMA_IRQHandler</STRONG> (Thumb, 0 bytes, Stack size 0 bytes, startup_lks32mc08x.o(.text))
<BR>[Address Reference Count : 1]<UL><LI> startup_lks32mc08x.o(RESET)
</UL>
<P><STRONG><a name="[12]"></a>DSP_IRQHandler</STRONG> (Thumb, 0 bytes, Stack size 0 bytes, startup_lks32mc08x.o(.text))
<BR>[Address Reference Count : 1]<UL><LI> startup_lks32mc08x.o(RESET)
</UL>
<P><STRONG><a name="[1a]"></a>SIF_IRQHandler</STRONG> (Thumb, 0 bytes, Stack size 0 bytes, startup_lks32mc08x.o(.text))
<BR>[Address Reference Count : 1]<UL><LI> startup_lks32mc08x.o(RESET)
</UL>
<P><STRONG><a name="[16]"></a>WAKE_IRQHandler</STRONG> (Thumb, 0 bytes, Stack size 0 bytes, startup_lks32mc08x.o(.text))
<BR>[Address Reference Count : 1]<UL><LI> startup_lks32mc08x.o(RESET)
</UL>
<P><STRONG><a name="[1f]"></a>__scatterload</STRONG> (Thumb, 28 bytes, Stack size 0 bytes, init.o(.text))
<BR><BR>[Calls]<UL><LI><a href="#[22]">&gt;&gt;</a>&nbsp;&nbsp;&nbsp;__main_after_scatterload
</UL>
<BR>[Called By]<UL><LI><a href="#[1e]">&gt;&gt;</a>&nbsp;&nbsp;&nbsp;_main_scatterload
</UL>

<P><STRONG><a name="[37]"></a>__scatterload_rt2</STRONG> (Thumb, 0 bytes, Stack size 0 bytes, init.o(.text), UNUSED)

<P><STRONG><a name="[11]"></a>ADC0_IRQHandler</STRONG> (Thumb, 2 bytes, Stack size 0 bytes, interrupt.o(i.ADC0_IRQHandler))
<BR>[Address Reference Count : 1]<UL><LI> startup_lks32mc08x.o(RESET)
</UL>
<P><STRONG><a name="[15]"></a>CMP_IRQHandler</STRONG> (Thumb, 2 bytes, Stack size 0 bytes, interrupt.o(i.CMP_IRQHandler))
<BR>[Address Reference Count : 1]<UL><LI> startup_lks32mc08x.o(RESET)
</UL>
<P><STRONG><a name="[23]"></a>Clock_Init</STRONG> (Thumb, 48 bytes, Stack size 8 bytes, hardware_init.o(i.Clock_Init))
<BR><BR>[Stack]<UL><LI>Max Depth = 24<LI>Call Chain = Clock_Init &rArr; SYS_VolSelModule &rArr; SoftDelay
</UL>
<BR>[Calls]<UL><LI><a href="#[24]">&gt;&gt;</a>&nbsp;&nbsp;&nbsp;SYS_VolSelModule
<LI><a href="#[25]">&gt;&gt;</a>&nbsp;&nbsp;&nbsp;SoftDelay
</UL>
<BR>[Called By]<UL><LI><a href="#[1c]">&gt;&gt;</a>&nbsp;&nbsp;&nbsp;SystemInit
</UL>

<P><STRONG><a name="[26]"></a>DAC_init</STRONG> (Thumb, 190 bytes, Stack size 8 bytes, hardware_init.o(i.DAC_init))
<BR><BR>[Stack]<UL><LI>Max Depth = 16<LI>Call Chain = DAC_init &rArr; Read_Trim
</UL>
<BR>[Calls]<UL><LI><a href="#[27]">&gt;&gt;</a>&nbsp;&nbsp;&nbsp;SYS_AnalogModuleClockCmd
<LI><a href="#[28]">&gt;&gt;</a>&nbsp;&nbsp;&nbsp;Read_Trim
</UL>
<BR>[Called By]<UL><LI><a href="#[29]">&gt;&gt;</a>&nbsp;&nbsp;&nbsp;Hardware_init
</UL>

<P><STRONG><a name="[a]"></a>ENCODER0_IRQHandler</STRONG> (Thumb, 2 bytes, Stack size 0 bytes, interrupt.o(i.ENCODER0_IRQHandler))
<BR>[Address Reference Count : 1]<UL><LI> startup_lks32mc08x.o(RESET)
</UL>
<P><STRONG><a name="[b]"></a>ENCODER1_IRQHandler</STRONG> (Thumb, 2 bytes, Stack size 0 bytes, interrupt.o(i.ENCODER1_IRQHandler))
<BR>[Address Reference Count : 1]<UL><LI> startup_lks32mc08x.o(RESET)
</UL>
<P><STRONG><a name="[d]"></a>GPIO_IRQHandler</STRONG> (Thumb, 2 bytes, Stack size 0 bytes, interrupt.o(i.GPIO_IRQHandler))
<BR>[Address Reference Count : 1]<UL><LI> startup_lks32mc08x.o(RESET)
</UL>
<P><STRONG><a name="[f]"></a>HALL_IRQHandler</STRONG> (Thumb, 2 bytes, Stack size 0 bytes, interrupt.o(i.HALL_IRQHandler))
<BR>[Address Reference Count : 1]<UL><LI> startup_lks32mc08x.o(RESET)
</UL>
<P><STRONG><a name="[29]"></a>Hardware_init</STRONG> (Thumb, 48 bytes, Stack size 8 bytes, hardware_init.o(i.Hardware_init))
<BR><BR>[Stack]<UL><LI>Max Depth = 24<LI>Call Chain = Hardware_init &rArr; SYS_VolSelModuleEnableIRQ &rArr; __NVIC_SetPriority
</UL>
<BR>[Calls]<UL><LI><a href="#[2a]">&gt;&gt;</a>&nbsp;&nbsp;&nbsp;SYS_VolSelModuleEnableIRQ
<LI><a href="#[26]">&gt;&gt;</a>&nbsp;&nbsp;&nbsp;DAC_init
<LI><a href="#[25]">&gt;&gt;</a>&nbsp;&nbsp;&nbsp;SoftDelay
</UL>
<BR>[Called By]<UL><LI><a href="#[1b]">&gt;&gt;</a>&nbsp;&nbsp;&nbsp;main
</UL>

<P><STRONG><a name="[c]"></a>I2C0_IRQHandler</STRONG> (Thumb, 2 bytes, Stack size 0 bytes, interrupt.o(i.I2C0_IRQHandler))
<BR>[Address Reference Count : 1]<UL><LI> startup_lks32mc08x.o(RESET)
</UL>
<P><STRONG><a name="[13]"></a>MCPWM_IRQHandler</STRONG> (Thumb, 2 bytes, Stack size 0 bytes, interrupt.o(i.MCPWM_IRQHandler))
<BR>[Address Reference Count : 1]<UL><LI> startup_lks32mc08x.o(RESET)
</UL>
<P><STRONG><a name="[17]"></a>PWRDN_IRQHandler</STRONG> (Thumb, 8 bytes, Stack size 8 bytes, interrupt.o(i.PWRDN_IRQHandler))
<BR><BR>[Stack]<UL><LI>Max Depth = 8<LI>Call Chain = PWRDN_IRQHandler
</UL>
<BR>[Calls]<UL><LI><a href="#[2b]">&gt;&gt;</a>&nbsp;&nbsp;&nbsp;SYS_VolSelModuleIRQ
</UL>
<BR>[Address Reference Count : 1]<UL><LI> startup_lks32mc08x.o(RESET)
</UL>
<P><STRONG><a name="[28]"></a>Read_Trim</STRONG> (Thumb, 50 bytes, Stack size 8 bytes, lks32mc08x_nvr.o(i.Read_Trim))
<BR><BR>[Stack]<UL><LI>Max Depth = 8<LI>Call Chain = Read_Trim
</UL>
<BR>[Called By]<UL><LI><a href="#[26]">&gt;&gt;</a>&nbsp;&nbsp;&nbsp;DAC_init
</UL>

<P><STRONG><a name="[10]"></a>SPI0_IRQHandler</STRONG> (Thumb, 2 bytes, Stack size 0 bytes, interrupt.o(i.SPI0_IRQHandler))
<BR>[Address Reference Count : 1]<UL><LI> startup_lks32mc08x.o(RESET)
</UL>
<P><STRONG><a name="[27]"></a>SYS_AnalogModuleClockCmd</STRONG> (Thumb, 44 bytes, Stack size 0 bytes, lks32mc08x_sys.o(i.SYS_AnalogModuleClockCmd))
<BR><BR>[Called By]<UL><LI><a href="#[26]">&gt;&gt;</a>&nbsp;&nbsp;&nbsp;DAC_init
</UL>

<P><STRONG><a name="[24]"></a>SYS_VolSelModule</STRONG> (Thumb, 114 bytes, Stack size 8 bytes, lks32mc08x_sys.o(i.SYS_VolSelModule))
<BR><BR>[Stack]<UL><LI>Max Depth = 16<LI>Call Chain = SYS_VolSelModule &rArr; SoftDelay
</UL>
<BR>[Calls]<UL><LI><a href="#[2d]">&gt;&gt;</a>&nbsp;&nbsp;&nbsp;__NVIC_ClearPendingIRQ
<LI><a href="#[2c]">&gt;&gt;</a>&nbsp;&nbsp;&nbsp;SoftDelay
</UL>
<BR>[Called By]<UL><LI><a href="#[23]">&gt;&gt;</a>&nbsp;&nbsp;&nbsp;Clock_Init
</UL>

<P><STRONG><a name="[2a]"></a>SYS_VolSelModuleEnableIRQ</STRONG> (Thumb, 32 bytes, Stack size 8 bytes, lks32mc08x_sys.o(i.SYS_VolSelModuleEnableIRQ))
<BR><BR>[Stack]<UL><LI>Max Depth = 16<LI>Call Chain = SYS_VolSelModuleEnableIRQ &rArr; __NVIC_SetPriority
</UL>
<BR>[Calls]<UL><LI><a href="#[2e]">&gt;&gt;</a>&nbsp;&nbsp;&nbsp;__NVIC_SetPriority
<LI><a href="#[2f]">&gt;&gt;</a>&nbsp;&nbsp;&nbsp;__NVIC_EnableIRQ
<LI><a href="#[30]">&gt;&gt;</a>&nbsp;&nbsp;&nbsp;__NVIC_DisableIRQ
</UL>
<BR>[Called By]<UL><LI><a href="#[29]">&gt;&gt;</a>&nbsp;&nbsp;&nbsp;Hardware_init
</UL>

<P><STRONG><a name="[2b]"></a>SYS_VolSelModuleIRQ</STRONG> (Thumb, 112 bytes, Stack size 0 bytes, lks32mc08x_sys.o(i.SYS_VolSelModuleIRQ))
<BR><BR>[Calls]<UL><LI><a href="#[30]">&gt;&gt;</a>&nbsp;&nbsp;&nbsp;__NVIC_DisableIRQ
<LI><a href="#[2d]">&gt;&gt;</a>&nbsp;&nbsp;&nbsp;__NVIC_ClearPendingIRQ
</UL>
<BR>[Called By]<UL><LI><a href="#[17]">&gt;&gt;</a>&nbsp;&nbsp;&nbsp;PWRDN_IRQHandler
</UL>

<P><STRONG><a name="[25]"></a>SoftDelay</STRONG> (Thumb, 24 bytes, Stack size 8 bytes, hardware_init.o(i.SoftDelay))
<BR><BR>[Stack]<UL><LI>Max Depth = 8<LI>Call Chain = SoftDelay
</UL>
<BR>[Called By]<UL><LI><a href="#[23]">&gt;&gt;</a>&nbsp;&nbsp;&nbsp;Clock_Init
<LI><a href="#[29]">&gt;&gt;</a>&nbsp;&nbsp;&nbsp;Hardware_init
<LI><a href="#[1b]">&gt;&gt;</a>&nbsp;&nbsp;&nbsp;main
</UL>

<P><STRONG><a name="[5]"></a>SysTick_Handler</STRONG> (Thumb, 2 bytes, Stack size 0 bytes, interrupt.o(i.SysTick_Handler))
<BR>[Address Reference Count : 1]<UL><LI> startup_lks32mc08x.o(RESET)
</UL>
<P><STRONG><a name="[1c]"></a>SystemInit</STRONG> (Thumb, 8 bytes, Stack size 8 bytes, hardware_init.o(i.SystemInit))
<BR><BR>[Stack]<UL><LI>Max Depth = 32<LI>Call Chain = SystemInit &rArr; Clock_Init &rArr; SYS_VolSelModule &rArr; SoftDelay
</UL>
<BR>[Calls]<UL><LI><a href="#[23]">&gt;&gt;</a>&nbsp;&nbsp;&nbsp;Clock_Init
</UL>
<BR>[Address Reference Count : 1]<UL><LI> startup_lks32mc08x.o(.text)
</UL>
<P><STRONG><a name="[e]"></a>UART0_IRQHandler</STRONG> (Thumb, 2 bytes, Stack size 0 bytes, interrupt.o(i.UART0_IRQHandler))
<BR>[Address Reference Count : 1]<UL><LI> startup_lks32mc08x.o(RESET)
</UL>
<P><STRONG><a name="[14]"></a>UART1_IRQHandler</STRONG> (Thumb, 2 bytes, Stack size 0 bytes, interrupt.o(i.UART1_IRQHandler))
<BR>[Address Reference Count : 1]<UL><LI> startup_lks32mc08x.o(RESET)
</UL>
<P><STRONG><a name="[6]"></a>UTIMER0_IRQHandler</STRONG> (Thumb, 2 bytes, Stack size 0 bytes, interrupt.o(i.UTIMER0_IRQHandler))
<BR>[Address Reference Count : 1]<UL><LI> startup_lks32mc08x.o(RESET)
</UL>
<P><STRONG><a name="[7]"></a>UTIMER1_IRQHandler</STRONG> (Thumb, 2 bytes, Stack size 0 bytes, interrupt.o(i.UTIMER1_IRQHandler))
<BR>[Address Reference Count : 1]<UL><LI> startup_lks32mc08x.o(RESET)
</UL>
<P><STRONG><a name="[8]"></a>UTIMER2_IRQHandler</STRONG> (Thumb, 2 bytes, Stack size 0 bytes, interrupt.o(i.UTIMER2_IRQHandler))
<BR>[Address Reference Count : 1]<UL><LI> startup_lks32mc08x.o(RESET)
</UL>
<P><STRONG><a name="[9]"></a>UTIMER3_IRQHandler</STRONG> (Thumb, 2 bytes, Stack size 0 bytes, interrupt.o(i.UTIMER3_IRQHandler))
<BR>[Address Reference Count : 1]<UL><LI> startup_lks32mc08x.o(RESET)
</UL>
<P><STRONG><a name="[38]"></a>__scatterload_copy</STRONG> (Thumb, 14 bytes, Stack size unknown bytes, handlers.o(i.__scatterload_copy), UNUSED)

<P><STRONG><a name="[39]"></a>__scatterload_null</STRONG> (Thumb, 2 bytes, Stack size unknown bytes, handlers.o(i.__scatterload_null), UNUSED)

<P><STRONG><a name="[3a]"></a>__scatterload_zeroinit</STRONG> (Thumb, 14 bytes, Stack size unknown bytes, handlers.o(i.__scatterload_zeroinit), UNUSED)

<P><STRONG><a name="[1b]"></a>main</STRONG> (Thumb, 16 bytes, Stack size 0 bytes, main.o(i.main))
<BR><BR>[Stack]<UL><LI>Max Depth = 24<LI>Call Chain = main &rArr; Hardware_init &rArr; SYS_VolSelModuleEnableIRQ &rArr; __NVIC_SetPriority
</UL>
<BR>[Calls]<UL><LI><a href="#[25]">&gt;&gt;</a>&nbsp;&nbsp;&nbsp;SoftDelay
<LI><a href="#[29]">&gt;&gt;</a>&nbsp;&nbsp;&nbsp;Hardware_init
</UL>
<BR>[Address Reference Count : 1]<UL><LI> entry9a.o(.ARM.Collect$$$$0000000B)
</UL><P>
<H3>
Local Symbols
</H3>
<P><STRONG><a name="[2c]"></a>SoftDelay</STRONG> (Thumb, 24 bytes, Stack size 8 bytes, lks32mc08x_sys.o(i.SoftDelay))
<BR><BR>[Stack]<UL><LI>Max Depth = 8<LI>Call Chain = SoftDelay
</UL>
<BR>[Called By]<UL><LI><a href="#[24]">&gt;&gt;</a>&nbsp;&nbsp;&nbsp;SYS_VolSelModule
</UL>

<P><STRONG><a name="[2d]"></a>__NVIC_ClearPendingIRQ</STRONG> (Thumb, 18 bytes, Stack size 0 bytes, lks32mc08x_sys.o(i.__NVIC_ClearPendingIRQ))
<BR><BR>[Called By]<UL><LI><a href="#[2b]">&gt;&gt;</a>&nbsp;&nbsp;&nbsp;SYS_VolSelModuleIRQ
<LI><a href="#[24]">&gt;&gt;</a>&nbsp;&nbsp;&nbsp;SYS_VolSelModule
</UL>

<P><STRONG><a name="[30]"></a>__NVIC_DisableIRQ</STRONG> (Thumb, 26 bytes, Stack size 0 bytes, lks32mc08x_sys.o(i.__NVIC_DisableIRQ))
<BR><BR>[Called By]<UL><LI><a href="#[2b]">&gt;&gt;</a>&nbsp;&nbsp;&nbsp;SYS_VolSelModuleIRQ
<LI><a href="#[2a]">&gt;&gt;</a>&nbsp;&nbsp;&nbsp;SYS_VolSelModuleEnableIRQ
</UL>

<P><STRONG><a name="[2f]"></a>__NVIC_EnableIRQ</STRONG> (Thumb, 26 bytes, Stack size 0 bytes, lks32mc08x_sys.o(i.__NVIC_EnableIRQ))
<BR><BR>[Called By]<UL><LI><a href="#[2a]">&gt;&gt;</a>&nbsp;&nbsp;&nbsp;SYS_VolSelModuleEnableIRQ
</UL>

<P><STRONG><a name="[2e]"></a>__NVIC_SetPriority</STRONG> (Thumb, 110 bytes, Stack size 8 bytes, lks32mc08x_sys.o(i.__NVIC_SetPriority))
<BR><BR>[Stack]<UL><LI>Max Depth = 8<LI>Call Chain = __NVIC_SetPriority
</UL>
<BR>[Called By]<UL><LI><a href="#[2a]">&gt;&gt;</a>&nbsp;&nbsp;&nbsp;SYS_VolSelModuleEnableIRQ
</UL>
<P>
<H3>
Undefined Global Symbols
</H3>
<P><STRONG><a name="[21]"></a>__arm_fini_</STRONG> (Unknown, 0 bytes, Stack size 0 bytes, UNDEFINED)
<BR><BR>[Called By]<UL><LI><a href="#[20]">&gt;&gt;</a>&nbsp;&nbsp;&nbsp;__rt_lib_shutdown_fini
</UL>
<HR></body></html>
