


ARM Macro Assembler    Page 1 


    1 00000000         ; generated by Component: ARM Compiler 5.06 update 7 (bu
                       ild 960) Tool: armcc [4d365d]
    2 00000000         ; commandline armcc [-S -olks32mc45x_trim.s --cpu=Cortex
                       -M4 -I.\include .\lks32mc45x_trim.c]
    3 00000000                 THUMB
    4 00000000                 REQUIRE8
    5 00000000                 PRESERVE8
    6 00000000         
    7 00000000                 AREA             ||.text||, CODE, READONLY, ALIG
N=2
    8 00000000         
    9 00000000         TRIM_Read
                               PROC
   10 00000000 F3EF 8210       MRS              r2,PRIMASK
   11 00000004 B672            CPSID            i
   12 00000006 4941            LDR              r1,|L0.268|
   13 00000008 F020 0003       BIC              r0,r0,#3
   14 0000000C F851 3F80       LDR              r3,[r1,#0x80]!
   15 00000010 F443 6300       ORR              r3,r3,#0x800
   16 00000014 600B            STR              r3,[r1,#0]
   17 00000016 F04F 43B2       MOV              r3,#0x59000000
   18 0000001A 604B            STR              r3,[r1,#4]
   19 0000001C 6048            STR              r0,[r1,#4]
   20 0000001E 68C8            LDR              r0,[r1,#0xc]
   21 00000020 F04F 4315       MOV              r3,#0x95000000
   22 00000024 604B            STR              r3,[r1,#4]
   23 00000026 680B            LDR              r3,[r1,#0]
   24 00000028 F423 6300       BIC              r3,r3,#0x800
   25 0000002C 600B            STR              r3,[r1,#0]
   26 0000002E F382 8810       MSR              PRIMASK,r2
   27 00000032 4770            BX               lr
   28 00000034                 ENDP
   29 00000034         
   30 00000034         TRIM_ReadUid
                               PROC
   31 00000034 B510            PUSH             {r4,lr}
   32 00000036 F3EF 8310       MRS              r3,PRIMASK
   33 0000003A B672            CPSID            i
   34 0000003C 4933            LDR              r1,|L0.268|
   35 0000003E F04F 42B2       MOV              r2,#0x59000000
   36 00000042 F8C1 2084       STR              r2,[r1,#0x84]
   37 00000046 22C3            MOVS             r2,#0xc3
   38 00000048 F8C1 20A8       STR              r2,[r1,#0xa8]
   39 0000004C F8D1 2080       LDR              r2,[r1,#0x80]
   40 00000050 F442 6208       ORR              r2,r2,#0x880
   41 00000054 F8C1 2080       STR              r2,[r1,#0x80]
   42 00000058 4A2D            LDR              r2,|L0.272|
   43 0000005A F8C1 2084       STR              r2,[r1,#0x84]
   44 0000005E F8D1 408C       LDR              r4,[r1,#0x8c]
   45 00000062         |L0.98|
   46 00000062 F8D1 2098       LDR              r2,[r1,#0x98]
   47 00000066 05D2            LSLS             r2,r2,#23
   48 00000068 D5FB            BPL              |L0.98|
   49 0000006A 4A29            LDR              r2,|L0.272|
   50 0000006C 6004            STR              r4,[r0,#0]
   51 0000006E 1D12            ADDS             r2,r2,#4
   52 00000070 F8C1 2084       STR              r2,[r1,#0x84]
   53 00000074 F8D1 408C       LDR              r4,[r1,#0x8c]
   54 00000078         |L0.120|



ARM Macro Assembler    Page 2 


   55 00000078 F8D1 2098       LDR              r2,[r1,#0x98]
   56 0000007C 05D2            LSLS             r2,r2,#23
   57 0000007E D5FB            BPL              |L0.120|
   58 00000080 4A23            LDR              r2,|L0.272|
   59 00000082 6044            STR              r4,[r0,#4]
   60 00000084 3208            ADDS             r2,r2,#8
   61 00000086 F8C1 2084       STR              r2,[r1,#0x84]
   62 0000008A F8D1 408C       LDR              r4,[r1,#0x8c]
   63 0000008E         |L0.142|
   64 0000008E F8D1 2098       LDR              r2,[r1,#0x98]
   65 00000092 05D2            LSLS             r2,r2,#23
   66 00000094 D5FB            BPL              |L0.142|
   67 00000096 4A1E            LDR              r2,|L0.272|
   68 00000098 6084            STR              r4,[r0,#8]
   69 0000009A 320C            ADDS             r2,r2,#0xc
   70 0000009C F8C1 2084       STR              r2,[r1,#0x84]
   71 000000A0 F8D1 408C       LDR              r4,[r1,#0x8c]
   72 000000A4         |L0.164|
   73 000000A4 F8D1 2098       LDR              r2,[r1,#0x98]
   74 000000A8 05D2            LSLS             r2,r2,#23
   75 000000AA D5FB            BPL              |L0.164|
   76 000000AC 4A19            LDR              r2,|L0.276|
   77 000000AE 60C4            STR              r4,[r0,#0xc]
   78 000000B0 F8C1 2084       STR              r2,[r1,#0x84]
   79 000000B4 F8D1 408C       LDR              r4,[r1,#0x8c]
   80 000000B8         |L0.184|
   81 000000B8 F8D1 2098       LDR              r2,[r1,#0x98]
   82 000000BC 05D2            LSLS             r2,r2,#23
   83 000000BE D5FB            BPL              |L0.184|
   84 000000C0 4A14            LDR              r2,|L0.276|
   85 000000C2 6104            STR              r4,[r0,#0x10]
   86 000000C4 3A10            SUBS             r2,r2,#0x10
   87 000000C6 F8C1 2084       STR              r2,[r1,#0x84]
   88 000000CA F8D1 408C       LDR              r4,[r1,#0x8c]
   89 000000CE         |L0.206|
   90 000000CE F8D1 2098       LDR              r2,[r1,#0x98]
   91 000000D2 05D2            LSLS             r2,r2,#23
   92 000000D4 D5FB            BPL              |L0.206|
   93 000000D6 4A0F            LDR              r2,|L0.276|
   94 000000D8 6144            STR              r4,[r0,#0x14]
   95 000000DA 3A20            SUBS             r2,r2,#0x20
   96 000000DC F8C1 2084       STR              r2,[r1,#0x84]
   97 000000E0 F8D1 408C       LDR              r4,[r1,#0x8c]
   98 000000E4         |L0.228|
   99 000000E4 F8D1 2098       LDR              r2,[r1,#0x98]
  100 000000E8 05D2            LSLS             r2,r2,#23
  101 000000EA D5FB            BPL              |L0.228|
  102 000000EC 6184            STR              r4,[r0,#0x18]
  103 000000EE F851 0F80       LDR              r0,[r1,#0x80]!
  104 000000F2 2000            MOVS             r0,#0
  105 000000F4 6008            STR              r0,[r1,#0]
  106 000000F6 6A88            LDR              r0,[r1,#0x28]
  107 000000F8 F020 00C3       BIC              r0,r0,#0xc3
  108 000000FC 6288            STR              r0,[r1,#0x28]
  109 000000FE F04F 4015       MOV              r0,#0x95000000
  110 00000102 6048            STR              r0,[r1,#4]
  111 00000104 F383 8810       MSR              PRIMASK,r3
  112 00000108 BD10            POP              {r4,pc}
  113 0000010A                 ENDP



ARM Macro Assembler    Page 3 


  114 0000010A         
  115 0000010A 00 00           DCW              0x0000
  116 0000010C         |L0.268|
  117 0000010C 4001A000        DCD              0x4001a000
  118 00000110         |L0.272|
  119 00000110 0003FC30        DCD              0x0003fc30
  120 00000114         |L0.276|
  121 00000114 0003FF20        DCD              0x0003ff20
  122 00000118         
  123 00000118                 AREA             ||.arm_vfe_header||, DATA, READ
ONLY, NOALLOC, ALIGN=2
  124 00000000         
  125 00000000 00000000        DCD              0x00000000
  126 00000004         
  127 00000004         ;*** Start embedded assembler ***
  128 00000004         
  129 00000004         #line   1                ".\\lks32mc45x_trim.c"
    1 00000004                 AREA             ||.rev16_text||, CODE
    2 00000000                 THUMB
    3 00000000                 EXPORT           |__asm___17_lks32mc45x_trim_c_1
f83b028____REV16|
    4 00000000         #line   208              ".\\include\\cmsis_armcc.h"
  208 00000000         |__asm___17_lks32mc45x_trim_c_1f83b028____REV16|
                               PROC
  209 00000000         #line   209
  209 00000000         
  210 00000000 BA40            rev16            r0, r0
  211 00000002 4770            bx               lr
  212 00000004                 ENDP
  213 00000004                 AREA             ||.revsh_text||, CODE
  214 00000000                 THUMB
  215 00000000                 EXPORT           |__asm___17_lks32mc45x_trim_c_1
f83b028____REVSH|
  216 00000000         #line   223
  223 00000000         |__asm___17_lks32mc45x_trim_c_1f83b028____REVSH|
                               PROC
  224 00000000         #line   224
  224 00000000         
  225 00000000 BAC0            revsh            r0, r0
  226 00000002 4770            bx               lr
  227 00000004                 ENDP
  228 00000004                 AREA             ||.rrx_text||, CODE
  229 00000000                 THUMB
  230 00000000                 EXPORT           |__asm___17_lks32mc45x_trim_c_1
f83b028____RRX|
  231 00000000         #line   410
  410 00000000         |__asm___17_lks32mc45x_trim_c_1f83b028____RRX|
                               PROC
  411 00000000         #line   411
  411 00000000         
  412 00000000 EA4F 0030       rrx              r0, r0
  413 00000004 4770            bx               lr
  414 00000006                 ENDP
  415 00000006         
  416 00000006         ;*** End   embedded assembler ***
  417 00000006         
  418 00000006                 EXPORT           TRIM_Read [CODE]
  419 00000006                 EXPORT           TRIM_ReadUid [CODE]
  420 00000006         



ARM Macro Assembler    Page 4 


  421 00000006                 IMPORT           ||Lib$$Request$$armlib|| [CODE,
WEAK]
  422 00000006         
  423 00000006                 ATTR             FILESCOPE
  424 00000006                 ATTR             SETVALUE Tag_ABI_PCS_wchar_t,2
  425 00000006                 ATTR             SETVALUE Tag_ABI_enum_size,1
  426 00000006                 ATTR             SETVALUE Tag_ABI_optimization_g
oals,3
  427 00000006                 ATTR             SETSTRING Tag_conformance,"2.09
"
  428 00000006                 ATTR             SETVALUE AV,18,1
  429 00000006         
  430 00000006                 ASSERT           {ENDIAN} = "little"
  431 00000006                 ASSERT           {INTER} = {TRUE}
  432 00000006                 ASSERT           {ROPI} = {FALSE}
  433 00000006                 ASSERT           {RWPI} = {FALSE}
  434 00000006                 ASSERT           {IEEE_FULL} = {FALSE}
  435 00000006                 ASSERT           {IEEE_PART} = {FALSE}
  436 00000006                 ASSERT           {IEEE_JAVA} = {FALSE}
  437 00000006                 END
Command Line: --debug --xref --diag_suppress=9931 --cpu=Cortex-M4.fp.sp --apcs=
interwork --depend=.\objects\lks32mc45x_trim.d -o.\objects\lks32mc45x_trim.o -I
.\RTE\_Linko_45x_Project -IC:\Users\bpsemi\AppData\Local\Arm\Packs\ARM\CMSIS\5.
8.0\CMSIS\Core\Include -IC:\Users\bpsemi\AppData\Local\Arm\Packs\Linko\LKS45x\1
.1.6\Device\Include --predefine="__MICROLIB SETA 1" --predefine="__UVISION_VERS
ION SETA 536" --predefine="_RTE_ SETA 1" --predefine="LKS32MC453RCT8 SETA 1" --
predefine="_RTE_ SETA 1" --list=.\listings\lks32mc45x_trim.lst 1_LKS_FwLib\LKS3
2MC45x_Periph_Driver\Source\lks32mc45x_trim.s



ARM Macro Assembler    Page 1 Alphabetic symbol ordering
Relocatable symbols

L0.120 00000078

Symbol: L0.120
   Definitions
      At line 54 in file 1_LKS_FwLib\LKS32MC45x_Periph_Driver\Source\lks32mc45x
_trim.s
   Uses
      At line 57 in file 1_LKS_FwLib\LKS32MC45x_Periph_Driver\Source\lks32mc45x
_trim.s
Comment: L0.120 used once
L0.142 0000008E

Symbol: L0.142
   Definitions
      At line 63 in file 1_LKS_FwLib\LKS32MC45x_Periph_Driver\Source\lks32mc45x
_trim.s
   Uses
      At line 66 in file 1_LKS_FwLib\LKS32MC45x_Periph_Driver\Source\lks32mc45x
_trim.s
Comment: L0.142 used once
L0.164 000000A4

Symbol: L0.164
   Definitions
      At line 72 in file 1_LKS_FwLib\LKS32MC45x_Periph_Driver\Source\lks32mc45x
_trim.s
   Uses
      At line 75 in file 1_LKS_FwLib\LKS32MC45x_Periph_Driver\Source\lks32mc45x
_trim.s
Comment: L0.164 used once
L0.184 000000B8

Symbol: L0.184
   Definitions
      At line 80 in file 1_LKS_FwLib\LKS32MC45x_Periph_Driver\Source\lks32mc45x
_trim.s
   Uses
      At line 83 in file 1_LKS_FwLib\LKS32MC45x_Periph_Driver\Source\lks32mc45x
_trim.s
Comment: L0.184 used once
L0.206 000000CE

Symbol: L0.206
   Definitions
      At line 89 in file 1_LKS_FwLib\LKS32MC45x_Periph_Driver\Source\lks32mc45x
_trim.s
   Uses
      At line 92 in file 1_LKS_FwLib\LKS32MC45x_Periph_Driver\Source\lks32mc45x
_trim.s
Comment: L0.206 used once
L0.228 000000E4

Symbol: L0.228
   Definitions
      At line 98 in file 1_LKS_FwLib\LKS32MC45x_Periph_Driver\Source\lks32mc45x
_trim.s
   Uses
      At line 101 in file 1_LKS_FwLib\LKS32MC45x_Periph_Driver\Source\lks32mc45
x_trim.s



ARM Macro Assembler    Page 2 Alphabetic symbol ordering
Relocatable symbols

Comment: L0.228 used once
L0.268 0000010C

Symbol: L0.268
   Definitions
      At line 116 in file 1_LKS_FwLib\LKS32MC45x_Periph_Driver\Source\lks32mc45
x_trim.s
   Uses
      At line 12 in file 1_LKS_FwLib\LKS32MC45x_Periph_Driver\Source\lks32mc45x
_trim.s
      At line 34 in file 1_LKS_FwLib\LKS32MC45x_Periph_Driver\Source\lks32mc45x
_trim.s

L0.272 00000110

Symbol: L0.272
   Definitions
      At line 118 in file 1_LKS_FwLib\LKS32MC45x_Periph_Driver\Source\lks32mc45
x_trim.s
   Uses
      At line 42 in file 1_LKS_FwLib\LKS32MC45x_Periph_Driver\Source\lks32mc45x
_trim.s
      At line 49 in file 1_LKS_FwLib\LKS32MC45x_Periph_Driver\Source\lks32mc45x
_trim.s
      At line 58 in file 1_LKS_FwLib\LKS32MC45x_Periph_Driver\Source\lks32mc45x
_trim.s
      At line 67 in file 1_LKS_FwLib\LKS32MC45x_Periph_Driver\Source\lks32mc45x
_trim.s

L0.276 00000114

Symbol: L0.276
   Definitions
      At line 120 in file 1_LKS_FwLib\LKS32MC45x_Periph_Driver\Source\lks32mc45
x_trim.s
   Uses
      At line 76 in file 1_LKS_FwLib\LKS32MC45x_Periph_Driver\Source\lks32mc45x
_trim.s
      At line 84 in file 1_LKS_FwLib\LKS32MC45x_Periph_Driver\Source\lks32mc45x
_trim.s
      At line 93 in file 1_LKS_FwLib\LKS32MC45x_Periph_Driver\Source\lks32mc45x
_trim.s

L0.98 00000062

Symbol: L0.98
   Definitions
      At line 45 in file 1_LKS_FwLib\LKS32MC45x_Periph_Driver\Source\lks32mc45x
_trim.s
   Uses
      At line 48 in file 1_LKS_FwLib\LKS32MC45x_Periph_Driver\Source\lks32mc45x
_trim.s
Comment: L0.98 used once
TRIM_Read 00000000

Symbol: TRIM_Read
   Definitions
      At line 9 in file 1_LKS_FwLib\LKS32MC45x_Periph_Driver\Source\lks32mc45x_
trim.s



ARM Macro Assembler    Page 3 Alphabetic symbol ordering
Relocatable symbols

   Uses
      At line 418 in file .\\include\\cmsis_armcc.h
Comment: TRIM_Read used once
TRIM_ReadUid 00000034

Symbol: TRIM_ReadUid
   Definitions
      At line 30 in file 1_LKS_FwLib\LKS32MC45x_Periph_Driver\Source\lks32mc45x
_trim.s
   Uses
      At line 419 in file .\\include\\cmsis_armcc.h
Comment: TRIM_ReadUid used once
|.text| 00000000

Symbol: |.text|
   Definitions
      At line 7 in file 1_LKS_FwLib\LKS32MC45x_Periph_Driver\Source\lks32mc45x_
trim.s
   Uses
      None
Comment: |.text| unused
13 symbols



ARM Macro Assembler    Page 1 Alphabetic symbol ordering
Relocatable symbols

|.arm_vfe_header| 00000000

Symbol: |.arm_vfe_header|
   Definitions
      At line 123 in file 1_LKS_FwLib\LKS32MC45x_Periph_Driver\Source\lks32mc45
x_trim.s
   Uses
      None
Comment: |.arm_vfe_header| unused
1 symbol



ARM Macro Assembler    Page 1 Alphabetic symbol ordering
Relocatable symbols

__asm___17_lks32mc45x_trim_c_1f83b028____REV16 00000000

Symbol: __asm___17_lks32mc45x_trim_c_1f83b028____REV16
   Definitions
      At line 208 in file .\\include\\cmsis_armcc.h
   Uses
      At line 3 in file .\\lks32mc45x_trim.c
Comment: __asm___17_lks32mc45x_trim_c_1f83b028____REV16 used once
|.rev16_text| 00000000

Symbol: |.rev16_text|
   Definitions
      At line 1 in file .\\lks32mc45x_trim.c
   Uses
      None
Comment: |.rev16_text| unused
2 symbols



ARM Macro Assembler    Page 1 Alphabetic symbol ordering
Relocatable symbols

__asm___17_lks32mc45x_trim_c_1f83b028____REVSH 00000000

Symbol: __asm___17_lks32mc45x_trim_c_1f83b028____REVSH
   Definitions
      At line 223 in file .\\include\\cmsis_armcc.h
   Uses
      At line 215 in file .\\include\\cmsis_armcc.h
Comment: __asm___17_lks32mc45x_trim_c_1f83b028____REVSH used once
|.revsh_text| 00000000

Symbol: |.revsh_text|
   Definitions
      At line 213 in file .\\include\\cmsis_armcc.h
   Uses
      None
Comment: |.revsh_text| unused
2 symbols



ARM Macro Assembler    Page 1 Alphabetic symbol ordering
Relocatable symbols

__asm___17_lks32mc45x_trim_c_1f83b028____RRX 00000000

Symbol: __asm___17_lks32mc45x_trim_c_1f83b028____RRX
   Definitions
      At line 410 in file .\\include\\cmsis_armcc.h
   Uses
      At line 230 in file .\\include\\cmsis_armcc.h
Comment: __asm___17_lks32mc45x_trim_c_1f83b028____RRX used once
|.rrx_text| 00000000

Symbol: |.rrx_text|
   Definitions
      At line 228 in file .\\include\\cmsis_armcc.h
   Uses
      None
Comment: |.rrx_text| unused
2 symbols



ARM Macro Assembler    Page 1 Alphabetic symbol ordering
External symbols

|Lib$$Request$$armlib| 00000000

Symbol: |Lib$$Request$$armlib|
   Definitions
      At line 421 in file .\\include\\cmsis_armcc.h
   Uses
      None
Comment: |Lib$$Request$$armlib| unused
1 symbol
356 symbols in table
