


ARM Macro Assembler    Page 1 


    1 00000000         ;/**
    2 00000000         ; * ???? (C)2020, LINKO SEMICONDUCTOR Co.ltd
    3 00000000         ; *
    4 00000000         ; * ????: startup_mun.s
    5 00000000         ; * ????:
    6 00000000         ; * ????: ????
    7 00000000         ; * ????: ?
    8 00000000         ; * ????: V 1.0
    9 00000000         ; * ?    ?: ??
   10 00000000         ; * ????: 2015?11?5?
   11 00000000         ; *
   12 00000000         ; * ????1:
   13 00000000         ; * ????:2020?7?28?
   14 00000000         ; * ? ? ?:V 1.1
   15 00000000         ; * ? ? ?:???
   16 00000000         ; * ????:??
   17 00000000         ; *
   18 00000000         ; *
   19 00000000         ;*/
   20 00000000         ;* <<< Use Configuration Wizard in Context Menu >>>   
   21 00000000         ; <h> Stack Configuration
   22 00000000         ;   <o> Stack Size (in Bytes) <0x0-0xFFFFFFFF:8>
   23 00000000         ; </h>
   24 00000000         
   25 00000000 00000800 
                       Stack_Size
                               EQU              0x00000800
   26 00000000         
   27 00000000                 AREA             STACK, NOINIT, READWRITE, ALIGN
=3
   28 00000000         Stack_Mem
                               SPACE            Stack_Size
   29 00000800         __initial_sp
   30 00000800         
   31 00000800         
   32 00000800         ; <h> Heap Configuration
   33 00000800         ;   <o>  Heap Size (in Bytes) <0x0-0xFFFFFFFF:8>
   34 00000800         ; </h>
   35 00000800         
   36 00000800 00000800 
                       Heap_Size
                               EQU              0x00000800
   37 00000800         
   38 00000800                 AREA             HEAP, NOINIT, READWRITE, ALIGN=
3
   39 00000000         __heap_base
   40 00000000         Heap_Mem
                               SPACE            Heap_Size
   41 00000800         __heap_limit
   42 00000800         
   43 00000800                 PRESERVE8
   44 00000800                 THUMB
   45 00000800         
   46 00000800         
   47 00000800         ; Vector Table Mapped to Address 0 at Reset
   48 00000800                 AREA             RESET, DATA, READONLY
   49 00000000                 EXPORT           __Vectors
   50 00000000                 EXPORT           __Vectors_End
   51 00000000                 EXPORT           __Vectors_Size



ARM Macro Assembler    Page 2 


   52 00000000         
   53 00000000 00000000 
                       __Vectors
                               DCD              __initial_sp ; Top of Stack
   54 00000004 00000000        DCD              Reset_Handler ; Reset Handler
   55 00000008 00000000        DCD              NMI_Handler ; NMI Handler
   56 0000000C 00000000        DCD              HardFault_Handler ; Hard Fault 
                                                            Handler
   57 00000010 00000000        DCD              MemManageFault_Handler 
                                                            ; MPU Fault Handler
                                                            
   58 00000014 00000000        DCD              BusFault_Handler 
                                                            ; Bus Fault Handler
                                                            
   59 00000018 00000000        DCD              UsageFault_Handler ; Usage Faul
                                                            t Handler
   60 0000001C 00000000        DCD              0           ; Reserved
   61 00000020 00000000        DCD              0           ; Reserved
   62 00000024 00000000        DCD              0           ; Reserved
   63 00000028 00000000        DCD              0           ; Reserved
   64 0000002C 00000000        DCD              SVC_Handler ; SVCall Handler
   65 00000030 00000000        DCD              DebugMon_Handler ; Debug Monito
                                                            r Handler
   66 00000034 00000000        DCD              0           ; Reserved
   67 00000038 00000000        DCD              PendSV_Handler ; PendSV Handler
                                                            
   68 0000003C 00000000        DCD              SysTick_Handler 
                                                            ; SysTick Handler
   69 00000040         
   70 00000040         ; External Interrupts
   71 00000040         ; 0-3 
   72 00000040 00000000        DCD              I2C0_IRQHandler ;  0
   73 00000044 00000000        DCD              I2C1_IRQHandler ;  1
   74 00000048 00000000        DCD              HALL0_IRQHandler ;  2
   75 0000004C 00000000        DCD              HALL1_IRQHandler ;  3
   76 00000050 00000000        DCD              UART0_IRQHandler ;  4
   77 00000054 00000000        DCD              UART1_IRQHandler ;  5
   78 00000058 00000000        DCD              UART2_IRQHandler ;  6
   79 0000005C 00000000        DCD              CMP0_IRQHandler ;  7
   80 00000060 00000000        DCD              CMP1_IRQHandler ;  8
   81 00000064 00000000        DCD              CMP2_IRQHandler ;  9
   82 00000068 00000000        DCD              CMP3_IRQHandler ; 10
   83 0000006C 00000000        DCD              CMP4_IRQHandler ; 11
   84 00000070 00000000        DCD              CMP5_IRQHandler ; 12
   85 00000074 00000000        DCD              MCPWM00_IRQHandler ; 13
   86 00000078 00000000        DCD              MCPWM01_IRQHandler ; 14
   87 0000007C 00000000        DCD              MCPWM10_IRQHandler ; 15
   88 00000080 00000000        DCD              MCPWM11_IRQHandler ; 16
   89 00000084 00000000        DCD              TIMER0_IRQHandler ; 17
   90 00000088 00000000        DCD              TIMER1_IRQHandler ; 18
   91 0000008C 00000000        DCD              TIMER2_IRQHandler ; 19
   92 00000090 00000000        DCD              TIMER3_IRQHandler ; 20
   93 00000094 00000000        DCD              TIMER4_IRQHandler ; 21
   94 00000098 00000000        DCD              QEP0_IRQHandler ; 22
   95 0000009C 00000000        DCD              QEP1_IRQHandler ; 23
   96 000000A0 00000000        DCD              QEP2_IRQHandler ; 24
   97 000000A4 00000000        DCD              QEP3_IRQHandler ; 25
   98 000000A8 00000000        DCD              EXTI_IRQHandler ; 26
   99 000000AC 00000000        DCD              ADC0_IRQHandler ; 27



ARM Macro Assembler    Page 3 


  100 000000B0 00000000        DCD              ADC1_IRQHandler ; 28
  101 000000B4 00000000        DCD              ADC2_IRQHandler ; 29
  102 000000B8 00000000        DCD              CAN_IRQHandler ; 30
  103 000000BC 00000000        DCD              SPI0_IRQHandler ; 31
  104 000000C0 00000000        DCD              SPI1_IRQHandler ; 32
  105 000000C4 00000000        DCD              WWDG_IRQHandler ; 33
  106 000000C8 00000000        DCD              DMA_IRQHandler ; 34
  107 000000CC 00000000        DCD              WAKEUP_IRQHandler ; 35
  108 000000D0 00000000        DCD              PWRDN_IRQHandler ; 36
  109 000000D4 00000000        DCD              FMAC_IRQHandler ; 37
  110 000000D8 00000000        DCD              SW_IRQHandler ; 38
  111 000000DC         
  112 000000DC         __Vectors_End
  113 000000DC         
  114 000000DC 000000DC 
                       __Vectors_Size
                               EQU              __Vectors_End - __Vectors
  115 000000DC         
  116 000000DC                 AREA             |.text|, CODE, READONLY
  117 00000000         
  118 00000000         ; Reset handler routine
  119 00000000         Reset_Handler
                               PROC
  120 00000000                 EXPORT           Reset_Handler                 [
WEAK]
  121 00000000                 IMPORT           __main
  122 00000000                 IMPORT           SystemInit
  123 00000000         
  124 00000000         
  125 00000000         
  126 00000000 4808            LDR              R0, =__initial_sp ; set stack p
                                                            ointer 
  127 00000002 F380 8808       MSR              MSP, R0
  128 00000006         
  129 00000006         
  130 00000006         ApplicationStart
  131 00000006 4808            LDR              R0, =SystemInit
  132 00000008 4780            BLX              R0
  133 0000000A 4808            LDR              R0, =__main
  134 0000000C 4700            BX               R0
  135 0000000E                 ENDP
  136 0000000E         
  137 0000000E         ; Dummy Exception Handlers (infinite loops which can be 
                       modified)
  138 0000000E         
  139 0000000E         NMI_Handler
                               PROC
  140 0000000E                 EXPORT           NMI_Handler                    
[WEAK]
  141 0000000E E7FE            B                .
  142 00000010                 ENDP
  144 00000010         HardFault_Handler
                               PROC
  145 00000010                 EXPORT           HardFault_Handler              
[WEAK]
  146 00000010 E7FE            B                .
  147 00000012                 ENDP
  149 00000012         MemManageFault_Handler
                               PROC



ARM Macro Assembler    Page 4 


  150 00000012                 EXPORT           MemManageFault_Handler         
 [WEAK]
  151 00000012 E7FE            B                .
  152 00000014                 ENDP
  154 00000014         BusFault_Handler
                               PROC
  155 00000014                 EXPORT           BusFault_Handler               
 [WEAK]
  156 00000014 E7FE            B                .
  157 00000016                 ENDP
  159 00000016         UsageFault_Handler
                               PROC
  160 00000016                 EXPORT           UsageFault_Handler             
 [WEAK]
  161 00000016 E7FE            B                .
  162 00000018                 ENDP
  163 00000018         SVC_Handler
                               PROC
  164 00000018                 EXPORT           SVC_Handler                    
[WEAK]
  165 00000018 E7FE            B                .
  166 0000001A                 ENDP
  168 0000001A         DebugMon_Handler
                               PROC
  169 0000001A                 EXPORT           DebugMon_Handler               
 [WEAK]
  170 0000001A E7FE            B                .
  171 0000001C                 ENDP
  172 0000001C         PendSV_Handler
                               PROC
  173 0000001C                 EXPORT           PendSV_Handler                 
[WEAK]
  174 0000001C E7FE            B                .
  175 0000001E                 ENDP
  176 0000001E         SysTick_Handler
                               PROC
  177 0000001E                 EXPORT           SysTick_Handler                
[WEAK]
  178 0000001E E7FE            B                .
  179 00000020                 ENDP
  180 00000020         
  181 00000020         Default_Handler
                               PROC
  182 00000020         
  183 00000020                 EXPORT           I2C0_IRQHandler               [
WEAK] 
                                                            ;  0
  184 00000020                 EXPORT           I2C1_IRQHandler               [
WEAK] 
                                                            ;  1
  185 00000020                 EXPORT           HALL0_IRQHandler              [
WEAK] 
                                                            ;  2
  186 00000020                 EXPORT           HALL1_IRQHandler              [
WEAK] 
                                                            ;  3
  187 00000020                 EXPORT           UART0_IRQHandler              [
WEAK] 
                                                            ;  4



ARM Macro Assembler    Page 5 


  188 00000020                 EXPORT           UART1_IRQHandler              [
WEAK] 
                                                            ;  5
  189 00000020                 EXPORT           UART2_IRQHandler              [
WEAK] 
                                                            ;  6
  190 00000020                 EXPORT           CMP0_IRQHandler               [
WEAK] 
                                                            ;  7
  191 00000020                 EXPORT           CMP1_IRQHandler               [
WEAK] 
                                                            ;  8
  192 00000020                 EXPORT           CMP2_IRQHandler               [
WEAK] 
                                                            ;  9
  193 00000020                 EXPORT           CMP3_IRQHandler               [
WEAK] 
                                                            ; 10
  194 00000020                 EXPORT           CMP4_IRQHandler               [
WEAK] 
                                                            ; 11
  195 00000020                 EXPORT           CMP5_IRQHandler               [
WEAK] 
                                                            ; 12
  196 00000020                 EXPORT           MCPWM00_IRQHandler            [
WEAK] 
                                                            ; 13
  197 00000020                 EXPORT           MCPWM01_IRQHandler            [
WEAK] 
                                                            ; 14
  198 00000020                 EXPORT           MCPWM10_IRQHandler            [
WEAK] 
                                                            ; 15
  199 00000020                 EXPORT           MCPWM11_IRQHandler            [
WEAK] 
                                                            ; 16
  200 00000020                 EXPORT           TIMER0_IRQHandler             [
WEAK] 
                                                            ; 17
  201 00000020                 EXPORT           TIMER1_IRQHandler             [
WEAK] 
                                                            ; 18
  202 00000020                 EXPORT           TIMER2_IRQHandler             [
WEAK] 
                                                            ; 19
  203 00000020                 EXPORT           TIMER3_IRQHandler             [
WEAK] 
                                                            ; 20
  204 00000020                 EXPORT           TIMER4_IRQHandler             [
WEAK] 
                                                            ; 21
  205 00000020                 EXPORT           QEP0_IRQHandler               [
WEAK] 
                                                            ; 22
  206 00000020                 EXPORT           QEP1_IRQHandler               [
WEAK] 
                                                            ; 23
  207 00000020                 EXPORT           QEP2_IRQHandler               [
WEAK] 



ARM Macro Assembler    Page 6 


                                                            ; 24
  208 00000020                 EXPORT           QEP3_IRQHandler               [
WEAK] 
                                                            ; 25
  209 00000020                 EXPORT           EXTI_IRQHandler               [
WEAK] 
                                                            ; 26
  210 00000020                 EXPORT           ADC0_IRQHandler               [
WEAK] 
                                                            ; 27
  211 00000020                 EXPORT           ADC1_IRQHandler               [
WEAK] 
                                                            ; 28
  212 00000020                 EXPORT           ADC2_IRQHandler               [
WEAK] 
                                                            ; 29
  213 00000020                 EXPORT           CAN_IRQHandler                [
WEAK] 
                                                            ; 30
  214 00000020                 EXPORT           SPI0_IRQHandler               [
WEAK] 
                                                            ; 31
  215 00000020                 EXPORT           SPI1_IRQHandler               [
WEAK] 
                                                            ; 32
  216 00000020                 EXPORT           WWDG_IRQHandler               [
WEAK] 
                                                            ; 33
  217 00000020                 EXPORT           DMA_IRQHandler                [
WEAK] 
                                                            ; 34
  218 00000020                 EXPORT           WAKEUP_IRQHandler             [
WEAK] 
                                                            ; 35
  219 00000020                 EXPORT           PWRDN_IRQHandler              [
WEAK] 
                                                            ; 36
  220 00000020                 EXPORT           FMAC_IRQHandler               [
WEAK] 
                                                            ; 37
  221 00000020                 EXPORT           SW_IRQHandler                 [
WEAK] 
                                                            ; 38
  222 00000020         
  223 00000020         
  224 00000020         I2C0_IRQHandler                      ;  0
  225 00000020         I2C1_IRQHandler                      ;  1
  226 00000020         HALL0_IRQHandler                     ;  2
  227 00000020         HALL1_IRQHandler                     ;  3
  228 00000020         UART0_IRQHandler                     ;  4
  229 00000020         UART1_IRQHandler                     ;  5
  230 00000020         UART2_IRQHandler                     ;  6
  231 00000020         CMP0_IRQHandler                      ;  7
  232 00000020         CMP1_IRQHandler                      ;  8
  233 00000020         CMP2_IRQHandler                      ;  9
  234 00000020         CMP3_IRQHandler                      ; 10
  235 00000020         CMP4_IRQHandler                      ; 11
  236 00000020         CMP5_IRQHandler                      ; 12
  237 00000020         MCPWM00_IRQHandler                   ; 13



ARM Macro Assembler    Page 7 


  238 00000020         MCPWM01_IRQHandler                   ; 14
  239 00000020         MCPWM10_IRQHandler                   ; 15
  240 00000020         MCPWM11_IRQHandler                   ; 16
  241 00000020         TIMER0_IRQHandler                    ; 17
  242 00000020         TIMER1_IRQHandler                    ; 18
  243 00000020         TIMER2_IRQHandler                    ; 19
  244 00000020         TIMER3_IRQHandler                    ; 20
  245 00000020         TIMER4_IRQHandler                    ; 21
  246 00000020         QEP0_IRQHandler                      ; 22
  247 00000020         QEP1_IRQHandler                      ; 23
  248 00000020         QEP2_IRQHandler                      ; 24
  249 00000020         QEP3_IRQHandler                      ; 25
  250 00000020         EXTI_IRQHandler                      ; 26
  251 00000020         ADC0_IRQHandler                      ; 27
  252 00000020         ADC1_IRQHandler                      ; 28
  253 00000020         ADC2_IRQHandler                      ; 29
  254 00000020         CAN_IRQHandler                       ; 30
  255 00000020         SPI0_IRQHandler                      ; 31
  256 00000020         SPI1_IRQHandler                      ; 32
  257 00000020         WWDG_IRQHandler                      ; 33
  258 00000020         DMA_IRQHandler                       ; 34
  259 00000020         WAKEUP_IRQHandler                    ; 35
  260 00000020         PWRDN_IRQHandler                     ; 36
  261 00000020         FMAC_IRQHandler                      ; 37
  262 00000020         SW_IRQHandler                        ; 38
  263 00000020         
  264 00000020 E7FE            B                .
  265 00000022         
  266 00000022                 ENDP
  267 00000022         
  268 00000022 00 00           ALIGN
  269 00000024         
  270 00000024         ;*******************************************************
                       ************************
  271 00000024         ; User Stack and Heap initialization
  272 00000024         ;*******************************************************
                       ************************
  273 00000024                 IF               :DEF:__MICROLIB
  274 00000024         
  275 00000024                 EXPORT           __initial_sp
  276 00000024                 EXPORT           __heap_base
  277 00000024                 EXPORT           __heap_limit
  278 00000024         
  279 00000024                 ELSE
  294                          ENDIF
  295 00000024         
  296 00000024                 END
              00000000 
              00000000 
              00000000 
Command Line: --debug --xref --diag_suppress=9931 --cpu=Cortex-M4.fp.sp --apcs=
interwork --depend=.\objects\startup_lks32mc45x.d -o.\objects\startup_lks32mc45
x.o -I.\RTE\_Linko_45x_Project -IC:\Users\bpsemi\AppData\Local\Arm\Packs\ARM\CM
SIS\5.8.0\CMSIS\Core\Include -IC:\Users\bpsemi\AppData\Local\Arm\Packs\Linko\LK
S45x\1.1.6\Device\Include --predefine="__MICROLIB SETA 1" --predefine="__UVISIO
N_VERSION SETA 536" --predefine="_RTE_ SETA 1" --predefine="LKS32MC453RCT8 SETA
 1" --predefine="_RTE_ SETA 1" --list=.\listings\startup_lks32mc45x.lst 1_LKS_F
wLib\LKS32MC45x_Periph_Driver\Source\startup_lks32mc45x.s



ARM Macro Assembler    Page 1 Alphabetic symbol ordering
Relocatable symbols

STACK 00000000

Symbol: STACK
   Definitions
      At line 27 in file 1_LKS_FwLib\LKS32MC45x_Periph_Driver\Source\startup_lk
s32mc45x.s
   Uses
      None
Comment: STACK unused
Stack_Mem 00000000

Symbol: Stack_Mem
   Definitions
      At line 28 in file 1_LKS_FwLib\LKS32MC45x_Periph_Driver\Source\startup_lk
s32mc45x.s
   Uses
      None
Comment: Stack_Mem unused
__initial_sp 00000800

Symbol: __initial_sp
   Definitions
      At line 29 in file 1_LKS_FwLib\LKS32MC45x_Periph_Driver\Source\startup_lk
s32mc45x.s
   Uses
      At line 53 in file 1_LKS_FwLib\LKS32MC45x_Periph_Driver\Source\startup_lk
s32mc45x.s
      At line 126 in file 1_LKS_FwLib\LKS32MC45x_Periph_Driver\Source\startup_l
ks32mc45x.s
      At line 275 in file 1_LKS_FwLib\LKS32MC45x_Periph_Driver\Source\startup_l
ks32mc45x.s

3 symbols



ARM Macro Assembler    Page 1 Alphabetic symbol ordering
Relocatable symbols

HEAP 00000000

Symbol: HEAP
   Definitions
      At line 38 in file 1_LKS_FwLib\LKS32MC45x_Periph_Driver\Source\startup_lk
s32mc45x.s
   Uses
      None
Comment: HEAP unused
Heap_Mem 00000000

Symbol: Heap_Mem
   Definitions
      At line 40 in file 1_LKS_FwLib\LKS32MC45x_Periph_Driver\Source\startup_lk
s32mc45x.s
   Uses
      None
Comment: Heap_Mem unused
__heap_base 00000000

Symbol: __heap_base
   Definitions
      At line 39 in file 1_LKS_FwLib\LKS32MC45x_Periph_Driver\Source\startup_lk
s32mc45x.s
   Uses
      At line 276 in file 1_LKS_FwLib\LKS32MC45x_Periph_Driver\Source\startup_l
ks32mc45x.s
Comment: __heap_base used once
__heap_limit 00000800

Symbol: __heap_limit
   Definitions
      At line 41 in file 1_LKS_FwLib\LKS32MC45x_Periph_Driver\Source\startup_lk
s32mc45x.s
   Uses
      At line 277 in file 1_LKS_FwLib\LKS32MC45x_Periph_Driver\Source\startup_l
ks32mc45x.s
Comment: __heap_limit used once
4 symbols



ARM Macro Assembler    Page 1 Alphabetic symbol ordering
Relocatable symbols

RESET 00000000

Symbol: RESET
   Definitions
      At line 48 in file 1_LKS_FwLib\LKS32MC45x_Periph_Driver\Source\startup_lk
s32mc45x.s
   Uses
      None
Comment: RESET unused
__Vectors 00000000

Symbol: __Vectors
   Definitions
      At line 53 in file 1_LKS_FwLib\LKS32MC45x_Periph_Driver\Source\startup_lk
s32mc45x.s
   Uses
      At line 49 in file 1_LKS_FwLib\LKS32MC45x_Periph_Driver\Source\startup_lk
s32mc45x.s
      At line 114 in file 1_LKS_FwLib\LKS32MC45x_Periph_Driver\Source\startup_l
ks32mc45x.s

__Vectors_End 000000DC

Symbol: __Vectors_End
   Definitions
      At line 112 in file 1_LKS_FwLib\LKS32MC45x_Periph_Driver\Source\startup_l
ks32mc45x.s
   Uses
      At line 50 in file 1_LKS_FwLib\LKS32MC45x_Periph_Driver\Source\startup_lk
s32mc45x.s
      At line 114 in file 1_LKS_FwLib\LKS32MC45x_Periph_Driver\Source\startup_l
ks32mc45x.s

3 symbols



ARM Macro Assembler    Page 1 Alphabetic symbol ordering
Relocatable symbols

.text 00000000

Symbol: .text
   Definitions
      At line 116 in file 1_LKS_FwLib\LKS32MC45x_Periph_Driver\Source\startup_l
ks32mc45x.s
   Uses
      None
Comment: .text unused
ADC0_IRQHandler 00000020

Symbol: ADC0_IRQHandler
   Definitions
      At line 251 in file 1_LKS_FwLib\LKS32MC45x_Periph_Driver\Source\startup_l
ks32mc45x.s
   Uses
      At line 99 in file 1_LKS_FwLib\LKS32MC45x_Periph_Driver\Source\startup_lk
s32mc45x.s
      At line 210 in file 1_LKS_FwLib\LKS32MC45x_Periph_Driver\Source\startup_l
ks32mc45x.s

ADC1_IRQHandler 00000020

Symbol: ADC1_IRQHandler
   Definitions
      At line 252 in file 1_LKS_FwLib\LKS32MC45x_Periph_Driver\Source\startup_l
ks32mc45x.s
   Uses
      At line 100 in file 1_LKS_FwLib\LKS32MC45x_Periph_Driver\Source\startup_l
ks32mc45x.s
      At line 211 in file 1_LKS_FwLib\LKS32MC45x_Periph_Driver\Source\startup_l
ks32mc45x.s

ADC2_IRQHandler 00000020

Symbol: ADC2_IRQHandler
   Definitions
      At line 253 in file 1_LKS_FwLib\LKS32MC45x_Periph_Driver\Source\startup_l
ks32mc45x.s
   Uses
      At line 101 in file 1_LKS_FwLib\LKS32MC45x_Periph_Driver\Source\startup_l
ks32mc45x.s
      At line 212 in file 1_LKS_FwLib\LKS32MC45x_Periph_Driver\Source\startup_l
ks32mc45x.s

ApplicationStart 00000006

Symbol: ApplicationStart
   Definitions
      At line 130 in file 1_LKS_FwLib\LKS32MC45x_Periph_Driver\Source\startup_l
ks32mc45x.s
   Uses
      None
Comment: ApplicationStart unused
BusFault_Handler 00000014

Symbol: BusFault_Handler
   Definitions
      At line 154 in file 1_LKS_FwLib\LKS32MC45x_Periph_Driver\Source\startup_l



ARM Macro Assembler    Page 2 Alphabetic symbol ordering
Relocatable symbols

ks32mc45x.s
   Uses
      At line 58 in file 1_LKS_FwLib\LKS32MC45x_Periph_Driver\Source\startup_lk
s32mc45x.s
      At line 155 in file 1_LKS_FwLib\LKS32MC45x_Periph_Driver\Source\startup_l
ks32mc45x.s

CAN_IRQHandler 00000020

Symbol: CAN_IRQHandler
   Definitions
      At line 254 in file 1_LKS_FwLib\LKS32MC45x_Periph_Driver\Source\startup_l
ks32mc45x.s
   Uses
      At line 102 in file 1_LKS_FwLib\LKS32MC45x_Periph_Driver\Source\startup_l
ks32mc45x.s
      At line 213 in file 1_LKS_FwLib\LKS32MC45x_Periph_Driver\Source\startup_l
ks32mc45x.s

CMP0_IRQHandler 00000020

Symbol: CMP0_IRQHandler
   Definitions
      At line 231 in file 1_LKS_FwLib\LKS32MC45x_Periph_Driver\Source\startup_l
ks32mc45x.s
   Uses
      At line 79 in file 1_LKS_FwLib\LKS32MC45x_Periph_Driver\Source\startup_lk
s32mc45x.s
      At line 190 in file 1_LKS_FwLib\LKS32MC45x_Periph_Driver\Source\startup_l
ks32mc45x.s

CMP1_IRQHandler 00000020

Symbol: CMP1_IRQHandler
   Definitions
      At line 232 in file 1_LKS_FwLib\LKS32MC45x_Periph_Driver\Source\startup_l
ks32mc45x.s
   Uses
      At line 80 in file 1_LKS_FwLib\LKS32MC45x_Periph_Driver\Source\startup_lk
s32mc45x.s
      At line 191 in file 1_LKS_FwLib\LKS32MC45x_Periph_Driver\Source\startup_l
ks32mc45x.s

CMP2_IRQHandler 00000020

Symbol: CMP2_IRQHandler
   Definitions
      At line 233 in file 1_LKS_FwLib\LKS32MC45x_Periph_Driver\Source\startup_l
ks32mc45x.s
   Uses
      At line 81 in file 1_LKS_FwLib\LKS32MC45x_Periph_Driver\Source\startup_lk
s32mc45x.s
      At line 192 in file 1_LKS_FwLib\LKS32MC45x_Periph_Driver\Source\startup_l
ks32mc45x.s

CMP3_IRQHandler 00000020

Symbol: CMP3_IRQHandler
   Definitions



ARM Macro Assembler    Page 3 Alphabetic symbol ordering
Relocatable symbols

      At line 234 in file 1_LKS_FwLib\LKS32MC45x_Periph_Driver\Source\startup_l
ks32mc45x.s
   Uses
      At line 82 in file 1_LKS_FwLib\LKS32MC45x_Periph_Driver\Source\startup_lk
s32mc45x.s
      At line 193 in file 1_LKS_FwLib\LKS32MC45x_Periph_Driver\Source\startup_l
ks32mc45x.s

CMP4_IRQHandler 00000020

Symbol: CMP4_IRQHandler
   Definitions
      At line 235 in file 1_LKS_FwLib\LKS32MC45x_Periph_Driver\Source\startup_l
ks32mc45x.s
   Uses
      At line 83 in file 1_LKS_FwLib\LKS32MC45x_Periph_Driver\Source\startup_lk
s32mc45x.s
      At line 194 in file 1_LKS_FwLib\LKS32MC45x_Periph_Driver\Source\startup_l
ks32mc45x.s

CMP5_IRQHandler 00000020

Symbol: CMP5_IRQHandler
   Definitions
      At line 236 in file 1_LKS_FwLib\LKS32MC45x_Periph_Driver\Source\startup_l
ks32mc45x.s
   Uses
      At line 84 in file 1_LKS_FwLib\LKS32MC45x_Periph_Driver\Source\startup_lk
s32mc45x.s
      At line 195 in file 1_LKS_FwLib\LKS32MC45x_Periph_Driver\Source\startup_l
ks32mc45x.s

DMA_IRQHandler 00000020

Symbol: DMA_IRQHandler
   Definitions
      At line 258 in file 1_LKS_FwLib\LKS32MC45x_Periph_Driver\Source\startup_l
ks32mc45x.s
   Uses
      At line 106 in file 1_LKS_FwLib\LKS32MC45x_Periph_Driver\Source\startup_l
ks32mc45x.s
      At line 217 in file 1_LKS_FwLib\LKS32MC45x_Periph_Driver\Source\startup_l
ks32mc45x.s

DebugMon_Handler 0000001A

Symbol: DebugMon_Handler
   Definitions
      At line 168 in file 1_LKS_FwLib\LKS32MC45x_Periph_Driver\Source\startup_l
ks32mc45x.s
   Uses
      At line 65 in file 1_LKS_FwLib\LKS32MC45x_Periph_Driver\Source\startup_lk
s32mc45x.s
      At line 169 in file 1_LKS_FwLib\LKS32MC45x_Periph_Driver\Source\startup_l
ks32mc45x.s

Default_Handler 00000020

Symbol: Default_Handler



ARM Macro Assembler    Page 4 Alphabetic symbol ordering
Relocatable symbols

   Definitions
      At line 181 in file 1_LKS_FwLib\LKS32MC45x_Periph_Driver\Source\startup_l
ks32mc45x.s
   Uses
      None
Comment: Default_Handler unused
EXTI_IRQHandler 00000020

Symbol: EXTI_IRQHandler
   Definitions
      At line 250 in file 1_LKS_FwLib\LKS32MC45x_Periph_Driver\Source\startup_l
ks32mc45x.s
   Uses
      At line 98 in file 1_LKS_FwLib\LKS32MC45x_Periph_Driver\Source\startup_lk
s32mc45x.s
      At line 209 in file 1_LKS_FwLib\LKS32MC45x_Periph_Driver\Source\startup_l
ks32mc45x.s

FMAC_IRQHandler 00000020

Symbol: FMAC_IRQHandler
   Definitions
      At line 261 in file 1_LKS_FwLib\LKS32MC45x_Periph_Driver\Source\startup_l
ks32mc45x.s
   Uses
      At line 109 in file 1_LKS_FwLib\LKS32MC45x_Periph_Driver\Source\startup_l
ks32mc45x.s
      At line 220 in file 1_LKS_FwLib\LKS32MC45x_Periph_Driver\Source\startup_l
ks32mc45x.s

HALL0_IRQHandler 00000020

Symbol: HALL0_IRQHandler
   Definitions
      At line 226 in file 1_LKS_FwLib\LKS32MC45x_Periph_Driver\Source\startup_l
ks32mc45x.s
   Uses
      At line 74 in file 1_LKS_FwLib\LKS32MC45x_Periph_Driver\Source\startup_lk
s32mc45x.s
      At line 185 in file 1_LKS_FwLib\LKS32MC45x_Periph_Driver\Source\startup_l
ks32mc45x.s

HALL1_IRQHandler 00000020

Symbol: HALL1_IRQHandler
   Definitions
      At line 227 in file 1_LKS_FwLib\LKS32MC45x_Periph_Driver\Source\startup_l
ks32mc45x.s
   Uses
      At line 75 in file 1_LKS_FwLib\LKS32MC45x_Periph_Driver\Source\startup_lk
s32mc45x.s
      At line 186 in file 1_LKS_FwLib\LKS32MC45x_Periph_Driver\Source\startup_l
ks32mc45x.s

HardFault_Handler 00000010

Symbol: HardFault_Handler
   Definitions
      At line 144 in file 1_LKS_FwLib\LKS32MC45x_Periph_Driver\Source\startup_l



ARM Macro Assembler    Page 5 Alphabetic symbol ordering
Relocatable symbols

ks32mc45x.s
   Uses
      At line 56 in file 1_LKS_FwLib\LKS32MC45x_Periph_Driver\Source\startup_lk
s32mc45x.s
      At line 145 in file 1_LKS_FwLib\LKS32MC45x_Periph_Driver\Source\startup_l
ks32mc45x.s

I2C0_IRQHandler 00000020

Symbol: I2C0_IRQHandler
   Definitions
      At line 224 in file 1_LKS_FwLib\LKS32MC45x_Periph_Driver\Source\startup_l
ks32mc45x.s
   Uses
      At line 72 in file 1_LKS_FwLib\LKS32MC45x_Periph_Driver\Source\startup_lk
s32mc45x.s
      At line 183 in file 1_LKS_FwLib\LKS32MC45x_Periph_Driver\Source\startup_l
ks32mc45x.s

I2C1_IRQHandler 00000020

Symbol: I2C1_IRQHandler
   Definitions
      At line 225 in file 1_LKS_FwLib\LKS32MC45x_Periph_Driver\Source\startup_l
ks32mc45x.s
   Uses
      At line 73 in file 1_LKS_FwLib\LKS32MC45x_Periph_Driver\Source\startup_lk
s32mc45x.s
      At line 184 in file 1_LKS_FwLib\LKS32MC45x_Periph_Driver\Source\startup_l
ks32mc45x.s

MCPWM00_IRQHandler 00000020

Symbol: MCPWM00_IRQHandler
   Definitions
      At line 237 in file 1_LKS_FwLib\LKS32MC45x_Periph_Driver\Source\startup_l
ks32mc45x.s
   Uses
      At line 85 in file 1_LKS_FwLib\LKS32MC45x_Periph_Driver\Source\startup_lk
s32mc45x.s
      At line 196 in file 1_LKS_FwLib\LKS32MC45x_Periph_Driver\Source\startup_l
ks32mc45x.s

MCPWM01_IRQHandler 00000020

Symbol: MCPWM01_IRQHandler
   Definitions
      At line 238 in file 1_LKS_FwLib\LKS32MC45x_Periph_Driver\Source\startup_l
ks32mc45x.s
   Uses
      At line 86 in file 1_LKS_FwLib\LKS32MC45x_Periph_Driver\Source\startup_lk
s32mc45x.s
      At line 197 in file 1_LKS_FwLib\LKS32MC45x_Periph_Driver\Source\startup_l
ks32mc45x.s

MCPWM10_IRQHandler 00000020

Symbol: MCPWM10_IRQHandler
   Definitions



ARM Macro Assembler    Page 6 Alphabetic symbol ordering
Relocatable symbols

      At line 239 in file 1_LKS_FwLib\LKS32MC45x_Periph_Driver\Source\startup_l
ks32mc45x.s
   Uses
      At line 87 in file 1_LKS_FwLib\LKS32MC45x_Periph_Driver\Source\startup_lk
s32mc45x.s
      At line 198 in file 1_LKS_FwLib\LKS32MC45x_Periph_Driver\Source\startup_l
ks32mc45x.s

MCPWM11_IRQHandler 00000020

Symbol: MCPWM11_IRQHandler
   Definitions
      At line 240 in file 1_LKS_FwLib\LKS32MC45x_Periph_Driver\Source\startup_l
ks32mc45x.s
   Uses
      At line 88 in file 1_LKS_FwLib\LKS32MC45x_Periph_Driver\Source\startup_lk
s32mc45x.s
      At line 199 in file 1_LKS_FwLib\LKS32MC45x_Periph_Driver\Source\startup_l
ks32mc45x.s

MemManageFault_Handler 00000012

Symbol: MemManageFault_Handler
   Definitions
      At line 149 in file 1_LKS_FwLib\LKS32MC45x_Periph_Driver\Source\startup_l
ks32mc45x.s
   Uses
      At line 57 in file 1_LKS_FwLib\LKS32MC45x_Periph_Driver\Source\startup_lk
s32mc45x.s
      At line 150 in file 1_LKS_FwLib\LKS32MC45x_Periph_Driver\Source\startup_l
ks32mc45x.s

NMI_Handler 0000000E

Symbol: NMI_Handler
   Definitions
      At line 139 in file 1_LKS_FwLib\LKS32MC45x_Periph_Driver\Source\startup_l
ks32mc45x.s
   Uses
      At line 55 in file 1_LKS_FwLib\LKS32MC45x_Periph_Driver\Source\startup_lk
s32mc45x.s
      At line 140 in file 1_LKS_FwLib\LKS32MC45x_Periph_Driver\Source\startup_l
ks32mc45x.s

PWRDN_IRQHandler 00000020

Symbol: PWRDN_IRQHandler
   Definitions
      At line 260 in file 1_LKS_FwLib\LKS32MC45x_Periph_Driver\Source\startup_l
ks32mc45x.s
   Uses
      At line 108 in file 1_LKS_FwLib\LKS32MC45x_Periph_Driver\Source\startup_l
ks32mc45x.s
      At line 219 in file 1_LKS_FwLib\LKS32MC45x_Periph_Driver\Source\startup_l
ks32mc45x.s

PendSV_Handler 0000001C

Symbol: PendSV_Handler



ARM Macro Assembler    Page 7 Alphabetic symbol ordering
Relocatable symbols

   Definitions
      At line 172 in file 1_LKS_FwLib\LKS32MC45x_Periph_Driver\Source\startup_l
ks32mc45x.s
   Uses
      At line 67 in file 1_LKS_FwLib\LKS32MC45x_Periph_Driver\Source\startup_lk
s32mc45x.s
      At line 173 in file 1_LKS_FwLib\LKS32MC45x_Periph_Driver\Source\startup_l
ks32mc45x.s

QEP0_IRQHandler 00000020

Symbol: QEP0_IRQHandler
   Definitions
      At line 246 in file 1_LKS_FwLib\LKS32MC45x_Periph_Driver\Source\startup_l
ks32mc45x.s
   Uses
      At line 94 in file 1_LKS_FwLib\LKS32MC45x_Periph_Driver\Source\startup_lk
s32mc45x.s
      At line 205 in file 1_LKS_FwLib\LKS32MC45x_Periph_Driver\Source\startup_l
ks32mc45x.s

QEP1_IRQHandler 00000020

Symbol: QEP1_IRQHandler
   Definitions
      At line 247 in file 1_LKS_FwLib\LKS32MC45x_Periph_Driver\Source\startup_l
ks32mc45x.s
   Uses
      At line 95 in file 1_LKS_FwLib\LKS32MC45x_Periph_Driver\Source\startup_lk
s32mc45x.s
      At line 206 in file 1_LKS_FwLib\LKS32MC45x_Periph_Driver\Source\startup_l
ks32mc45x.s

QEP2_IRQHandler 00000020

Symbol: QEP2_IRQHandler
   Definitions
      At line 248 in file 1_LKS_FwLib\LKS32MC45x_Periph_Driver\Source\startup_l
ks32mc45x.s
   Uses
      At line 96 in file 1_LKS_FwLib\LKS32MC45x_Periph_Driver\Source\startup_lk
s32mc45x.s
      At line 207 in file 1_LKS_FwLib\LKS32MC45x_Periph_Driver\Source\startup_l
ks32mc45x.s

QEP3_IRQHandler 00000020

Symbol: QEP3_IRQHandler
   Definitions
      At line 249 in file 1_LKS_FwLib\LKS32MC45x_Periph_Driver\Source\startup_l
ks32mc45x.s
   Uses
      At line 97 in file 1_LKS_FwLib\LKS32MC45x_Periph_Driver\Source\startup_lk
s32mc45x.s
      At line 208 in file 1_LKS_FwLib\LKS32MC45x_Periph_Driver\Source\startup_l
ks32mc45x.s

Reset_Handler 00000000




ARM Macro Assembler    Page 8 Alphabetic symbol ordering
Relocatable symbols

Symbol: Reset_Handler
   Definitions
      At line 119 in file 1_LKS_FwLib\LKS32MC45x_Periph_Driver\Source\startup_l
ks32mc45x.s
   Uses
      At line 54 in file 1_LKS_FwLib\LKS32MC45x_Periph_Driver\Source\startup_lk
s32mc45x.s
      At line 120 in file 1_LKS_FwLib\LKS32MC45x_Periph_Driver\Source\startup_l
ks32mc45x.s

SPI0_IRQHandler 00000020

Symbol: SPI0_IRQHandler
   Definitions
      At line 255 in file 1_LKS_FwLib\LKS32MC45x_Periph_Driver\Source\startup_l
ks32mc45x.s
   Uses
      At line 103 in file 1_LKS_FwLib\LKS32MC45x_Periph_Driver\Source\startup_l
ks32mc45x.s
      At line 214 in file 1_LKS_FwLib\LKS32MC45x_Periph_Driver\Source\startup_l
ks32mc45x.s

SPI1_IRQHandler 00000020

Symbol: SPI1_IRQHandler
   Definitions
      At line 256 in file 1_LKS_FwLib\LKS32MC45x_Periph_Driver\Source\startup_l
ks32mc45x.s
   Uses
      At line 104 in file 1_LKS_FwLib\LKS32MC45x_Periph_Driver\Source\startup_l
ks32mc45x.s
      At line 215 in file 1_LKS_FwLib\LKS32MC45x_Periph_Driver\Source\startup_l
ks32mc45x.s

SVC_Handler 00000018

Symbol: SVC_Handler
   Definitions
      At line 163 in file 1_LKS_FwLib\LKS32MC45x_Periph_Driver\Source\startup_l
ks32mc45x.s
   Uses
      At line 64 in file 1_LKS_FwLib\LKS32MC45x_Periph_Driver\Source\startup_lk
s32mc45x.s
      At line 164 in file 1_LKS_FwLib\LKS32MC45x_Periph_Driver\Source\startup_l
ks32mc45x.s

SW_IRQHandler 00000020

Symbol: SW_IRQHandler
   Definitions
      At line 262 in file 1_LKS_FwLib\LKS32MC45x_Periph_Driver\Source\startup_l
ks32mc45x.s
   Uses
      At line 110 in file 1_LKS_FwLib\LKS32MC45x_Periph_Driver\Source\startup_l
ks32mc45x.s
      At line 221 in file 1_LKS_FwLib\LKS32MC45x_Periph_Driver\Source\startup_l
ks32mc45x.s

SysTick_Handler 0000001E



ARM Macro Assembler    Page 9 Alphabetic symbol ordering
Relocatable symbols


Symbol: SysTick_Handler
   Definitions
      At line 176 in file 1_LKS_FwLib\LKS32MC45x_Periph_Driver\Source\startup_l
ks32mc45x.s
   Uses
      At line 68 in file 1_LKS_FwLib\LKS32MC45x_Periph_Driver\Source\startup_lk
s32mc45x.s
      At line 177 in file 1_LKS_FwLib\LKS32MC45x_Periph_Driver\Source\startup_l
ks32mc45x.s

TIMER0_IRQHandler 00000020

Symbol: TIMER0_IRQHandler
   Definitions
      At line 241 in file 1_LKS_FwLib\LKS32MC45x_Periph_Driver\Source\startup_l
ks32mc45x.s
   Uses
      At line 89 in file 1_LKS_FwLib\LKS32MC45x_Periph_Driver\Source\startup_lk
s32mc45x.s
      At line 200 in file 1_LKS_FwLib\LKS32MC45x_Periph_Driver\Source\startup_l
ks32mc45x.s

TIMER1_IRQHandler 00000020

Symbol: TIMER1_IRQHandler
   Definitions
      At line 242 in file 1_LKS_FwLib\LKS32MC45x_Periph_Driver\Source\startup_l
ks32mc45x.s
   Uses
      At line 90 in file 1_LKS_FwLib\LKS32MC45x_Periph_Driver\Source\startup_lk
s32mc45x.s
      At line 201 in file 1_LKS_FwLib\LKS32MC45x_Periph_Driver\Source\startup_l
ks32mc45x.s

TIMER2_IRQHandler 00000020

Symbol: TIMER2_IRQHandler
   Definitions
      At line 243 in file 1_LKS_FwLib\LKS32MC45x_Periph_Driver\Source\startup_l
ks32mc45x.s
   Uses
      At line 91 in file 1_LKS_FwLib\LKS32MC45x_Periph_Driver\Source\startup_lk
s32mc45x.s
      At line 202 in file 1_LKS_FwLib\LKS32MC45x_Periph_Driver\Source\startup_l
ks32mc45x.s

TIMER3_IRQHandler 00000020

Symbol: TIMER3_IRQHandler
   Definitions
      At line 244 in file 1_LKS_FwLib\LKS32MC45x_Periph_Driver\Source\startup_l
ks32mc45x.s
   Uses
      At line 92 in file 1_LKS_FwLib\LKS32MC45x_Periph_Driver\Source\startup_lk
s32mc45x.s
      At line 203 in file 1_LKS_FwLib\LKS32MC45x_Periph_Driver\Source\startup_l
ks32mc45x.s




ARM Macro Assembler    Page 10 Alphabetic symbol ordering
Relocatable symbols

TIMER4_IRQHandler 00000020

Symbol: TIMER4_IRQHandler
   Definitions
      At line 245 in file 1_LKS_FwLib\LKS32MC45x_Periph_Driver\Source\startup_l
ks32mc45x.s
   Uses
      At line 93 in file 1_LKS_FwLib\LKS32MC45x_Periph_Driver\Source\startup_lk
s32mc45x.s
      At line 204 in file 1_LKS_FwLib\LKS32MC45x_Periph_Driver\Source\startup_l
ks32mc45x.s

UART0_IRQHandler 00000020

Symbol: UART0_IRQHandler
   Definitions
      At line 228 in file 1_LKS_FwLib\LKS32MC45x_Periph_Driver\Source\startup_l
ks32mc45x.s
   Uses
      At line 76 in file 1_LKS_FwLib\LKS32MC45x_Periph_Driver\Source\startup_lk
s32mc45x.s
      At line 187 in file 1_LKS_FwLib\LKS32MC45x_Periph_Driver\Source\startup_l
ks32mc45x.s

UART1_IRQHandler 00000020

Symbol: UART1_IRQHandler
   Definitions
      At line 229 in file 1_LKS_FwLib\LKS32MC45x_Periph_Driver\Source\startup_l
ks32mc45x.s
   Uses
      At line 77 in file 1_LKS_FwLib\LKS32MC45x_Periph_Driver\Source\startup_lk
s32mc45x.s
      At line 188 in file 1_LKS_FwLib\LKS32MC45x_Periph_Driver\Source\startup_l
ks32mc45x.s

UART2_IRQHandler 00000020

Symbol: UART2_IRQHandler
   Definitions
      At line 230 in file 1_LKS_FwLib\LKS32MC45x_Periph_Driver\Source\startup_l
ks32mc45x.s
   Uses
      At line 78 in file 1_LKS_FwLib\LKS32MC45x_Periph_Driver\Source\startup_lk
s32mc45x.s
      At line 189 in file 1_LKS_FwLib\LKS32MC45x_Periph_Driver\Source\startup_l
ks32mc45x.s

UsageFault_Handler 00000016

Symbol: UsageFault_Handler
   Definitions
      At line 159 in file 1_LKS_FwLib\LKS32MC45x_Periph_Driver\Source\startup_l
ks32mc45x.s
   Uses
      At line 59 in file 1_LKS_FwLib\LKS32MC45x_Periph_Driver\Source\startup_lk
s32mc45x.s
      At line 160 in file 1_LKS_FwLib\LKS32MC45x_Periph_Driver\Source\startup_l
ks32mc45x.s



ARM Macro Assembler    Page 11 Alphabetic symbol ordering
Relocatable symbols


WAKEUP_IRQHandler 00000020

Symbol: WAKEUP_IRQHandler
   Definitions
      At line 259 in file 1_LKS_FwLib\LKS32MC45x_Periph_Driver\Source\startup_l
ks32mc45x.s
   Uses
      At line 107 in file 1_LKS_FwLib\LKS32MC45x_Periph_Driver\Source\startup_l
ks32mc45x.s
      At line 218 in file 1_LKS_FwLib\LKS32MC45x_Periph_Driver\Source\startup_l
ks32mc45x.s

WWDG_IRQHandler 00000020

Symbol: WWDG_IRQHandler
   Definitions
      At line 257 in file 1_LKS_FwLib\LKS32MC45x_Periph_Driver\Source\startup_l
ks32mc45x.s
   Uses
      At line 105 in file 1_LKS_FwLib\LKS32MC45x_Periph_Driver\Source\startup_l
ks32mc45x.s
      At line 216 in file 1_LKS_FwLib\LKS32MC45x_Periph_Driver\Source\startup_l
ks32mc45x.s

52 symbols



ARM Macro Assembler    Page 1 Alphabetic symbol ordering
Absolute symbols

Heap_Size 00000800

Symbol: Heap_Size
   Definitions
      At line 36 in file 1_LKS_FwLib\LKS32MC45x_Periph_Driver\Source\startup_lk
s32mc45x.s
   Uses
      At line 40 in file 1_LKS_FwLib\LKS32MC45x_Periph_Driver\Source\startup_lk
s32mc45x.s
Comment: Heap_Size used once
Stack_Size 00000800

Symbol: Stack_Size
   Definitions
      At line 25 in file 1_LKS_FwLib\LKS32MC45x_Periph_Driver\Source\startup_lk
s32mc45x.s
   Uses
      At line 28 in file 1_LKS_FwLib\LKS32MC45x_Periph_Driver\Source\startup_lk
s32mc45x.s
Comment: Stack_Size used once
__Vectors_Size 000000DC

Symbol: __Vectors_Size
   Definitions
      At line 114 in file 1_LKS_FwLib\LKS32MC45x_Periph_Driver\Source\startup_l
ks32mc45x.s
   Uses
      At line 51 in file 1_LKS_FwLib\LKS32MC45x_Periph_Driver\Source\startup_lk
s32mc45x.s
Comment: __Vectors_Size used once
3 symbols



ARM Macro Assembler    Page 1 Alphabetic symbol ordering
External symbols

SystemInit 00000000

Symbol: SystemInit
   Definitions
      At line 122 in file 1_LKS_FwLib\LKS32MC45x_Periph_Driver\Source\startup_l
ks32mc45x.s
   Uses
      At line 131 in file 1_LKS_FwLib\LKS32MC45x_Periph_Driver\Source\startup_l
ks32mc45x.s
Comment: SystemInit used once
__main 00000000

Symbol: __main
   Definitions
      At line 121 in file 1_LKS_FwLib\LKS32MC45x_Periph_Driver\Source\startup_l
ks32mc45x.s
   Uses
      At line 133 in file 1_LKS_FwLib\LKS32MC45x_Periph_Driver\Source\startup_l
ks32mc45x.s
Comment: __main used once
2 symbols
404 symbols in table
