<html>
<body>
<pre>
<h1>µVision Build Log</h1>
<h2>Tool Versions:</h2>
IDE-Version: ¦ÌVision V5.36.0.0
Copyright (C) 2021 ARM Ltd and ARM Germany GmbH. All rights reserved.
License Information: 123 123, 1231, LIC=WHYH9-4J95L-12VLE-5Z9NN-KRD7W-AZX2M
 
Tool Versions:
Toolchain:       MDK-ARM Plus  Version: 5.36.0.0
Toolchain Path:  C:\Keil_v5\ARM\ARMCC\Bin
C Compiler:      Armcc.exe V5.06 update 7 (build 960)
Assembler:       Armasm.exe V5.06 update 7 (build 960)
Linker/Locator:  ArmLink.exe V5.06 update 7 (build 960)
Library Manager: ArmAr.exe V5.06 update 7 (build 960)
Hex Converter:   FromElf.exe V5.06 update 7 (build 960)
CPU DLL:         SARMCM3.DLL V5.36.0.0
Dialog DLL:      DARMCM1.DLL V1.19.4.0
Target DLL:      Segger\JL2CM3.dll V2.99.40.0
Dialog DLL:      TARMCM1.DLL V1.14.4.0
 
<h2>Project:</h2>
D:\Lith\program\07_Plantform\Git version\version\V02_1_1_prepUpdate\V02_1_0a_release_singleMotor_ClassB_0213\1¡¢LKS32MC03x_1Motor1R_code_Clib_R_V02_1_0a_AC5\LKS03x_1Motor.uvprojx
Project File Date:  11/11/2024

<h2>Output:</h2>
*** Using Compiler 'V5.06 update 7 (build 960)', folder: 'C:\Keil_v5\ARM\ARMCC\Bin'
Build target 'Linko_03x_Project'
compiling main.c...
compiling HAL_DEF.c...
compiling ComFuncs.c...
compiling MC_math.c...
compiling interrupt.c...
compiling System_Init.c...
compiling hardware_init.c...
compiling PubData_HD_MD.c...
compiling PubData_DriverInstance.c...
compiling PubData_MD_MA.c...
compiling MA_interface.c...
compiling FOC_Drive.c...
compiling MA_Static_Variable.c...
compiling FocDef.c...
4_MotorDriveLayer\FocDef.c(69): warning:  #177-D: function "InitTmr"  was declared but never referenced
  static void InitTmr(PSTR_MotorFoc tS_pFocObj);
compiling PowerCalculation.c...
compiling Process_Control.c...
compiling Task_Scheduler.c...
compiling UA_interface.c...
compiling state_machine.c...
compiling Main_Drive.c...
5_MotorAppLayer\Main_Drive.c(255): warning:  #177-D: function "SetPWMBrakeDuty"  was declared but never referenced
  static void SetPWMBrakeDuty(STR_MACtrProc *pObj, s16 duty)
compiling fault_detection.c...
5_MotorAppLayer\usr\fault_detection.c(448): warning:  #177-D: function "FaultTempCheck"  was declared but never referenced
  static void FaultTempCheck(STR_MACtrProc *pObj)
compiling UA_stateMachine.c...
compiling UA_usrApp.c...
linking...
Program Size: Code=23824 RO-data=1840 RW-data=68 ZI-data=4028  
FromELF: creating hex file...
".\Objects\lks03x_Project.axf" - 0 Error(s), 3 Warning(s).

<h2>Software Packages used:</h2>

Package Vendor: ARM
                http://www.keil.com/pack/ARM.CMSIS.5.8.0.pack
                ARM.CMSIS.5.8.0
                CMSIS (Common Microcontroller Software Interface Standard)
   * Component: CORE Version: 5.5.0

Package Vendor: Linko
                
                Linko.LKS03x.1.0.7
                LKS03 Device Family Pack

<h2>Collection of Component include folders:</h2>
  .\RTE\_Linko_03x_Project
  C:\Users\bpsemi\AppData\Local\Arm\Packs\ARM\CMSIS\5.8.0\CMSIS\Core\Include
  C:\Users\bpsemi\AppData\Local\Arm\Packs\Linko\LKS03x\1.0.7\Device\Include

<h2>Collection of Component Files used:</h2>

   * Component: ARM::CMSIS:CORE:5.5.0
Build Time Elapsed:  00:00:04
</pre>
</body>
</html>
