<html>
<body>
<pre>
<h1>µVision Build Log</h1>
<h2>Tool Versions:</h2>
IDE-Version: ¦ÌVision V5.38.0.0
Copyright (C) 2022 ARM Ltd and ARM Germany GmbH. All rights reserved.
License Information: 1 1, 1, LIC=32B1Q-NUNX4-8T23P-M8DEM-1XVRE-0EUHS
 
Tool Versions:
Toolchain:       MDK-ARM Plus  Version: 5.31.0.0
Toolchain Path:  C:\Keil_v5\ARM\ARMCC\Bin
C Compiler:      Armcc.exe V5.06 update 6 (build 750)
Assembler:       Armasm.exe V5.06 update 6 (build 750)
Linker/Locator:  ArmLink.exe V5.06 update 6 (build 750)
Library Manager: ArmAr.exe V5.06 update 6 (build 750)
Hex Converter:   FromElf.exe V5.06 update 6 (build 750)
CPU DLL:         SARMCM3.DLL V5.31.0.0
Dialog DLL:      DARMCM1.DLL V1.19.3.0
Target DLL:      Segger\JL2CM3.dll V2.99.38.0
Dialog DLL:      TARMCM1.DLL V1.14.2.0
 
<h2>Project:</h2>
C:\Users\Administrator\Desktop\TangClass\Day01\LKS074D_BLDC_T1.42-0114\LK_StdPeriph.uvprojx
Project File Date:  06/20/2025

<h2>Output:</h2>
*** Using Compiler 'V5.06 update 6 (build 750)', folder: 'C:\Keil_v5\ARM\ARMCC\Bin'
Build target 'Linko 07x Project'
compiling BLDC_Communication.c...
compiling state_machine.c...
compiling BLDC_CMP_ModeControl.c...
compiling PID.c...
compiling main.c...
compiling hardware_init.c...
compiling interrupt.c...
compiling System_Init.c...
compiling BLDC_control.c...
compiling Protect.c...
linking...
Program Size: Code=22892 RO-data=896 RW-data=136 ZI-data=5320  
FromELF: creating hex file...
".\Objects\LK_StdPeriph.axf" - 0 Error(s), 0 Warning(s).

<h2>Software Packages used:</h2>

Package Vendor: ARM
                http://www.keil.com/pack/ARM.CMSIS.5.7.0.pack
                ARM.CMSIS.5.7.0
                CMSIS (Cortex Microcontroller Software Interface Standard)
   * Component: CORE Version: 5.4.0

Package Vendor: Linko
                https://www.lksmcu.com/index.php/LKS07Series/Linko.LKS07x.1.1.7.pack
                Linko.LKS07x.1.1.7
                LKS07 Device Family Pack

<h2>Collection of Component include folders:</h2>
  ./RTE/_Linko_07x_Project
  C:/Keil_v5/Arm/Packs/ARM/CMSIS/5.7.0/CMSIS/Core/Include
  C:/Keil_v5/Arm/Packs/Linko/LKS07x/1.1.7/Device/Include

<h2>Collection of Component Files used:</h2>

   * Component: ARM::CMSIS:CORE:5.4.0
Build Time Elapsed:  00:00:01
</pre>
</body>
</html>
