<html>
<body>
<pre>
<h1>礦ision Build Log</h1>
<h2>Tool Versions:</h2>
IDE-Version: μVision V5.38.0.0
Copyright (C) 2022 ARM Ltd and ARM Germany GmbH. All rights reserved.
License Information: 1 1, 1, LIC=AK1BF-64JB0-JPZZQ-N9EBJ-W7ZGV-0SR1L
 
Tool Versions:
Toolchain:       MDK-ARM Professional  Version: 5.31.0.0
Toolchain Path:  C:\Keil_v5\ARM\ARMCC\Bin
C Compiler:      Armcc.exe V5.06 update 7 (build 960)
Assembler:       Armasm.exe V5.06 update 7 (build 960)
Linker/Locator:  ArmLink.exe V5.06 update 7 (build 960)
Library Manager: ArmAr.exe V5.06 update 7 (build 960)
Hex Converter:   FromElf.exe V5.06 update 7 (build 960)
CPU DLL:         SARMCM3.DLL V5.31.0.0
Dialog DLL:      DARMCM1.DLL V1.19.3.0
Target DLL:      Segger\JL2CM3.dll V2.99.38.0
Dialog DLL:      TARMCM1.DLL V1.14.2.0
 
<h2>Project:</h2>
C:\Users\Administrator\Desktop\MyGitStudy\081StudyCode\算法新平台使用手册\LKS32MC081C8T8_FOC_Sensorless_v1.0\3-Software\LKSMC32081C8T8_FOC_Sensorless_Code_V0.0\LKS08x_1Motor.uvprojx
Project File Date:  07/16/2025

<h2>Output:</h2>
*** Using Compiler 'V5.06 update 7 (build 960)', folder: 'C:\Keil_v5\ARM\ARMCC\Bin'
Rebuild target 'Linko_08x_Project'
compiling lks32mc08x_exti.c...
compiling lks32mc08x_hall.c...
compiling lks32mc08x_dsp.c...
compiling lks32mc08x_adc.c...
compiling lks32mc08x_gpio.c...
compiling lks32mc08x_dac.c...
compiling lks32mc08x_cmp.c...
compiling lks32mc08x_DMA.c...
compiling lks32mc08x_iwdg.c...
compiling lks32MC08x_Flash.c...
compiling lks32mc08x_i2c.c...
compiling lks32mc08x_can.c...
assembling startup_lks32mc08x.s...
compiling lks32mc08x_opa.c...
compiling lks32mc08x_MCPWM.c...
compiling lks32mc08x_spi.c...
compiling lks32mc08x_sys.c...
compiling lks32mc08x_tmp.c...
compiling lks32mc08x_tim.c...
compiling lks32mc08x_uart.c...
compiling main.c...
compiling PubData_MA_UA.c...
compiling interrupt.c...
compiling hardware_init.c...
compiling System_Init.c...
compiling HAL_DEF.c...
compiling PubData_HD_MD.c...
compiling ComFuncs.c...
compiling PubData_DriverInstance.c...
compiling PID_regulators.c...
compiling MC_math.c...
compiling PubData_MD_MA.c...
compiling FOC_Drive.c...
compiling PowerCalculation.c...
compiling Process_Control.c...
compiling FocDef.c...
compiling state_machine.c...
compiling MA_Static_Variable.c...
compiling MA_interface.c...
compiling Task_Scheduler.c...
compiling UA_interface.c...
compiling fault_detection.c...
compiling UA_stateMachine.c...
compiling Main_Drive.c...
compiling SEGGER_RTT_printf.c...
compiling UA_usrApp.c...
compiling SEGGER_RTT.c...
linking...
Program Size: Code=20004 RO-data=1340 RW-data=52 ZI-data=5628  
FromELF: creating hex file...
".\Objects\lks08x_Project.axf" - 0 Error(s), 0 Warning(s).

<h2>Software Packages used:</h2>

Package Vendor: ARM
                http://www.keil.com/pack/ARM.CMSIS.5.7.0.pack
                ARM.CMSIS.5.7.0
                CMSIS (Cortex Microcontroller Software Interface Standard)
   * Component: CORE Version: 5.4.0

Package Vendor: Linko
                https://www.lksmcu.com/index.php/LKS08Series/Linko.LKS08x.1.1.7.pack
                Linko.LKS08x.1.1.7
                LKS08 Device Family Pack

<h2>Collection of Component include folders:</h2>
  ./RTE/_Linko_08x_Project
  C:/Keil_v5/Arm/Packs/ARM/CMSIS/5.7.0/CMSIS/Core/Include
  C:/Keil_v5/Arm/Packs/Linko/LKS08x/1.1.7/Device/Include

<h2>Collection of Component Files used:</h2>

   * Component: ARM::CMSIS:CORE:5.4.0
Build Time Elapsed:  00:00:01
</pre>
</body>
</html>
