Component: ARM Compiler 5.06 update 6 (build 750) Tool: armlink [4d35ed]

==============================================================================

Section Cross References

    main.o(i.main) refers to hardware_init.o(i.Hardware_init) for Hardware_init
    main.o(i.main) refers to lks32mc07x_gpio.o(i.GPIO_SetBits) for GPIO_SetBits
    main.o(i.main) refers to hardware_init.o(i.SoftDelay) for SoftDelay
    main.o(i.main) refers to lks32mc07x_gpio.o(i.GPIO_ResetBits) for GPIO_ResetBits
    hardware_init.o(i.Clock_Init) refers to hardware_init.o(i.SoftDelay) for SoftDelay
    hardware_init.o(i.GPIO_init) refers to lks32mc07x_gpio.o(i.GPIO_StructInit) for GPIO_StructInit
    hardware_init.o(i.GPIO_init) refers to lks32mc07x_gpio.o(i.GPIO_Init) for GPIO_Init
    hardware_init.o(i.Hardware_init) refers to lks32mc07x_sys.o(i.IWDG_DISABLE) for IWDG_DISABLE
    hardware_init.o(i.Hardware_init) refers to hardware_init.o(i.GPIO_init) for GPIO_init
    hardware_init.o(i.Hardware_init) refers to hardware_init.o(i.SoftDelay) for SoftDelay
    hardware_init.o(i.SystemInit) refers to hardware_init.o(i.Clock_Init) for Clock_Init
    lks32mc07x_gpio.o(i.GPIO_Init) refers to lks32mc07x_sys.o(i.SYS_ModuleClockCmd) for SYS_ModuleClockCmd
    lks32mc07x_gpio.o(i.GPIO_PinAFConfig) refers to lks32mc07x_gpio.o(i.__ARM_common_switch8) for __ARM_common_switch8
    lks32mc07x_sys.o(i.SYS_MclkChoice) refers to lks32mc08x_nvr.o(.text.Read_Trim) for Read_Trim
    lks32mc07x_sys.o(i.SYS_MclkChoice) refers to lks32mc07x_sys.o(.data) for .data
    lks32mc07x_sys.o(i.SYS_ReadMcuClk) refers to lks32mc07x_sys.o(.data) for .data
    startup_lks32mc07x.o(STACK) refers (Special) to heapauxi.o(.text) for __use_two_region_memory
    startup_lks32mc07x.o(HEAP) refers (Special) to heapauxi.o(.text) for __use_two_region_memory
    startup_lks32mc07x.o(RESET) refers (Special) to heapauxi.o(.text) for __use_two_region_memory
    startup_lks32mc07x.o(RESET) refers to startup_lks32mc07x.o(STACK) for __initial_sp
    startup_lks32mc07x.o(RESET) refers to startup_lks32mc07x.o(.text) for Reset_Handler
    startup_lks32mc07x.o(RESET) refers to interrupt.o(i.SysTick_Handler) for SysTick_Handler
    startup_lks32mc07x.o(RESET) refers to interrupt.o(i.TIMER0_IRQHandler) for TIMER0_IRQHandler
    startup_lks32mc07x.o(RESET) refers to interrupt.o(i.TIMER1_IRQHandler) for TIMER1_IRQHandler
    startup_lks32mc07x.o(RESET) refers to interrupt.o(i.TIMER2_IRQHandler) for TIMER2_IRQHandler
    startup_lks32mc07x.o(RESET) refers to interrupt.o(i.TIMER3_IRQHandler) for TIMER3_IRQHandler
    startup_lks32mc07x.o(RESET) refers to interrupt.o(i.QEP0_IRQHandler) for QEP0_IRQHandler
    startup_lks32mc07x.o(RESET) refers to interrupt.o(i.QEP1_IRQHandler) for QEP1_IRQHandler
    startup_lks32mc07x.o(RESET) refers to interrupt.o(i.I2C0_IRQHandler) for I2C0_IRQHandler
    startup_lks32mc07x.o(RESET) refers to interrupt.o(i.SPI0_IRQHandler) for SPI0_IRQHandler
    startup_lks32mc07x.o(RESET) refers to interrupt.o(i.GPIO_IRQHandler) for GPIO_IRQHandler
    startup_lks32mc07x.o(RESET) refers to interrupt.o(i.HALL0_IRQHandler) for HALL0_IRQHandler
    startup_lks32mc07x.o(RESET) refers to interrupt.o(i.UART0_IRQHandler) for UART0_IRQHandler
    startup_lks32mc07x.o(RESET) refers to interrupt.o(i.UART1_IRQHandler) for UART1_IRQHandler
    startup_lks32mc07x.o(RESET) refers to interrupt.o(i.DSP0_IRQHandler) for DSP0_IRQHandler
    startup_lks32mc07x.o(RESET) refers to interrupt.o(i.CMP_IRQHandler) for CMP_IRQHandler
    startup_lks32mc07x.o(RESET) refers to interrupt.o(i.ADC0_IRQHandler) for ADC0_IRQHandler
    startup_lks32mc07x.o(RESET) refers to interrupt.o(i.ADC1_IRQHandler) for ADC1_IRQHandler
    startup_lks32mc07x.o(RESET) refers to interrupt.o(i.MCPWM0_IRQHandler) for MCPWM0_IRQHandler
    startup_lks32mc07x.o(RESET) refers to interrupt.o(i.MCPWM1_IRQHandler) for MCPWM1_IRQHandler
    startup_lks32mc07x.o(RESET) refers to interrupt.o(i.SIF0_IRQHandler) for SIF0_IRQHandler
    startup_lks32mc07x.o(RESET) refers to interrupt.o(i.WAKE_IRQHandler) for WAKE_IRQHandler
    startup_lks32mc07x.o(RESET) refers to interrupt.o(i.SW_IRQHandler) for SW_IRQHandler
    startup_lks32mc07x.o(RESET) refers to interrupt.o(i.PWRDN_IRQHandler) for PWRDN_IRQHandler
    startup_lks32mc07x.o(RESET) refers to interrupt.o(i.CL0_IRQHandler) for CL0_IRQHandler
    startup_lks32mc07x.o(.text) refers (Special) to heapauxi.o(.text) for __use_two_region_memory
    startup_lks32mc07x.o(.text) refers to startup_lks32mc07x.o(STACK) for __initial_sp
    startup_lks32mc07x.o(.text) refers to hardware_init.o(i.SystemInit) for SystemInit
    startup_lks32mc07x.o(.text) refers to __main.o(!!!main) for __main
    startup_lks32mc07x.o(.text) refers to startup_lks32mc07x.o(HEAP) for Heap_Mem
    lks32mc07x_adc.o(i.ADC_Init) refers to lks32mc07x_sys.o(i.SYS_AnalogModuleClockCmd) for SYS_AnalogModuleClockCmd
    lks32mc07x_adc.o(i.ADC_Init) refers to lks32mc08x_nvr.o(.text.Read_Trim) for Read_Trim
    lks32mc07x_can.o(i.ID0_Filter) refers to lks32mc07x_can.o(i.Delay) for Delay
    lks32mc07x_can.o(i.ID1_Filter) refers to lks32mc07x_can.o(i.Delay) for Delay
    lks32mc07x_can.o(i.ID2_Filter) refers to lks32mc07x_can.o(i.Delay) for Delay
    lks32mc07x_can.o(i.ID3_Filter) refers to lks32mc07x_can.o(i.Delay) for Delay
    lks32mc07x_can.o(i.My_CAN_Send_Msg) refers to uread4.o(.text) for __aeabi_uread4
    lks32mc07x_cmp.o(i.CMP_Cmd) refers to lks32mc07x_sys.o(i.SYS_AnalogModuleClockCmd) for SYS_AnalogModuleClockCmd
    lks32mc07x_cmp.o(i.CMP_Cmd) refers to lks32mc07x_sys.o(i.SYS_ModuleClockCmd) for SYS_ModuleClockCmd
    lks32mc07x_cmp.o(i.CMP_StructInit) refers to rt_memclr.o(.text) for __aeabi_memclr4
    lks32mc07x_dac.o(i.DAC_Cmd) refers to lks32mc07x_sys.o(i.SYS_AnalogModuleClockCmd) for SYS_AnalogModuleClockCmd
    lks32mc07x_dac.o(i.DAC_Init) refers to lks32mc08x_nvr.o(.text.Read_Trim) for Read_Trim
    lks32mc07x_dac.o(i.DAC_StructInit) refers to rt_memclr.o(.text) for __aeabi_memclr
    lks32mc07x_dma.o(i.DMA_StructInit) refers to rt_memclr.o(.text) for __aeabi_memclr4
    lks32mc07x_dsp.o(i.DSP_Init) refers to lks32mc07x_sys.o(i.SYS_ModuleClockCmd) for SYS_ModuleClockCmd
    lks32mc07x_flash.o(i.EraseSector) refers to lks32mc07x_flash.o(.data) for .data
    lks32mc07x_flash.o(i.ProgramPage) refers to lks32mc07x_flash.o(.data) for .data
    lks32mc07x_flash.o(i.Read_Flash) refers to lks32mc08x_nvr.o(.text.Read_NVR) for Read_NVR
    lks32mc07x_flash.o(i.Read_More_Flash) refers to lks32mc07x_flash.o(i.Read_Flash) for Read_Flash
    lks32mc07x_hall.o(i.HALL_Cmd) refers to lks32mc07x_sys.o(i.SYS_ModuleClockCmd) for SYS_ModuleClockCmd
    lks32mc07x_mcpwm.o(i.MCPWM_DIV_Set) refers to lks32mc07x_mcpwm.o(.data) for .data
    lks32mc07x_mcpwm.o(i.MCPWM_Init) refers to lks32mc07x_sys.o(i.SYS_ModuleClockCmd) for SYS_ModuleClockCmd
    lks32mc07x_mcpwm.o(i.MCPWM_ModuleClockCmd) refers to lks32mc07x_sys.o(i.SYS_ModuleClockCmd) for SYS_ModuleClockCmd
    lks32mc07x_mcpwm.o(i.MCPWM_StructInit) refers to rt_memclr.o(.text) for __aeabi_memclr4
    lks32mc07x_opa.o(i.OPA_Init) refers to lks32mc07x_opa.o(.data) for .data
    lks32mc07x_qep.o(i.TIM_QEPInit) refers to lks32mc07x_sys.o(i.SYS_ModuleClockCmd) for SYS_ModuleClockCmd
    lks32mc07x_sif.o(i.SIF_Init) refers to lks32mc07x_sys.o(i.SYS_ModuleClockCmd) for SYS_ModuleClockCmd
    lks32mc07x_sif.o(i.SIF_StructInit) refers to rt_memclr.o(.text) for __aeabi_memclr
    lks32mc07x_tim.o(i.TIM_Disable) refers to lks32mc07x_sys.o(i.SYS_ModuleClockCmd) for SYS_ModuleClockCmd
    lks32mc07x_tim.o(i.TIM_Enable) refers to lks32mc07x_sys.o(i.SYS_ModuleClockCmd) for SYS_ModuleClockCmd
    lks32mc07x_tim.o(i.TIM_TimerInit) refers to lks32mc07x_sys.o(i.SYS_ModuleClockCmd) for SYS_ModuleClockCmd
    lks32mc07x_tim.o(i.TIM_TimerInit) refers to lks32mc07x_tim.o(i.TIM_TimerCmd) for TIM_TimerCmd
    lks32mc07x_tmp.o(i.GetCurrentTemperature) refers to aeabi_sdivfast.o(.text) for __aeabi_idivmod
    lks32mc07x_tmp.o(i.GetCurrentTemperature) refers to lks32mc07x_tmp.o(.data) for .data
    lks32mc07x_tmp.o(i.TempSensor_Init) refers to lks32mc07x_sys.o(i.SYS_AnalogModuleClockCmd) for SYS_AnalogModuleClockCmd
    lks32mc07x_tmp.o(i.TempSensor_Init) refers to lks32mc08x_nvr.o(.text.Read_Trim) for Read_Trim
    lks32mc07x_tmp.o(i.TempSensor_Init) refers to lks32mc07x_tmp.o(.data) for .data
    lks32mc07x_uart.o(i.UART_Init) refers to lks32mc07x_sys.o(i.SYS_ModuleClockCmd) for SYS_ModuleClockCmd
    lks32mc07x_uart.o(i.UART_Init) refers to lks32mc07x_uart.o(i.UART_ReadBaud) for UART_ReadBaud
    lks32mc07x_uart.o(i.UART_Init) refers to lks32mc07x_uart.o(i.UART_SetBaud) for UART_SetBaud
    lks32mc07x_uart.o(i.UART_ReadBaud) refers to lks32mc07x_sys.o(i.SYS_ReadMcuClk) for SYS_ReadMcuClk
    lks32mc07x_uart.o(i.UART_ReadBaud) refers to aeabi_sdivfast.o(.text) for __aeabi_uidivmod
    lks32mc07x_uart.o(i.UART_SetBaud) refers to lks32mc07x_sys.o(i.SYS_ReadMcuClk) for SYS_ReadMcuClk
    lks32mc07x_uart.o(i.UART_SetBaud) refers to aeabi_sdivfast.o(.text) for __aeabi_uidivmod
    lks32mc07x_wake.o(i.SYS_FallSleep) refers to lks32mc07x_wake.o(i.__NVIC_DisableIRQ) for __NVIC_DisableIRQ
    lks32mc07x_wake.o(i.Switch2HRC) refers to lks32mc07x_wake.o(.data) for .data
    lks32mc07x_wake.o(i.Switch2PLL) refers to lks32mc07x_wake.o(i.SoftDelay) for SoftDelay
    lks32mc07x_wake.o(i.Switch2PLL) refers to lks32mc07x_wake.o(.data) for .data
    lks32mc08x_nvr.o(.ARM.exidx.text.Read_NVR) refers to lks32mc08x_nvr.o(.text.Read_NVR) for [Anonymous Symbol]
    lks32mc08x_nvr.o(.ARM.exidx.text.Read_Trim) refers to lks32mc08x_nvr.o(.text.Read_Trim) for [Anonymous Symbol]
    __main.o(!!!main) refers to __rtentry.o(.ARM.Collect$$rtentry$$00000000) for __rt_entry
    __rtentry.o(.ARM.Collect$$rtentry$$00000000) refers (Special) to __rtentry2.o(.ARM.Collect$$rtentry$$0000000A) for __rt_entry_li
    __rtentry.o(.ARM.Collect$$rtentry$$00000000) refers (Special) to __rtentry2.o(.ARM.Collect$$rtentry$$0000000D) for __rt_entry_main
    __rtentry.o(.ARM.Collect$$rtentry$$00000000) refers (Special) to __rtentry2.o(.ARM.Collect$$rtentry$$0000000C) for __rt_entry_postli_1
    __rtentry.o(.ARM.Collect$$rtentry$$00000000) refers (Special) to __rtentry2.o(.ARM.Collect$$rtentry$$00000009) for __rt_entry_postsh_1
    __rtentry.o(.ARM.Collect$$rtentry$$00000000) refers (Special) to __rtentry2.o(.ARM.Collect$$rtentry$$00000002) for __rt_entry_presh_1
    __rtentry.o(.ARM.Collect$$rtentry$$00000000) refers (Special) to __rtentry4.o(.ARM.Collect$$rtentry$$00000004) for __rt_entry_sh
    aeabi_idiv0_sigfpe.o(.text) refers to rt_div0.o(.text) for __rt_div0
    __rtentry2.o(.ARM.Collect$$rtentry$$00000008) refers to boardinit2.o(.text) for _platform_post_stackheap_init
    __rtentry2.o(.ARM.Collect$$rtentry$$0000000A) refers to libinit.o(.ARM.Collect$$libinit$$00000000) for __rt_lib_init
    __rtentry2.o(.ARM.Collect$$rtentry$$0000000B) refers to boardinit3.o(.text) for _platform_post_lib_init
    __rtentry2.o(.ARM.Collect$$rtentry$$0000000D) refers to main.o(i.main) for main
    __rtentry2.o(.ARM.Collect$$rtentry$$0000000D) refers to exit.o(.text) for exit
    __rtentry2.o(.ARM.exidx) refers to __rtentry2.o(.ARM.Collect$$rtentry$$00000001) for .ARM.Collect$$rtentry$$00000001
    __rtentry2.o(.ARM.exidx) refers to __rtentry2.o(.ARM.Collect$$rtentry$$00000008) for .ARM.Collect$$rtentry$$00000008
    __rtentry2.o(.ARM.exidx) refers to __rtentry2.o(.ARM.Collect$$rtentry$$0000000A) for .ARM.Collect$$rtentry$$0000000A
    __rtentry2.o(.ARM.exidx) refers to __rtentry2.o(.ARM.Collect$$rtentry$$0000000B) for .ARM.Collect$$rtentry$$0000000B
    __rtentry2.o(.ARM.exidx) refers to __rtentry2.o(.ARM.Collect$$rtentry$$0000000D) for .ARM.Collect$$rtentry$$0000000D
    __rtentry4.o(.ARM.Collect$$rtentry$$00000004) refers to sys_stackheap_outer.o(.text) for __user_setup_stackheap
    __rtentry4.o(.ARM.exidx) refers to __rtentry4.o(.ARM.Collect$$rtentry$$00000004) for .ARM.Collect$$rtentry$$00000004
    rt_div0.o(.text) refers to defsig_fpe_outer.o(.text) for __rt_SIGFPE
    sys_stackheap_outer.o(.text) refers to libspace.o(.text) for __user_perproc_libspace
    sys_stackheap_outer.o(.text) refers to startup_lks32mc07x.o(.text) for __user_initial_stackheap
    sys_stackheap_outer.o(__vectab_stack_and_reset_area) refers to tempstk.o(.text) for __temporary_stack_top
    sys_stackheap_outer.o(__vectab_stack_and_reset_area) refers to __main.o(!!!main) for __main
    exit.o(.text) refers to rtexit.o(.ARM.Collect$$rtexit$$00000000) for __rt_exit
    defsig_fpe_outer.o(.text) refers to defsig_fpe_inner.o(.text) for __rt_SIGFPE_inner
    defsig_fpe_outer.o(.text) refers to defsig_exit.o(.text) for __sig_exit
    defsig_fpe_formal.o(.text) refers to rt_raise.o(.text) for __rt_raise
    libinit.o(.ARM.Collect$$libinit$$00000000) refers (Special) to libinit2.o(.ARM.Collect$$libinit$$0000002E) for __rt_lib_init_alloca_1
    libinit.o(.ARM.Collect$$libinit$$00000000) refers (Special) to libinit2.o(.ARM.Collect$$libinit$$0000002C) for __rt_lib_init_argv_1
    libinit.o(.ARM.Collect$$libinit$$00000000) refers (Special) to libinit2.o(.ARM.Collect$$libinit$$0000001B) for __rt_lib_init_atexit_1
    libinit.o(.ARM.Collect$$libinit$$00000000) refers (Special) to libinit2.o(.ARM.Collect$$libinit$$00000021) for __rt_lib_init_clock_1
    libinit.o(.ARM.Collect$$libinit$$00000000) refers (Special) to libinit2.o(.ARM.Collect$$libinit$$00000032) for __rt_lib_init_cpp_1
    libinit.o(.ARM.Collect$$libinit$$00000000) refers (Special) to libinit2.o(.ARM.Collect$$libinit$$00000030) for __rt_lib_init_exceptions_1
    libinit.o(.ARM.Collect$$libinit$$00000000) refers (Special) to libinit2.o(.ARM.Collect$$libinit$$00000002) for __rt_lib_init_fp_1
    libinit.o(.ARM.Collect$$libinit$$00000000) refers (Special) to libinit2.o(.ARM.Collect$$libinit$$0000001F) for __rt_lib_init_fp_trap_1
    libinit.o(.ARM.Collect$$libinit$$00000000) refers (Special) to libinit2.o(.ARM.Collect$$libinit$$00000023) for __rt_lib_init_getenv_1
    libinit.o(.ARM.Collect$$libinit$$00000000) refers (Special) to libinit2.o(.ARM.Collect$$libinit$$0000000A) for __rt_lib_init_heap_1
    libinit.o(.ARM.Collect$$libinit$$00000000) refers (Special) to libinit2.o(.ARM.Collect$$libinit$$00000011) for __rt_lib_init_lc_collate_1
    libinit.o(.ARM.Collect$$libinit$$00000000) refers (Special) to libinit2.o(.ARM.Collect$$libinit$$00000013) for __rt_lib_init_lc_ctype_1
    libinit.o(.ARM.Collect$$libinit$$00000000) refers (Special) to libinit2.o(.ARM.Collect$$libinit$$00000015) for __rt_lib_init_lc_monetary_1
    libinit.o(.ARM.Collect$$libinit$$00000000) refers (Special) to libinit2.o(.ARM.Collect$$libinit$$00000017) for __rt_lib_init_lc_numeric_1
    libinit.o(.ARM.Collect$$libinit$$00000000) refers (Special) to libinit2.o(.ARM.Collect$$libinit$$00000019) for __rt_lib_init_lc_time_1
    libinit.o(.ARM.Collect$$libinit$$00000000) refers (Special) to libinit2.o(.ARM.Collect$$libinit$$00000004) for __rt_lib_init_preinit_1
    libinit.o(.ARM.Collect$$libinit$$00000000) refers (Special) to libinit2.o(.ARM.Collect$$libinit$$0000000E) for __rt_lib_init_rand_1
    libinit.o(.ARM.Collect$$libinit$$00000000) refers (Special) to libinit2.o(.ARM.Collect$$libinit$$00000033) for __rt_lib_init_return
    libinit.o(.ARM.Collect$$libinit$$00000000) refers (Special) to libinit2.o(.ARM.Collect$$libinit$$0000001D) for __rt_lib_init_signal_1
    libinit.o(.ARM.Collect$$libinit$$00000000) refers (Special) to libinit2.o(.ARM.Collect$$libinit$$00000025) for __rt_lib_init_stdio_1
    libinit.o(.ARM.Collect$$libinit$$00000000) refers (Special) to libinit2.o(.ARM.Collect$$libinit$$0000000C) for __rt_lib_init_user_alloc_1
    libspace.o(.text) refers to libspace.o(.bss) for __libspace_start
    rtexit.o(.ARM.Collect$$rtexit$$00000000) refers (Special) to rtexit2.o(.ARM.Collect$$rtexit$$00000004) for __rt_exit_exit
    rtexit.o(.ARM.Collect$$rtexit$$00000000) refers (Special) to rtexit2.o(.ARM.Collect$$rtexit$$00000003) for __rt_exit_ls
    rtexit.o(.ARM.Collect$$rtexit$$00000000) refers (Special) to rtexit2.o(.ARM.Collect$$rtexit$$00000002) for __rt_exit_prels_1
    rtexit.o(.ARM.exidx) refers (Special) to rtexit2.o(.ARM.Collect$$rtexit$$00000004) for __rt_exit_exit
    rtexit.o(.ARM.exidx) refers (Special) to rtexit2.o(.ARM.Collect$$rtexit$$00000003) for __rt_exit_ls
    rtexit.o(.ARM.exidx) refers (Special) to rtexit2.o(.ARM.Collect$$rtexit$$00000002) for __rt_exit_prels_1
    rtexit.o(.ARM.exidx) refers to rtexit.o(.ARM.Collect$$rtexit$$00000000) for .ARM.Collect$$rtexit$$00000000
    rt_raise.o(.text) refers to __raise.o(.text) for __raise
    rt_raise.o(.text) refers to sys_exit.o(.text) for _sys_exit
    defsig_exit.o(.text) refers to sys_exit.o(.text) for _sys_exit
    defsig_fpe_inner.o(.text) refers to defsig_general.o(.text) for __default_signal_display
    libinit2.o(.ARM.Collect$$libinit$$00000010) refers to libinit2.o(.ARM.Collect$$libinit$$0000000F) for .ARM.Collect$$libinit$$0000000F
    libinit2.o(.ARM.Collect$$libinit$$00000012) refers to libinit2.o(.ARM.Collect$$libinit$$0000000F) for .ARM.Collect$$libinit$$0000000F
    libinit2.o(.ARM.Collect$$libinit$$00000014) refers to libinit2.o(.ARM.Collect$$libinit$$0000000F) for .ARM.Collect$$libinit$$0000000F
    libinit2.o(.ARM.Collect$$libinit$$00000016) refers to libinit2.o(.ARM.Collect$$libinit$$0000000F) for .ARM.Collect$$libinit$$0000000F
    libinit2.o(.ARM.Collect$$libinit$$00000018) refers to libinit2.o(.ARM.Collect$$libinit$$0000000F) for .ARM.Collect$$libinit$$0000000F
    libinit2.o(.ARM.Collect$$libinit$$00000026) refers to argv_veneer.o(.text) for __ARM_argv_veneer
    libinit2.o(.ARM.Collect$$libinit$$00000027) refers to argv_veneer.o(.text) for __ARM_argv_veneer
    sys_exit.o(.text) refers (Special) to use_no_semi.o(.text) for __I$use$semihosting
    sys_exit.o(.text) refers (Special) to indicate_semi.o(.text) for __semihosting_library_function
    rtexit2.o(.ARM.Collect$$rtexit$$00000003) refers to libshutdown.o(.ARM.Collect$$libshutdown$$00000000) for __rt_lib_shutdown
    rtexit2.o(.ARM.Collect$$rtexit$$00000004) refers to sys_exit.o(.text) for _sys_exit
    rtexit2.o(.ARM.exidx) refers to rtexit2.o(.ARM.Collect$$rtexit$$00000001) for .ARM.Collect$$rtexit$$00000001
    rtexit2.o(.ARM.exidx) refers to rtexit2.o(.ARM.Collect$$rtexit$$00000003) for .ARM.Collect$$rtexit$$00000003
    rtexit2.o(.ARM.exidx) refers to rtexit2.o(.ARM.Collect$$rtexit$$00000004) for .ARM.Collect$$rtexit$$00000004
    __raise.o(.text) refers to defsig.o(CL$$defsig) for __default_signal_handler
    defsig_general.o(.text) refers to sys_wrch.o(.text) for _ttywrch
    sys_wrch.o(.text) refers (Special) to use_no_semi.o(.text) for __I$use$semihosting
    sys_wrch.o(.text) refers (Special) to indicate_semi.o(.text) for __semihosting_library_function
    defsig.o(CL$$defsig) refers to defsig_fpe_inner.o(.text) for __rt_SIGFPE_inner
    defsig.o(CL$$defsig) refers to defsig_rtmem_inner.o(.text) for __rt_SIGRTMEM_inner
    _get_argv_nomalloc.o(.text) refers (Special) to hrguard.o(.text) for __heap_region$guard
    _get_argv_nomalloc.o(.text) refers to defsig_rtmem_outer.o(.text) for __rt_SIGRTMEM
    _get_argv_nomalloc.o(.text) refers to sys_command.o(.text) for _sys_command_string
    libshutdown.o(.ARM.Collect$$libshutdown$$00000000) refers (Special) to libshutdown2.o(.ARM.Collect$$libshutdown$$00000002) for __rt_lib_shutdown_cpp_1
    libshutdown.o(.ARM.Collect$$libshutdown$$00000000) refers (Special) to libshutdown2.o(.ARM.Collect$$libshutdown$$00000007) for __rt_lib_shutdown_fp_trap_1
    libshutdown.o(.ARM.Collect$$libshutdown$$00000000) refers (Special) to libshutdown2.o(.ARM.Collect$$libshutdown$$0000000F) for __rt_lib_shutdown_heap_1
    libshutdown.o(.ARM.Collect$$libshutdown$$00000000) refers (Special) to libshutdown2.o(.ARM.Collect$$libshutdown$$00000010) for __rt_lib_shutdown_return
    libshutdown.o(.ARM.Collect$$libshutdown$$00000000) refers (Special) to libshutdown2.o(.ARM.Collect$$libshutdown$$0000000A) for __rt_lib_shutdown_signal_1
    libshutdown.o(.ARM.Collect$$libshutdown$$00000000) refers (Special) to libshutdown2.o(.ARM.Collect$$libshutdown$$00000004) for __rt_lib_shutdown_stdio_1
    libshutdown.o(.ARM.Collect$$libshutdown$$00000000) refers (Special) to libshutdown2.o(.ARM.Collect$$libshutdown$$0000000C) for __rt_lib_shutdown_user_alloc_1
    sys_command.o(.text) refers (Special) to use_no_semi.o(.text) for __I$use$semihosting
    sys_command.o(.text) refers (Special) to indicate_semi.o(.text) for __semihosting_library_function
    defsig_abrt_inner.o(.text) refers to defsig_general.o(.text) for __default_signal_display
    defsig_rtred_inner.o(.text) refers to defsig_general.o(.text) for __default_signal_display
    defsig_rtmem_inner.o(.text) refers to defsig_general.o(.text) for __default_signal_display
    defsig_rtmem_outer.o(.text) refers to defsig_rtmem_inner.o(.text) for __rt_SIGRTMEM_inner
    defsig_rtmem_outer.o(.text) refers to defsig_exit.o(.text) for __sig_exit
    defsig_rtmem_formal.o(.text) refers to rt_raise.o(.text) for __rt_raise
    defsig_stak_inner.o(.text) refers to defsig_general.o(.text) for __default_signal_display
    defsig_pvfn_inner.o(.text) refers to defsig_general.o(.text) for __default_signal_display
    defsig_cppl_inner.o(.text) refers to defsig_general.o(.text) for __default_signal_display
    defsig_segv_inner.o(.text) refers to defsig_general.o(.text) for __default_signal_display
    defsig_other.o(.text) refers to defsig_general.o(.text) for __default_signal_display


==============================================================================

Removing Unused input sections from the image.

    Removing main.o(.rev16_text), (4 bytes).
    Removing main.o(.revsh_text), (4 bytes).
    Removing hardware_init.o(.rev16_text), (4 bytes).
    Removing hardware_init.o(.revsh_text), (4 bytes).
    Removing hardware_init.o(i.Reg_Clr), (18 bytes).
    Removing hardware_init.o(i.UART_init), (2 bytes).
    Removing interrupt.o(.rev16_text), (4 bytes).
    Removing interrupt.o(.revsh_text), (4 bytes).
    Removing interrupt.o(i.ENCODER0_IRQHandler), (2 bytes).
    Removing interrupt.o(i.ENCODER1_IRQHandler), (2 bytes).
    Removing interrupt.o(i.MCPWM_IRQHandler), (2 bytes).
    Removing interrupt.o(i.SleepTimer_IRQHandler), (2 bytes).
    Removing lks32mc07x_exti.o(.rev16_text), (4 bytes).
    Removing lks32mc07x_exti.o(.revsh_text), (4 bytes).
    Removing lks32mc07x_exti.o(i.EXTI_ClearIRQFlag), (184 bytes).
    Removing lks32mc07x_exti.o(i.EXTI_GetIRQFlag), (208 bytes).
    Removing lks32mc07x_exti.o(i.EXTI_Trigger_Config), (356 bytes).
    Removing lks32mc07x_gpio.o(.rev16_text), (4 bytes).
    Removing lks32mc07x_gpio.o(.revsh_text), (4 bytes).
    Removing lks32mc07x_gpio.o(i.GPIO_PinAFConfig), (212 bytes).
    Removing lks32mc07x_gpio.o(i.GPIO_ReadInputData), (4 bytes).
    Removing lks32mc07x_gpio.o(i.GPIO_ReadInputDataBit), (14 bytes).
    Removing lks32mc07x_gpio.o(i.GPIO_ReadOutputData), (4 bytes).
    Removing lks32mc07x_gpio.o(i.GPIO_ReadOutputDataBit), (14 bytes).
    Removing lks32mc07x_gpio.o(i.GPIO_Write), (6 bytes).
    Removing lks32mc07x_gpio.o(i.GPIO_WriteBit), (20 bytes).
    Removing lks32mc07x_sys.o(.rev16_text), (4 bytes).
    Removing lks32mc07x_sys.o(.revsh_text), (4 bytes).
    Removing lks32mc07x_sys.o(i.IWDG_ENABLE), (12 bytes).
    Removing lks32mc07x_sys.o(i.IWDG_Feed), (24 bytes).
    Removing lks32mc07x_sys.o(i.IWDG_Init), (84 bytes).
    Removing lks32mc07x_sys.o(i.IWDG_StrutInit), (20 bytes).
    Removing lks32mc07x_sys.o(i.SYS_AnalogModuleClockCmd), (32 bytes).
    Removing lks32mc07x_sys.o(i.SYS_ClearRst), (24 bytes).
    Removing lks32mc07x_sys.o(i.SYS_I2CClkDiv), (24 bytes).
    Removing lks32mc07x_sys.o(i.SYS_Init), (92 bytes).
    Removing lks32mc07x_sys.o(i.SYS_MclkChoice), (308 bytes).
    Removing lks32mc07x_sys.o(i.SYS_ReadMcuClk), (12 bytes).
    Removing lks32mc07x_sys.o(i.SYS_SPIClkDiv), (24 bytes).
    Removing lks32mc07x_sys.o(i.SYS_SoftResetModule), (24 bytes).
    Removing lks32mc07x_sys.o(i.SYS_SoftReset_all), (36 bytes).
    Removing lks32mc07x_sys.o(i.SYS_StructInit), (22 bytes).
    Removing lks32mc07x_sys.o(i.SYS_UartClkDiv), (24 bytes).
    Removing lks32mc07x_sys.o(.data), (4 bytes).
    Removing lks32mc07x_adc.o(.rev16_text), (4 bytes).
    Removing lks32mc07x_adc.o(.revsh_text), (4 bytes).
    Removing lks32mc07x_adc.o(i.ADC_CHN_GAIN_CFG), (42 bytes).
    Removing lks32mc07x_adc.o(i.ADC_ClearIRQFlag), (6 bytes).
    Removing lks32mc07x_adc.o(i.ADC_GetConversionValue), (134 bytes).
    Removing lks32mc07x_adc.o(i.ADC_GetIRQFlag), (20 bytes).
    Removing lks32mc07x_adc.o(i.ADC_Init), (188 bytes).
    Removing lks32mc07x_adc.o(i.ADC_SoftTrgEN), (16 bytes).
    Removing lks32mc07x_adc.o(i.ADC_StructInit), (32 bytes).
    Removing lks32mc07x_can.o(.rev16_text), (4 bytes).
    Removing lks32mc07x_can.o(.revsh_text), (4 bytes).
    Removing lks32mc07x_can.o(i.CAN_Init), (100 bytes).
    Removing lks32mc07x_can.o(i.CAN_Receive_Msg), (152 bytes).
    Removing lks32mc07x_can.o(i.Delay), (18 bytes).
    Removing lks32mc07x_can.o(i.ID0_Filter), (112 bytes).
    Removing lks32mc07x_can.o(i.ID1_Filter), (112 bytes).
    Removing lks32mc07x_can.o(i.ID2_Filter), (112 bytes).
    Removing lks32mc07x_can.o(i.ID3_Filter), (112 bytes).
    Removing lks32mc07x_can.o(i.My_CAN_Send_Msg), (136 bytes).
    Removing lks32mc07x_can.o(.bss), (28 bytes).
    Removing lks32mc07x_cmp.o(.rev16_text), (4 bytes).
    Removing lks32mc07x_cmp.o(.revsh_text), (4 bytes).
    Removing lks32mc07x_cmp.o(i.CMP_ClearIRQFlag), (16 bytes).
    Removing lks32mc07x_cmp.o(i.CMP_Cmd), (44 bytes).
    Removing lks32mc07x_cmp.o(i.CMP_GetFilterValue), (16 bytes).
    Removing lks32mc07x_cmp.o(i.CMP_GetIRQFlag), (24 bytes).
    Removing lks32mc07x_cmp.o(i.CMP_GetValue), (16 bytes).
    Removing lks32mc07x_cmp.o(i.CMP_Init), (332 bytes).
    Removing lks32mc07x_cmp.o(i.CMP_StructInit), (10 bytes).
    Removing lks32mc07x_dac.o(.rev16_text), (4 bytes).
    Removing lks32mc07x_dac.o(.revsh_text), (4 bytes).
    Removing lks32mc07x_dac.o(i.DAC_Cmd), (24 bytes).
    Removing lks32mc07x_dac.o(i.DAC_Init), (200 bytes).
    Removing lks32mc07x_dac.o(i.DAC_Output), (56 bytes).
    Removing lks32mc07x_dac.o(i.DAC_OutputValue), (28 bytes).
    Removing lks32mc07x_dac.o(i.DAC_OutputVoltage), (72 bytes).
    Removing lks32mc07x_dac.o(i.DAC_StructInit), (10 bytes).
    Removing lks32mc07x_dma.o(.rev16_text), (4 bytes).
    Removing lks32mc07x_dma.o(.revsh_text), (4 bytes).
    Removing lks32mc07x_dma.o(i.DMA_CHx_EN), (20 bytes).
    Removing lks32mc07x_dma.o(i.DMA_ClearIRQFlag), (12 bytes).
    Removing lks32mc07x_dma.o(i.DMA_Disable), (12 bytes).
    Removing lks32mc07x_dma.o(i.DMA_Enable), (12 bytes).
    Removing lks32mc07x_dma.o(i.DMA_GetIRQFlag), (24 bytes).
    Removing lks32mc07x_dma.o(i.DMA_Init), (132 bytes).
    Removing lks32mc07x_dma.o(i.DMA_SetAddr), (22 bytes).
    Removing lks32mc07x_dma.o(i.DMA_SetLength), (20 bytes).
    Removing lks32mc07x_dma.o(i.DMA_SetRequest), (4 bytes).
    Removing lks32mc07x_dma.o(i.DMA_StructInit), (10 bytes).
    Removing lks32mc07x_dma.o(i.DMA_Trigger), (12 bytes).
    Removing lks32mc07x_dsp.o(.rev16_text), (4 bytes).
    Removing lks32mc07x_dsp.o(.revsh_text), (4 bytes).
    Removing lks32mc07x_dsp.o(i.DSP_Init), (12 bytes).
    Removing lks32mc07x_dsp.o(i.DSP_arctan), (32 bytes).
    Removing lks32mc07x_dsp.o(i.DSP_cos), (28 bytes).
    Removing lks32mc07x_dsp.o(i.DSP_div), (24 bytes).
    Removing lks32mc07x_dsp.o(i.DSP_mod), (28 bytes).
    Removing lks32mc07x_dsp.o(i.DSP_rms), (28 bytes).
    Removing lks32mc07x_dsp.o(i.DSP_sin), (28 bytes).
    Removing lks32mc07x_dsp.o(i.DSP_sqrt), (24 bytes).
    Removing lks32mc07x_flash.o(.rev16_text), (4 bytes).
    Removing lks32mc07x_flash.o(.revsh_text), (4 bytes).
    Removing lks32mc07x_flash.o(i.EraseSector), (160 bytes).
    Removing lks32mc07x_flash.o(i.ProgramPage), (272 bytes).
    Removing lks32mc07x_flash.o(i.Read_Flash), (36 bytes).
    Removing lks32mc07x_flash.o(i.Read_More_Flash), (54 bytes).
    Removing lks32mc07x_flash.o(.data), (8 bytes).
    Removing lks32mc07x_hall.o(.rev16_text), (4 bytes).
    Removing lks32mc07x_hall.o(.revsh_text), (4 bytes).
    Removing lks32mc07x_hall.o(i.HALL_Clear_IRQ), (16 bytes).
    Removing lks32mc07x_hall.o(i.HALL_Cmd), (12 bytes).
    Removing lks32mc07x_hall.o(i.HALL_GetCaptureValue), (16 bytes).
    Removing lks32mc07x_hall.o(i.HALL_GetCount), (12 bytes).
    Removing lks32mc07x_hall.o(i.HALL_GetFilterValue), (16 bytes).
    Removing lks32mc07x_hall.o(i.HALL_GetIRQFlag), (12 bytes).
    Removing lks32mc07x_hall.o(i.HALL_Init), (56 bytes).
    Removing lks32mc07x_hall.o(i.HALL_IsCaptureEvent), (16 bytes).
    Removing lks32mc07x_hall.o(i.HALL_IsOverFlowEvent), (16 bytes).
    Removing lks32mc07x_hall.o(i.HALL_SoftTrigger), (20 bytes).
    Removing lks32mc07x_hall.o(i.HALL_StructInit), (32 bytes).
    Removing lks32mc07x_mcpwm.o(.rev16_text), (4 bytes).
    Removing lks32mc07x_mcpwm.o(.revsh_text), (4 bytes).
    Removing lks32mc07x_mcpwm.o(i.MCPWM_CH012_IESet), (108 bytes).
    Removing lks32mc07x_mcpwm.o(i.MCPWM_CH012_Init), (668 bytes).
    Removing lks32mc07x_mcpwm.o(i.MCPWM_CH345_IESet), (108 bytes).
    Removing lks32mc07x_mcpwm.o(i.MCPWM_CH345_Init), (668 bytes).
    Removing lks32mc07x_mcpwm.o(i.MCPWM_CNTx_Enable), (68 bytes).
    Removing lks32mc07x_mcpwm.o(i.MCPWM_ClearIRQFlag), (32 bytes).
    Removing lks32mc07x_mcpwm.o(i.MCPWM_Clk_Enable), (44 bytes).
    Removing lks32mc07x_mcpwm.o(i.MCPWM_DIV_Set), (52 bytes).
    Removing lks32mc07x_mcpwm.o(i.MCPWM_GetIRQFlag), (56 bytes).
    Removing lks32mc07x_mcpwm.o(i.MCPWM_Init), (1208 bytes).
    Removing lks32mc07x_mcpwm.o(i.MCPWM_ModuleClockCmd), (24 bytes).
    Removing lks32mc07x_mcpwm.o(i.MCPWM_StructInit), (10 bytes).
    Removing lks32mc07x_mcpwm.o(i.PWMOutputs), (52 bytes).
    Removing lks32mc07x_mcpwm.o(.data), (1 bytes).
    Removing lks32mc07x_opa.o(.rev16_text), (4 bytes).
    Removing lks32mc07x_opa.o(.revsh_text), (4 bytes).
    Removing lks32mc07x_opa.o(i.OPA_Init), (196 bytes).
    Removing lks32mc07x_opa.o(i.OPA_OUT), (68 bytes).
    Removing lks32mc07x_opa.o(i.OPA_StructInit), (12 bytes).
    Removing lks32mc07x_opa.o(.data), (1 bytes).
    Removing lks32mc07x_qep.o(.rev16_text), (4 bytes).
    Removing lks32mc07x_qep.o(.revsh_text), (4 bytes).
    Removing lks32mc07x_qep.o(i.QEP_ClearIRQFlag), (4 bytes).
    Removing lks32mc07x_qep.o(i.QEP_GetFlag), (10 bytes).
    Removing lks32mc07x_qep.o(i.QEP_GetIRQFlag), (18 bytes).
    Removing lks32mc07x_qep.o(i.TIM_QEPCmd), (20 bytes).
    Removing lks32mc07x_qep.o(i.TIM_QEPInit), (156 bytes).
    Removing lks32mc07x_qep.o(i.TIM_QEPStructInit), (24 bytes).
    Removing lks32mc07x_qep.o(i.TIM_QEP_GetCount), (6 bytes).
    Removing lks32mc07x_sif.o(.rev16_text), (4 bytes).
    Removing lks32mc07x_sif.o(.revsh_text), (4 bytes).
    Removing lks32mc07x_sif.o(i.SIF_Clear_Irq), (16 bytes).
    Removing lks32mc07x_sif.o(i.SIF_DMA_IsEnable), (24 bytes).
    Removing lks32mc07x_sif.o(i.SIF_Init), (86 bytes).
    Removing lks32mc07x_sif.o(i.SIF_Irq_IsEnable), (28 bytes).
    Removing lks32mc07x_sif.o(i.SIF_Senddata), (12 bytes).
    Removing lks32mc07x_sif.o(i.SIF_StructInit), (10 bytes).
    Removing lks32mc07x_sif.o(i.SIF_TH_set), (12 bytes).
    Removing lks32mc07x_sif.o(i.SIF_Timebase_set), (12 bytes).
    Removing lks32mc07x_tim.o(.rev16_text), (4 bytes).
    Removing lks32mc07x_tim.o(.revsh_text), (4 bytes).
    Removing lks32mc07x_tim.o(i.TIM_CMP0), (4 bytes).
    Removing lks32mc07x_tim.o(i.TIM_CMP1), (4 bytes).
    Removing lks32mc07x_tim.o(i.TIM_ClearIRQFlag), (4 bytes).
    Removing lks32mc07x_tim.o(i.TIM_Disable), (72 bytes).
    Removing lks32mc07x_tim.o(i.TIM_Enable), (72 bytes).
    Removing lks32mc07x_tim.o(i.TIM_GetFlag), (10 bytes).
    Removing lks32mc07x_tim.o(i.TIM_GetIRQFlag), (18 bytes).
    Removing lks32mc07x_tim.o(i.TIM_TimerCmd), (22 bytes).
    Removing lks32mc07x_tim.o(i.TIM_TimerInit), (276 bytes).
    Removing lks32mc07x_tim.o(i.TIM_TimerStrutInit), (76 bytes).
    Removing lks32mc07x_tim.o(i.TIM_Timer_GetCMPT0), (4 bytes).
    Removing lks32mc07x_tim.o(i.TIM_Timer_GetCMPT1), (4 bytes).
    Removing lks32mc07x_tim.o(i.TIM_Timer_GetCount), (4 bytes).
    Removing lks32mc07x_tmp.o(.rev16_text), (4 bytes).
    Removing lks32mc07x_tmp.o(.revsh_text), (4 bytes).
    Removing lks32mc07x_tmp.o(i.GetCurrentTemperature), (48 bytes).
    Removing lks32mc07x_tmp.o(i.TempSensor_Init), (60 bytes).
    Removing lks32mc07x_tmp.o(.data), (4 bytes).
    Removing lks32mc07x_uart.o(.rev16_text), (4 bytes).
    Removing lks32mc07x_uart.o(.revsh_text), (4 bytes).
    Removing lks32mc07x_uart.o(i.UART_ClearIRQFlag), (4 bytes).
    Removing lks32mc07x_uart.o(i.UART_GetIRQFlag), (18 bytes).
    Removing lks32mc07x_uart.o(i.UART_Init), (152 bytes).
    Removing lks32mc07x_uart.o(i.UART_ReadBaud), (40 bytes).
    Removing lks32mc07x_uart.o(i.UART_ReadData), (4 bytes).
    Removing lks32mc07x_uart.o(i.UART_SendAddr_485), (40 bytes).
    Removing lks32mc07x_uart.o(i.UART_SendData), (4 bytes).
    Removing lks32mc07x_uart.o(i.UART_SendData_485), (32 bytes).
    Removing lks32mc07x_uart.o(i.UART_SetBaud), (116 bytes).
    Removing lks32mc07x_uart.o(i.UART_StructInit), (32 bytes).
    Removing lks32mc07x_wake.o(.rev16_text), (4 bytes).
    Removing lks32mc07x_wake.o(.revsh_text), (4 bytes).
    Removing lks32mc07x_wake.o(i.SYS_EVTCLRSleep), (16 bytes).
    Removing lks32mc07x_wake.o(i.SYS_FallSleep), (188 bytes).
    Removing lks32mc07x_wake.o(i.SYS_SetWakeInterval), (40 bytes).
    Removing lks32mc07x_wake.o(i.SetWakeIO), (48 bytes).
    Removing lks32mc07x_wake.o(i.SoftDelay), (18 bytes).
    Removing lks32mc07x_wake.o(i.Switch2HRC), (48 bytes).
    Removing lks32mc07x_wake.o(i.Switch2PLL), (52 bytes).
    Removing lks32mc07x_wake.o(i.__NVIC_DisableIRQ), (32 bytes).
    Removing lks32mc07x_wake.o(.data), (8 bytes).
    Removing lks32mc08x_nvr.o(.text), (0 bytes).
    Removing lks32mc08x_nvr.o(.text.Read_NVR), (48 bytes).
    Removing lks32mc08x_nvr.o(.ARM.exidx.text.Read_NVR), (8 bytes).
    Removing lks32mc08x_nvr.o(.text.Read_Trim), (60 bytes).
    Removing lks32mc08x_nvr.o(.ARM.exidx.text.Read_Trim), (8 bytes).
    Removing lks32mc07x_gpio.o(i.__ARM_common_switch8), (26 bytes).

214 unused section(s) (total 10936 bytes) removed from the image.

==============================================================================

Image Symbol Table

    Local Symbols

    Symbol Name                              Value     Ov Type        Size  Object(Section)

    RESET                                    0x00000000   Section      192  startup_lks32mc07x.o(RESET)
    ../clib/angel/boardlib.s                 0x00000000   Number         0  boardinit2.o ABSOLUTE
    ../clib/angel/boardlib.s                 0x00000000   Number         0  boardinit3.o ABSOLUTE
    ../clib/angel/boardlib.s                 0x00000000   Number         0  boardshut.o ABSOLUTE
    ../clib/angel/boardlib.s                 0x00000000   Number         0  boardinit1.o ABSOLUTE
    ../clib/angel/handlers.s                 0x00000000   Number         0  __scatter_zi.o ABSOLUTE
    ../clib/angel/kernel.s                   0x00000000   Number         0  rtexit2.o ABSOLUTE
    ../clib/angel/kernel.s                   0x00000000   Number         0  __rtentry2.o ABSOLUTE
    ../clib/angel/kernel.s                   0x00000000   Number         0  rtexit.o ABSOLUTE
    ../clib/angel/kernel.s                   0x00000000   Number         0  __rtentry.o ABSOLUTE
    ../clib/angel/kernel.s                   0x00000000   Number         0  __rtentry4.o ABSOLUTE
    ../clib/angel/rt.s                       0x00000000   Number         0  rt_raise.o ABSOLUTE
    ../clib/angel/rt.s                       0x00000000   Number         0  rt_div0.o ABSOLUTE
    ../clib/angel/rt.s                       0x00000000   Number         0  aeabi_idiv0_sigfpe.o ABSOLUTE
    ../clib/angel/rt.s                       0x00000000   Number         0  aeabi_idiv0.o ABSOLUTE
    ../clib/angel/scatterp.s                 0x00000000   Number         0  __scatter.o ABSOLUTE
    ../clib/angel/startup.s                  0x00000000   Number         0  __main.o ABSOLUTE
    ../clib/angel/sys.s                      0x00000000   Number         0  libspace.o ABSOLUTE
    ../clib/angel/sys.s                      0x00000000   Number         0  tempstk.o ABSOLUTE
    ../clib/angel/sys.s                      0x00000000   Number         0  use_no_semi.o ABSOLUTE
    ../clib/angel/sys.s                      0x00000000   Number         0  indicate_semi.o ABSOLUTE
    ../clib/angel/sys.s                      0x00000000   Number         0  sys_stackheap_outer.o ABSOLUTE
    ../clib/angel/sysapp.c                   0x00000000   Number         0  sys_exit.o ABSOLUTE
    ../clib/angel/sysapp.c                   0x00000000   Number         0  sys_wrch.o ABSOLUTE
    ../clib/angel/sysapp.c                   0x00000000   Number         0  sys_command.o ABSOLUTE
    ../clib/armsys.c                         0x00000000   Number         0  no_argv.o ABSOLUTE
    ../clib/armsys.c                         0x00000000   Number         0  _get_argv_nomalloc.o ABSOLUTE
    ../clib/armsys.c                         0x00000000   Number         0  argv_veneer.o ABSOLUTE
    ../clib/division.s                       0x00000000   Number         0  aeabi_sdivfast.o ABSOLUTE
    ../clib/division.s                       0x00000000   Number         0  aeabi_sdivfast_div0.o ABSOLUTE
    ../clib/heapalloc.c                      0x00000000   Number         0  hrguard.o ABSOLUTE
    ../clib/heapaux.c                        0x00000000   Number         0  heapauxi.o ABSOLUTE
    ../clib/libinit.s                        0x00000000   Number         0  libinit2.o ABSOLUTE
    ../clib/libinit.s                        0x00000000   Number         0  libshutdown2.o ABSOLUTE
    ../clib/libinit.s                        0x00000000   Number         0  libinit.o ABSOLUTE
    ../clib/libinit.s                        0x00000000   Number         0  libshutdown.o ABSOLUTE
    ../clib/memcpset.c                       0x00000000   Number         0  rt_memclr.o ABSOLUTE
    ../clib/signal.c                         0x00000000   Number         0  defsig_pvfn_inner.o ABSOLUTE
    ../clib/signal.c                         0x00000000   Number         0  defsig_stak_inner.o ABSOLUTE
    ../clib/signal.c                         0x00000000   Number         0  defsig_rtmem_formal.o ABSOLUTE
    ../clib/signal.c                         0x00000000   Number         0  defsig_rtmem_outer.o ABSOLUTE
    ../clib/signal.c                         0x00000000   Number         0  defsig_fpe_formal.o ABSOLUTE
    ../clib/signal.c                         0x00000000   Number         0  defsig_fpe_outer.o ABSOLUTE
    ../clib/signal.c                         0x00000000   Number         0  defsig_rtmem_inner.o ABSOLUTE
    ../clib/signal.c                         0x00000000   Number         0  defsig_rtred_inner.o ABSOLUTE
    ../clib/signal.c                         0x00000000   Number         0  defsig_fpe_inner.o ABSOLUTE
    ../clib/signal.c                         0x00000000   Number         0  defsig_abrt_inner.o ABSOLUTE
    ../clib/signal.c                         0x00000000   Number         0  defsig_exit.o ABSOLUTE
    ../clib/signal.c                         0x00000000   Number         0  defsig_general.o ABSOLUTE
    ../clib/signal.c                         0x00000000   Number         0  __raise.o ABSOLUTE
    ../clib/signal.c                         0x00000000   Number         0  defsig_other.o ABSOLUTE
    ../clib/signal.c                         0x00000000   Number         0  defsig_segv_inner.o ABSOLUTE
    ../clib/signal.c                         0x00000000   Number         0  defsig_cppl_inner.o ABSOLUTE
    ../clib/signal.s                         0x00000000   Number         0  defsig.o ABSOLUTE
    ../clib/stdlib.c                         0x00000000   Number         0  exit.o ABSOLUTE
    ../clib/unhosted.c                       0x00000000   Number         0  uread4.o ABSOLUTE
    ../fplib/cfplib/fpinit.c                 0x00000000   Number         0  fpinit.o ABSOLUTE
    AppFunction\\hardware_init.c             0x00000000   Number         0  hardware_init.o ABSOLUTE
    AppFunction\\interrupt.c                 0x00000000   Number         0  interrupt.o ABSOLUTE
    AppFunction\hardware_init.c              0x00000000   Number         0  hardware_init.o ABSOLUTE
    AppFunction\interrupt.c                  0x00000000   Number         0  interrupt.o ABSOLUTE
    Kernal_Source\\main.c                    0x00000000   Number         0  main.o ABSOLUTE
    Kernal_Source\main.c                     0x00000000   Number         0  main.o ABSOLUTE
    LKS32MC07x_Periph_Driver\Source\lks32MC07x_flash.c 0x00000000   Number         0  lks32mc07x_flash.o ABSOLUTE
    LKS32MC07x_Periph_Driver\Source\lks32mc07x_adc.c 0x00000000   Number         0  lks32mc07x_adc.o ABSOLUTE
    LKS32MC07x_Periph_Driver\Source\lks32mc07x_can.c 0x00000000   Number         0  lks32mc07x_can.o ABSOLUTE
    LKS32MC07x_Periph_Driver\Source\lks32mc07x_cmp.c 0x00000000   Number         0  lks32mc07x_cmp.o ABSOLUTE
    LKS32MC07x_Periph_Driver\Source\lks32mc07x_dac.c 0x00000000   Number         0  lks32mc07x_dac.o ABSOLUTE
    LKS32MC07x_Periph_Driver\Source\lks32mc07x_dma.c 0x00000000   Number         0  lks32mc07x_dma.o ABSOLUTE
    LKS32MC07x_Periph_Driver\Source\lks32mc07x_dsp.c 0x00000000   Number         0  lks32mc07x_dsp.o ABSOLUTE
    LKS32MC07x_Periph_Driver\Source\lks32mc07x_exti.c 0x00000000   Number         0  lks32mc07x_exti.o ABSOLUTE
    LKS32MC07x_Periph_Driver\Source\lks32mc07x_gpio.c 0x00000000   Number         0  lks32mc07x_gpio.o ABSOLUTE
    LKS32MC07x_Periph_Driver\Source\lks32mc07x_hall.c 0x00000000   Number         0  lks32mc07x_hall.o ABSOLUTE
    LKS32MC07x_Periph_Driver\Source\lks32mc07x_mcpwm.c 0x00000000   Number         0  lks32mc07x_mcpwm.o ABSOLUTE
    LKS32MC07x_Periph_Driver\Source\lks32mc07x_opa.c 0x00000000   Number         0  lks32mc07x_opa.o ABSOLUTE
    LKS32MC07x_Periph_Driver\Source\lks32mc07x_qep.c 0x00000000   Number         0  lks32mc07x_qep.o ABSOLUTE
    LKS32MC07x_Periph_Driver\Source\lks32mc07x_sif.c 0x00000000   Number         0  lks32mc07x_sif.o ABSOLUTE
    LKS32MC07x_Periph_Driver\Source\lks32mc07x_sys.c 0x00000000   Number         0  lks32mc07x_sys.o ABSOLUTE
    LKS32MC07x_Periph_Driver\Source\lks32mc07x_tim.c 0x00000000   Number         0  lks32mc07x_tim.o ABSOLUTE
    LKS32MC07x_Periph_Driver\Source\lks32mc07x_tmp.c 0x00000000   Number         0  lks32mc07x_tmp.o ABSOLUTE
    LKS32MC07x_Periph_Driver\Source\lks32mc07x_uart.c 0x00000000   Number         0  lks32mc07x_uart.o ABSOLUTE
    LKS32MC07x_Periph_Driver\Source\lks32mc07x_wake.c 0x00000000   Number         0  lks32mc07x_wake.o ABSOLUTE
    LKS32MC07x_Periph_Driver\Source\startup_lks32mc07x.s 0x00000000   Number         0  startup_lks32mc07x.o ABSOLUTE
    LKS32MC07x_Periph_Driver\\Source\\lks32MC07x_flash.c 0x00000000   Number         0  lks32mc07x_flash.o ABSOLUTE
    LKS32MC07x_Periph_Driver\\Source\\lks32mc07x_adc.c 0x00000000   Number         0  lks32mc07x_adc.o ABSOLUTE
    LKS32MC07x_Periph_Driver\\Source\\lks32mc07x_can.c 0x00000000   Number         0  lks32mc07x_can.o ABSOLUTE
    LKS32MC07x_Periph_Driver\\Source\\lks32mc07x_cmp.c 0x00000000   Number         0  lks32mc07x_cmp.o ABSOLUTE
    LKS32MC07x_Periph_Driver\\Source\\lks32mc07x_dac.c 0x00000000   Number         0  lks32mc07x_dac.o ABSOLUTE
    LKS32MC07x_Periph_Driver\\Source\\lks32mc07x_dma.c 0x00000000   Number         0  lks32mc07x_dma.o ABSOLUTE
    LKS32MC07x_Periph_Driver\\Source\\lks32mc07x_dsp.c 0x00000000   Number         0  lks32mc07x_dsp.o ABSOLUTE
    LKS32MC07x_Periph_Driver\\Source\\lks32mc07x_exti.c 0x00000000   Number         0  lks32mc07x_exti.o ABSOLUTE
    LKS32MC07x_Periph_Driver\\Source\\lks32mc07x_gpio.c 0x00000000   Number         0  lks32mc07x_gpio.o ABSOLUTE
    LKS32MC07x_Periph_Driver\\Source\\lks32mc07x_hall.c 0x00000000   Number         0  lks32mc07x_hall.o ABSOLUTE
    LKS32MC07x_Periph_Driver\\Source\\lks32mc07x_mcpwm.c 0x00000000   Number         0  lks32mc07x_mcpwm.o ABSOLUTE
    LKS32MC07x_Periph_Driver\\Source\\lks32mc07x_opa.c 0x00000000   Number         0  lks32mc07x_opa.o ABSOLUTE
    LKS32MC07x_Periph_Driver\\Source\\lks32mc07x_qep.c 0x00000000   Number         0  lks32mc07x_qep.o ABSOLUTE
    LKS32MC07x_Periph_Driver\\Source\\lks32mc07x_sif.c 0x00000000   Number         0  lks32mc07x_sif.o ABSOLUTE
    LKS32MC07x_Periph_Driver\\Source\\lks32mc07x_sys.c 0x00000000   Number         0  lks32mc07x_sys.o ABSOLUTE
    LKS32MC07x_Periph_Driver\\Source\\lks32mc07x_tim.c 0x00000000   Number         0  lks32mc07x_tim.o ABSOLUTE
    LKS32MC07x_Periph_Driver\\Source\\lks32mc07x_tmp.c 0x00000000   Number         0  lks32mc07x_tmp.o ABSOLUTE
    LKS32MC07x_Periph_Driver\\Source\\lks32mc07x_uart.c 0x00000000   Number         0  lks32mc07x_uart.o ABSOLUTE
    LKS32MC07x_Periph_Driver\\Source\\lks32mc07x_wake.c 0x00000000   Number         0  lks32mc07x_wake.o ABSOLUTE
    dc.s                                     0x00000000   Number         0  dc.o ABSOLUTE
    lks32mc08x_nvr.c                         0x00000000   Number         0  lks32mc08x_nvr.o ABSOLUTE
    !!!main                                  0x000000c0   Section        8  __main.o(!!!main)
    !!!scatter                               0x000000c8   Section       60  __scatter.o(!!!scatter)
    !!handler_zi                             0x00000104   Section       28  __scatter_zi.o(!!handler_zi)
    .ARM.Collect$$libinit$$00000000          0x00000120   Section        2  libinit.o(.ARM.Collect$$libinit$$00000000)
    .ARM.Collect$$libinit$$00000002          0x00000122   Section        0  libinit2.o(.ARM.Collect$$libinit$$00000002)
    .ARM.Collect$$libinit$$00000004          0x00000122   Section        0  libinit2.o(.ARM.Collect$$libinit$$00000004)
    .ARM.Collect$$libinit$$0000000A          0x00000122   Section        0  libinit2.o(.ARM.Collect$$libinit$$0000000A)
    .ARM.Collect$$libinit$$0000000C          0x00000122   Section        0  libinit2.o(.ARM.Collect$$libinit$$0000000C)
    .ARM.Collect$$libinit$$0000000E          0x00000122   Section        0  libinit2.o(.ARM.Collect$$libinit$$0000000E)
    .ARM.Collect$$libinit$$00000011          0x00000122   Section        0  libinit2.o(.ARM.Collect$$libinit$$00000011)
    .ARM.Collect$$libinit$$00000013          0x00000122   Section        0  libinit2.o(.ARM.Collect$$libinit$$00000013)
    .ARM.Collect$$libinit$$00000015          0x00000122   Section        0  libinit2.o(.ARM.Collect$$libinit$$00000015)
    .ARM.Collect$$libinit$$00000017          0x00000122   Section        0  libinit2.o(.ARM.Collect$$libinit$$00000017)
    .ARM.Collect$$libinit$$00000019          0x00000122   Section        0  libinit2.o(.ARM.Collect$$libinit$$00000019)
    .ARM.Collect$$libinit$$0000001B          0x00000122   Section        0  libinit2.o(.ARM.Collect$$libinit$$0000001B)
    .ARM.Collect$$libinit$$0000001D          0x00000122   Section        0  libinit2.o(.ARM.Collect$$libinit$$0000001D)
    .ARM.Collect$$libinit$$0000001F          0x00000122   Section        0  libinit2.o(.ARM.Collect$$libinit$$0000001F)
    .ARM.Collect$$libinit$$00000021          0x00000122   Section        0  libinit2.o(.ARM.Collect$$libinit$$00000021)
    .ARM.Collect$$libinit$$00000023          0x00000122   Section        0  libinit2.o(.ARM.Collect$$libinit$$00000023)
    .ARM.Collect$$libinit$$00000025          0x00000122   Section        0  libinit2.o(.ARM.Collect$$libinit$$00000025)
    .ARM.Collect$$libinit$$0000002C          0x00000122   Section        0  libinit2.o(.ARM.Collect$$libinit$$0000002C)
    .ARM.Collect$$libinit$$0000002E          0x00000122   Section        0  libinit2.o(.ARM.Collect$$libinit$$0000002E)
    .ARM.Collect$$libinit$$00000030          0x00000122   Section        0  libinit2.o(.ARM.Collect$$libinit$$00000030)
    .ARM.Collect$$libinit$$00000032          0x00000122   Section        0  libinit2.o(.ARM.Collect$$libinit$$00000032)
    .ARM.Collect$$libinit$$00000033          0x00000122   Section        2  libinit2.o(.ARM.Collect$$libinit$$00000033)
    .ARM.Collect$$libshutdown$$00000000      0x00000124   Section        2  libshutdown.o(.ARM.Collect$$libshutdown$$00000000)
    .ARM.Collect$$libshutdown$$00000002      0x00000126   Section        0  libshutdown2.o(.ARM.Collect$$libshutdown$$00000002)
    .ARM.Collect$$libshutdown$$00000004      0x00000126   Section        0  libshutdown2.o(.ARM.Collect$$libshutdown$$00000004)
    .ARM.Collect$$libshutdown$$00000007      0x00000126   Section        0  libshutdown2.o(.ARM.Collect$$libshutdown$$00000007)
    .ARM.Collect$$libshutdown$$0000000A      0x00000126   Section        0  libshutdown2.o(.ARM.Collect$$libshutdown$$0000000A)
    .ARM.Collect$$libshutdown$$0000000C      0x00000126   Section        0  libshutdown2.o(.ARM.Collect$$libshutdown$$0000000C)
    .ARM.Collect$$libshutdown$$0000000F      0x00000126   Section        0  libshutdown2.o(.ARM.Collect$$libshutdown$$0000000F)
    .ARM.Collect$$libshutdown$$00000010      0x00000126   Section        2  libshutdown2.o(.ARM.Collect$$libshutdown$$00000010)
    .ARM.Collect$$rtentry$$00000000          0x00000128   Section        0  __rtentry.o(.ARM.Collect$$rtentry$$00000000)
    .ARM.Collect$$rtentry$$00000002          0x00000128   Section        0  __rtentry2.o(.ARM.Collect$$rtentry$$00000002)
    .ARM.Collect$$rtentry$$00000004          0x00000128   Section        6  __rtentry4.o(.ARM.Collect$$rtentry$$00000004)
    .ARM.Collect$$rtentry$$00000009          0x0000012e   Section        0  __rtentry2.o(.ARM.Collect$$rtentry$$00000009)
    .ARM.Collect$$rtentry$$0000000A          0x0000012e   Section        4  __rtentry2.o(.ARM.Collect$$rtentry$$0000000A)
    .ARM.Collect$$rtentry$$0000000C          0x00000132   Section        0  __rtentry2.o(.ARM.Collect$$rtentry$$0000000C)
    .ARM.Collect$$rtentry$$0000000D          0x00000132   Section        8  __rtentry2.o(.ARM.Collect$$rtentry$$0000000D)
    .ARM.Collect$$rtexit$$00000000           0x0000013a   Section        2  rtexit.o(.ARM.Collect$$rtexit$$00000000)
    .ARM.Collect$$rtexit$$00000002           0x0000013c   Section        0  rtexit2.o(.ARM.Collect$$rtexit$$00000002)
    .ARM.Collect$$rtexit$$00000003           0x0000013c   Section        4  rtexit2.o(.ARM.Collect$$rtexit$$00000003)
    .ARM.Collect$$rtexit$$00000004           0x00000140   Section        6  rtexit2.o(.ARM.Collect$$rtexit$$00000004)
    .text                                    0x00000148   Section       68  startup_lks32mc07x.o(.text)
    .text                                    0x0000018c   Section        0  heapauxi.o(.text)
    .text                                    0x00000192   Section       62  sys_stackheap_outer.o(.text)
    .text                                    0x000001d0   Section        0  exit.o(.text)
    .text                                    0x000001e0   Section        8  libspace.o(.text)
    .text                                    0x000001e8   Section        0  sys_exit.o(.text)
    .text                                    0x000001f4   Section        2  use_no_semi.o(.text)
    .text                                    0x000001f6   Section        0  indicate_semi.o(.text)
    i.ADC0_IRQHandler                        0x000001f6   Section        0  interrupt.o(i.ADC0_IRQHandler)
    i.ADC1_IRQHandler                        0x000001f8   Section        0  interrupt.o(i.ADC1_IRQHandler)
    i.CL0_IRQHandler                         0x000001fa   Section        0  interrupt.o(i.CL0_IRQHandler)
    i.CMP_IRQHandler                         0x000001fc   Section        0  interrupt.o(i.CMP_IRQHandler)
    i.Clock_Init                             0x00000200   Section        0  hardware_init.o(i.Clock_Init)
    i.DSP0_IRQHandler                        0x0000022c   Section        0  interrupt.o(i.DSP0_IRQHandler)
    i.GPIO_IRQHandler                        0x0000022e   Section        0  interrupt.o(i.GPIO_IRQHandler)
    i.GPIO_Init                              0x00000230   Section        0  lks32mc07x_gpio.o(i.GPIO_Init)
    i.GPIO_ResetBits                         0x000002b0   Section        0  lks32mc07x_gpio.o(i.GPIO_ResetBits)
    i.GPIO_SetBits                           0x000002b4   Section        0  lks32mc07x_gpio.o(i.GPIO_SetBits)
    i.GPIO_StructInit                        0x000002b8   Section        0  lks32mc07x_gpio.o(i.GPIO_StructInit)
    i.GPIO_init                              0x000002c8   Section        0  hardware_init.o(i.GPIO_init)
    i.HALL0_IRQHandler                       0x000002f0   Section        0  interrupt.o(i.HALL0_IRQHandler)
    i.Hardware_init                          0x000002f4   Section        0  hardware_init.o(i.Hardware_init)
    i.I2C0_IRQHandler                        0x00000318   Section        0  interrupt.o(i.I2C0_IRQHandler)
    i.IWDG_DISABLE                           0x0000031c   Section        0  lks32mc07x_sys.o(i.IWDG_DISABLE)
    i.MCPWM0_IRQHandler                      0x0000032c   Section        0  interrupt.o(i.MCPWM0_IRQHandler)
    i.MCPWM1_IRQHandler                      0x0000032e   Section        0  interrupt.o(i.MCPWM1_IRQHandler)
    i.PWRDN_IRQHandler                       0x00000330   Section        0  interrupt.o(i.PWRDN_IRQHandler)
    i.QEP0_IRQHandler                        0x00000332   Section        0  interrupt.o(i.QEP0_IRQHandler)
    i.QEP1_IRQHandler                        0x00000334   Section        0  interrupt.o(i.QEP1_IRQHandler)
    i.SIF0_IRQHandler                        0x00000336   Section        0  interrupt.o(i.SIF0_IRQHandler)
    i.SPI0_IRQHandler                        0x00000338   Section        0  interrupt.o(i.SPI0_IRQHandler)
    i.SW_IRQHandler                          0x0000033a   Section        0  interrupt.o(i.SW_IRQHandler)
    i.SYS_ModuleClockCmd                     0x0000033c   Section        0  lks32mc07x_sys.o(i.SYS_ModuleClockCmd)
    i.SoftDelay                              0x00000360   Section        0  hardware_init.o(i.SoftDelay)
    i.SysTick_Handler                        0x00000372   Section        0  interrupt.o(i.SysTick_Handler)
    i.SystemInit                             0x00000374   Section        0  hardware_init.o(i.SystemInit)
    i.TIMER0_IRQHandler                      0x0000037c   Section        0  interrupt.o(i.TIMER0_IRQHandler)
    i.TIMER1_IRQHandler                      0x0000037e   Section        0  interrupt.o(i.TIMER1_IRQHandler)
    i.TIMER2_IRQHandler                      0x00000380   Section        0  interrupt.o(i.TIMER2_IRQHandler)
    i.TIMER3_IRQHandler                      0x00000382   Section        0  interrupt.o(i.TIMER3_IRQHandler)
    i.UART0_IRQHandler                       0x00000384   Section        0  interrupt.o(i.UART0_IRQHandler)
    i.UART1_IRQHandler                       0x00000386   Section        0  interrupt.o(i.UART1_IRQHandler)
    i.WAKE_IRQHandler                        0x00000388   Section        0  interrupt.o(i.WAKE_IRQHandler)
    i.main                                   0x0000038c   Section        0  main.o(i.main)
    .bss                                     0x20000000   Section       96  libspace.o(.bss)
    HEAP                                     0x20000060   Section      512  startup_lks32mc07x.o(HEAP)
    Heap_Mem                                 0x20000060   Data         512  startup_lks32mc07x.o(HEAP)
    STACK                                    0x20000260   Section     1024  startup_lks32mc07x.o(STACK)
    Stack_Mem                                0x20000260   Data        1024  startup_lks32mc07x.o(STACK)
    __initial_sp                             0x20000660   Data           0  startup_lks32mc07x.o(STACK)

    Global Symbols

    Symbol Name                              Value     Ov Type        Size  Object(Section)

    BuildAttributes$$THM_ISAv3M$S$PE$A:L22$X:L11$S22$IEEE1$IW$USESV6$~STKCKD$USESV7$~SHL$OTIME$ROPI$EBA8$UX$STANDARDLIB$REQ8$PRES8$EABIv2 0x00000000   Number         0  anon$$obj.o ABSOLUTE
    __ARM_use_no_argv                        0x00000000   Number         0  main.o ABSOLUTE
    __Vectors                                0x00000000   Data           4  startup_lks32mc07x.o(RESET)
    __ARM_exceptions_init                     - Undefined Weak Reference
    __alloca_initialize                       - Undefined Weak Reference
    __arm_preinit_                            - Undefined Weak Reference
    __cpp_initialize__aeabi_                  - Undefined Weak Reference
    __cxa_finalize                            - Undefined Weak Reference
    __rt_locale                               - Undefined Weak Reference
    __sigvec_lookup                           - Undefined Weak Reference
    _atexit_init                              - Undefined Weak Reference
    _call_atexit_fns                          - Undefined Weak Reference
    _clock_init                               - Undefined Weak Reference
    _fp_trap_init                             - Undefined Weak Reference
    _fp_trap_shutdown                         - Undefined Weak Reference
    _get_lc_collate                           - Undefined Weak Reference
    _get_lc_ctype                             - Undefined Weak Reference
    _get_lc_monetary                          - Undefined Weak Reference
    _get_lc_numeric                           - Undefined Weak Reference
    _get_lc_time                              - Undefined Weak Reference
    _getenv_init                              - Undefined Weak Reference
    _handle_redirection                       - Undefined Weak Reference
    _init_alloc                               - Undefined Weak Reference
    _init_user_alloc                          - Undefined Weak Reference
    _initio                                   - Undefined Weak Reference
    _rand_init                                - Undefined Weak Reference
    _signal_finish                            - Undefined Weak Reference
    _signal_init                              - Undefined Weak Reference
    _terminate_alloc                          - Undefined Weak Reference
    _terminate_user_alloc                     - Undefined Weak Reference
    _terminateio                              - Undefined Weak Reference
    __Vectors_End                            0x000000c0   Data           0  startup_lks32mc07x.o(RESET)
    __Vectors_Size                           0x000000c0   Number         0  startup_lks32mc07x.o ABSOLUTE
    __main                                   0x000000c1   Thumb Code     8  __main.o(!!!main)
    __scatterload                            0x000000c9   Thumb Code     0  __scatter.o(!!!scatter)
    __scatterload_rt2                        0x000000c9   Thumb Code    52  __scatter.o(!!!scatter)
    __scatterload_rt2_thumb_only             0x000000c9   Thumb Code     0  __scatter.o(!!!scatter)
    __scatterload_null                       0x000000d9   Thumb Code     0  __scatter.o(!!!scatter)
    __scatterload_zeroinit                   0x00000105   Thumb Code    28  __scatter_zi.o(!!handler_zi)
    __rt_lib_init                            0x00000121   Thumb Code     0  libinit.o(.ARM.Collect$$libinit$$00000000)
    __rt_lib_init_alloca_1                   0x00000123   Thumb Code     0  libinit2.o(.ARM.Collect$$libinit$$0000002E)
    __rt_lib_init_argv_1                     0x00000123   Thumb Code     0  libinit2.o(.ARM.Collect$$libinit$$0000002C)
    __rt_lib_init_atexit_1                   0x00000123   Thumb Code     0  libinit2.o(.ARM.Collect$$libinit$$0000001B)
    __rt_lib_init_clock_1                    0x00000123   Thumb Code     0  libinit2.o(.ARM.Collect$$libinit$$00000021)
    __rt_lib_init_cpp_1                      0x00000123   Thumb Code     0  libinit2.o(.ARM.Collect$$libinit$$00000032)
    __rt_lib_init_exceptions_1               0x00000123   Thumb Code     0  libinit2.o(.ARM.Collect$$libinit$$00000030)
    __rt_lib_init_fp_1                       0x00000123   Thumb Code     0  libinit2.o(.ARM.Collect$$libinit$$00000002)
    __rt_lib_init_fp_trap_1                  0x00000123   Thumb Code     0  libinit2.o(.ARM.Collect$$libinit$$0000001F)
    __rt_lib_init_getenv_1                   0x00000123   Thumb Code     0  libinit2.o(.ARM.Collect$$libinit$$00000023)
    __rt_lib_init_heap_1                     0x00000123   Thumb Code     0  libinit2.o(.ARM.Collect$$libinit$$0000000A)
    __rt_lib_init_lc_collate_1               0x00000123   Thumb Code     0  libinit2.o(.ARM.Collect$$libinit$$00000011)
    __rt_lib_init_lc_ctype_1                 0x00000123   Thumb Code     0  libinit2.o(.ARM.Collect$$libinit$$00000013)
    __rt_lib_init_lc_monetary_1              0x00000123   Thumb Code     0  libinit2.o(.ARM.Collect$$libinit$$00000015)
    __rt_lib_init_lc_numeric_1               0x00000123   Thumb Code     0  libinit2.o(.ARM.Collect$$libinit$$00000017)
    __rt_lib_init_lc_time_1                  0x00000123   Thumb Code     0  libinit2.o(.ARM.Collect$$libinit$$00000019)
    __rt_lib_init_preinit_1                  0x00000123   Thumb Code     0  libinit2.o(.ARM.Collect$$libinit$$00000004)
    __rt_lib_init_rand_1                     0x00000123   Thumb Code     0  libinit2.o(.ARM.Collect$$libinit$$0000000E)
    __rt_lib_init_return                     0x00000123   Thumb Code     0  libinit2.o(.ARM.Collect$$libinit$$00000033)
    __rt_lib_init_signal_1                   0x00000123   Thumb Code     0  libinit2.o(.ARM.Collect$$libinit$$0000001D)
    __rt_lib_init_stdio_1                    0x00000123   Thumb Code     0  libinit2.o(.ARM.Collect$$libinit$$00000025)
    __rt_lib_init_user_alloc_1               0x00000123   Thumb Code     0  libinit2.o(.ARM.Collect$$libinit$$0000000C)
    __rt_lib_shutdown                        0x00000125   Thumb Code     0  libshutdown.o(.ARM.Collect$$libshutdown$$00000000)
    __rt_lib_shutdown_cpp_1                  0x00000127   Thumb Code     0  libshutdown2.o(.ARM.Collect$$libshutdown$$00000002)
    __rt_lib_shutdown_fp_trap_1              0x00000127   Thumb Code     0  libshutdown2.o(.ARM.Collect$$libshutdown$$00000007)
    __rt_lib_shutdown_heap_1                 0x00000127   Thumb Code     0  libshutdown2.o(.ARM.Collect$$libshutdown$$0000000F)
    __rt_lib_shutdown_return                 0x00000127   Thumb Code     0  libshutdown2.o(.ARM.Collect$$libshutdown$$00000010)
    __rt_lib_shutdown_signal_1               0x00000127   Thumb Code     0  libshutdown2.o(.ARM.Collect$$libshutdown$$0000000A)
    __rt_lib_shutdown_stdio_1                0x00000127   Thumb Code     0  libshutdown2.o(.ARM.Collect$$libshutdown$$00000004)
    __rt_lib_shutdown_user_alloc_1           0x00000127   Thumb Code     0  libshutdown2.o(.ARM.Collect$$libshutdown$$0000000C)
    __rt_entry                               0x00000129   Thumb Code     0  __rtentry.o(.ARM.Collect$$rtentry$$00000000)
    __rt_entry_presh_1                       0x00000129   Thumb Code     0  __rtentry2.o(.ARM.Collect$$rtentry$$00000002)
    __rt_entry_sh                            0x00000129   Thumb Code     0  __rtentry4.o(.ARM.Collect$$rtentry$$00000004)
    __rt_entry_li                            0x0000012f   Thumb Code     0  __rtentry2.o(.ARM.Collect$$rtentry$$0000000A)
    __rt_entry_postsh_1                      0x0000012f   Thumb Code     0  __rtentry2.o(.ARM.Collect$$rtentry$$00000009)
    __rt_entry_main                          0x00000133   Thumb Code     0  __rtentry2.o(.ARM.Collect$$rtentry$$0000000D)
    __rt_entry_postli_1                      0x00000133   Thumb Code     0  __rtentry2.o(.ARM.Collect$$rtentry$$0000000C)
    __rt_exit                                0x0000013b   Thumb Code     0  rtexit.o(.ARM.Collect$$rtexit$$00000000)
    __rt_exit_ls                             0x0000013d   Thumb Code     0  rtexit2.o(.ARM.Collect$$rtexit$$00000003)
    __rt_exit_prels_1                        0x0000013d   Thumb Code     0  rtexit2.o(.ARM.Collect$$rtexit$$00000002)
    __rt_exit_exit                           0x00000141   Thumb Code     0  rtexit2.o(.ARM.Collect$$rtexit$$00000004)
    Reset_Handler                            0x00000149   Thumb Code    14  startup_lks32mc07x.o(.text)
    NMI_Handler                              0x00000157   Thumb Code     2  startup_lks32mc07x.o(.text)
    HardFault_Handler                        0x00000159   Thumb Code     2  startup_lks32mc07x.o(.text)
    SVC_Handler                              0x0000015b   Thumb Code     2  startup_lks32mc07x.o(.text)
    PendSV_Handler                           0x0000015d   Thumb Code     2  startup_lks32mc07x.o(.text)
    CAN0_IRQHandler                          0x00000161   Thumb Code     0  startup_lks32mc07x.o(.text)
    DMA0_IRQHandler                          0x00000161   Thumb Code     0  startup_lks32mc07x.o(.text)
    __user_initial_stackheap                 0x00000165   Thumb Code     0  startup_lks32mc07x.o(.text)
    __use_two_region_memory                  0x0000018d   Thumb Code     2  heapauxi.o(.text)
    __rt_heap_escrow$2region                 0x0000018f   Thumb Code     2  heapauxi.o(.text)
    __rt_heap_expand$2region                 0x00000191   Thumb Code     2  heapauxi.o(.text)
    __user_setup_stackheap                   0x00000193   Thumb Code    62  sys_stackheap_outer.o(.text)
    exit                                     0x000001d1   Thumb Code    16  exit.o(.text)
    __user_libspace                          0x000001e1   Thumb Code     8  libspace.o(.text)
    __user_perproc_libspace                  0x000001e1   Thumb Code     0  libspace.o(.text)
    __user_perthread_libspace                0x000001e1   Thumb Code     0  libspace.o(.text)
    _sys_exit                                0x000001e9   Thumb Code     8  sys_exit.o(.text)
    __I$use$semihosting                      0x000001f5   Thumb Code     0  use_no_semi.o(.text)
    __use_no_semihosting_swi                 0x000001f5   Thumb Code     2  use_no_semi.o(.text)
    ADC0_IRQHandler                          0x000001f7   Thumb Code     2  interrupt.o(i.ADC0_IRQHandler)
    __semihosting_library_function           0x000001f7   Thumb Code     0  indicate_semi.o(.text)
    ADC1_IRQHandler                          0x000001f9   Thumb Code     2  interrupt.o(i.ADC1_IRQHandler)
    CL0_IRQHandler                           0x000001fb   Thumb Code     2  interrupt.o(i.CL0_IRQHandler)
    CMP_IRQHandler                           0x000001fd   Thumb Code     2  interrupt.o(i.CMP_IRQHandler)
    Clock_Init                               0x00000201   Thumb Code    30  hardware_init.o(i.Clock_Init)
    DSP0_IRQHandler                          0x0000022d   Thumb Code     2  interrupt.o(i.DSP0_IRQHandler)
    GPIO_IRQHandler                          0x0000022f   Thumb Code     2  interrupt.o(i.GPIO_IRQHandler)
    GPIO_Init                                0x00000231   Thumb Code   128  lks32mc07x_gpio.o(i.GPIO_Init)
    GPIO_ResetBits                           0x000002b1   Thumb Code     4  lks32mc07x_gpio.o(i.GPIO_ResetBits)
    GPIO_SetBits                             0x000002b5   Thumb Code     4  lks32mc07x_gpio.o(i.GPIO_SetBits)
    GPIO_StructInit                          0x000002b9   Thumb Code    14  lks32mc07x_gpio.o(i.GPIO_StructInit)
    GPIO_init                                0x000002c9   Thumb Code    36  hardware_init.o(i.GPIO_init)
    HALL0_IRQHandler                         0x000002f1   Thumb Code     2  interrupt.o(i.HALL0_IRQHandler)
    Hardware_init                            0x000002f5   Thumb Code    28  hardware_init.o(i.Hardware_init)
    I2C0_IRQHandler                          0x00000319   Thumb Code     2  interrupt.o(i.I2C0_IRQHandler)
    IWDG_DISABLE                             0x0000031d   Thumb Code    10  lks32mc07x_sys.o(i.IWDG_DISABLE)
    MCPWM0_IRQHandler                        0x0000032d   Thumb Code     2  interrupt.o(i.MCPWM0_IRQHandler)
    MCPWM1_IRQHandler                        0x0000032f   Thumb Code     2  interrupt.o(i.MCPWM1_IRQHandler)
    PWRDN_IRQHandler                         0x00000331   Thumb Code     2  interrupt.o(i.PWRDN_IRQHandler)
    QEP0_IRQHandler                          0x00000333   Thumb Code     2  interrupt.o(i.QEP0_IRQHandler)
    QEP1_IRQHandler                          0x00000335   Thumb Code     2  interrupt.o(i.QEP1_IRQHandler)
    SIF0_IRQHandler                          0x00000337   Thumb Code     2  interrupt.o(i.SIF0_IRQHandler)
    SPI0_IRQHandler                          0x00000339   Thumb Code     2  interrupt.o(i.SPI0_IRQHandler)
    SW_IRQHandler                            0x0000033b   Thumb Code     2  interrupt.o(i.SW_IRQHandler)
    SYS_ModuleClockCmd                       0x0000033d   Thumb Code    26  lks32mc07x_sys.o(i.SYS_ModuleClockCmd)
    SoftDelay                                0x00000361   Thumb Code    18  hardware_init.o(i.SoftDelay)
    SysTick_Handler                          0x00000373   Thumb Code     2  interrupt.o(i.SysTick_Handler)
    SystemInit                               0x00000375   Thumb Code     8  hardware_init.o(i.SystemInit)
    TIMER0_IRQHandler                        0x0000037d   Thumb Code     2  interrupt.o(i.TIMER0_IRQHandler)
    TIMER1_IRQHandler                        0x0000037f   Thumb Code     2  interrupt.o(i.TIMER1_IRQHandler)
    TIMER2_IRQHandler                        0x00000381   Thumb Code     2  interrupt.o(i.TIMER2_IRQHandler)
    TIMER3_IRQHandler                        0x00000383   Thumb Code     2  interrupt.o(i.TIMER3_IRQHandler)
    UART0_IRQHandler                         0x00000385   Thumb Code     2  interrupt.o(i.UART0_IRQHandler)
    UART1_IRQHandler                         0x00000387   Thumb Code     2  interrupt.o(i.UART1_IRQHandler)
    WAKE_IRQHandler                          0x00000389   Thumb Code     2  interrupt.o(i.WAKE_IRQHandler)
    main                                     0x0000038d   Thumb Code    38  main.o(i.main)
    Region$$Table$$Base                      0x000003bc   Number         0  anon$$obj.o(Region$$Table)
    Region$$Table$$Limit                     0x000003cc   Number         0  anon$$obj.o(Region$$Table)
    __libspace_start                         0x20000000   Data          96  libspace.o(.bss)
    __temporary_stack_top$libspace           0x20000060   Data           0  libspace.o(.bss)



==============================================================================

Memory Map of the image

  Image Entry point : 0x000000c1

  Load Region LR_IROM1 (Base: 0x00000000, Size: 0x000003cc, Max: 0x00020000, ABSOLUTE)

    Execution Region ER_IROM1 (Exec base: 0x00000000, Load base: 0x00000000, Size: 0x000003cc, Max: 0x00020000, ABSOLUTE)

    Exec Addr    Load Addr    Size         Type   Attr      Idx    E Section Name        Object

    0x00000000   0x00000000   0x000000c0   Data   RO          617    RESET               startup_lks32mc07x.o
    0x000000c0   0x000000c0   0x00000008   Code   RO         1663  * !!!main             c_p.l(__main.o)
    0x000000c8   0x000000c8   0x0000003c   Code   RO         1832    !!!scatter          c_p.l(__scatter.o)
    0x00000104   0x00000104   0x0000001c   Code   RO         1834    !!handler_zi        c_p.l(__scatter_zi.o)
    0x00000120   0x00000120   0x00000002   Code   RO         1701    .ARM.Collect$$libinit$$00000000  c_p.l(libinit.o)
    0x00000122   0x00000122   0x00000000   Code   RO         1715    .ARM.Collect$$libinit$$00000002  c_p.l(libinit2.o)
    0x00000122   0x00000122   0x00000000   Code   RO         1717    .ARM.Collect$$libinit$$00000004  c_p.l(libinit2.o)
    0x00000122   0x00000122   0x00000000   Code   RO         1720    .ARM.Collect$$libinit$$0000000A  c_p.l(libinit2.o)
    0x00000122   0x00000122   0x00000000   Code   RO         1722    .ARM.Collect$$libinit$$0000000C  c_p.l(libinit2.o)
    0x00000122   0x00000122   0x00000000   Code   RO         1724    .ARM.Collect$$libinit$$0000000E  c_p.l(libinit2.o)
    0x00000122   0x00000122   0x00000000   Code   RO         1727    .ARM.Collect$$libinit$$00000011  c_p.l(libinit2.o)
    0x00000122   0x00000122   0x00000000   Code   RO         1729    .ARM.Collect$$libinit$$00000013  c_p.l(libinit2.o)
    0x00000122   0x00000122   0x00000000   Code   RO         1731    .ARM.Collect$$libinit$$00000015  c_p.l(libinit2.o)
    0x00000122   0x00000122   0x00000000   Code   RO         1733    .ARM.Collect$$libinit$$00000017  c_p.l(libinit2.o)
    0x00000122   0x00000122   0x00000000   Code   RO         1735    .ARM.Collect$$libinit$$00000019  c_p.l(libinit2.o)
    0x00000122   0x00000122   0x00000000   Code   RO         1737    .ARM.Collect$$libinit$$0000001B  c_p.l(libinit2.o)
    0x00000122   0x00000122   0x00000000   Code   RO         1739    .ARM.Collect$$libinit$$0000001D  c_p.l(libinit2.o)
    0x00000122   0x00000122   0x00000000   Code   RO         1741    .ARM.Collect$$libinit$$0000001F  c_p.l(libinit2.o)
    0x00000122   0x00000122   0x00000000   Code   RO         1743    .ARM.Collect$$libinit$$00000021  c_p.l(libinit2.o)
    0x00000122   0x00000122   0x00000000   Code   RO         1745    .ARM.Collect$$libinit$$00000023  c_p.l(libinit2.o)
    0x00000122   0x00000122   0x00000000   Code   RO         1747    .ARM.Collect$$libinit$$00000025  c_p.l(libinit2.o)
    0x00000122   0x00000122   0x00000000   Code   RO         1751    .ARM.Collect$$libinit$$0000002C  c_p.l(libinit2.o)
    0x00000122   0x00000122   0x00000000   Code   RO         1753    .ARM.Collect$$libinit$$0000002E  c_p.l(libinit2.o)
    0x00000122   0x00000122   0x00000000   Code   RO         1755    .ARM.Collect$$libinit$$00000030  c_p.l(libinit2.o)
    0x00000122   0x00000122   0x00000000   Code   RO         1757    .ARM.Collect$$libinit$$00000032  c_p.l(libinit2.o)
    0x00000122   0x00000122   0x00000002   Code   RO         1758    .ARM.Collect$$libinit$$00000033  c_p.l(libinit2.o)
    0x00000124   0x00000124   0x00000002   Code   RO         1789    .ARM.Collect$$libshutdown$$00000000  c_p.l(libshutdown.o)
    0x00000126   0x00000126   0x00000000   Code   RO         1815    .ARM.Collect$$libshutdown$$00000002  c_p.l(libshutdown2.o)
    0x00000126   0x00000126   0x00000000   Code   RO         1817    .ARM.Collect$$libshutdown$$00000004  c_p.l(libshutdown2.o)
    0x00000126   0x00000126   0x00000000   Code   RO         1820    .ARM.Collect$$libshutdown$$00000007  c_p.l(libshutdown2.o)
    0x00000126   0x00000126   0x00000000   Code   RO         1823    .ARM.Collect$$libshutdown$$0000000A  c_p.l(libshutdown2.o)
    0x00000126   0x00000126   0x00000000   Code   RO         1825    .ARM.Collect$$libshutdown$$0000000C  c_p.l(libshutdown2.o)
    0x00000126   0x00000126   0x00000000   Code   RO         1828    .ARM.Collect$$libshutdown$$0000000F  c_p.l(libshutdown2.o)
    0x00000126   0x00000126   0x00000002   Code   RO         1829    .ARM.Collect$$libshutdown$$00000010  c_p.l(libshutdown2.o)
    0x00000128   0x00000128   0x00000000   Code   RO         1665    .ARM.Collect$$rtentry$$00000000  c_p.l(__rtentry.o)
    0x00000128   0x00000128   0x00000000   Code   RO         1671    .ARM.Collect$$rtentry$$00000002  c_p.l(__rtentry2.o)
    0x00000128   0x00000128   0x00000006   Code   RO         1683    .ARM.Collect$$rtentry$$00000004  c_p.l(__rtentry4.o)
    0x0000012e   0x0000012e   0x00000000   Code   RO         1673    .ARM.Collect$$rtentry$$00000009  c_p.l(__rtentry2.o)
    0x0000012e   0x0000012e   0x00000004   Code   RO         1674    .ARM.Collect$$rtentry$$0000000A  c_p.l(__rtentry2.o)
    0x00000132   0x00000132   0x00000000   Code   RO         1676    .ARM.Collect$$rtentry$$0000000C  c_p.l(__rtentry2.o)
    0x00000132   0x00000132   0x00000008   Code   RO         1677    .ARM.Collect$$rtentry$$0000000D  c_p.l(__rtentry2.o)
    0x0000013a   0x0000013a   0x00000002   Code   RO         1706    .ARM.Collect$$rtexit$$00000000  c_p.l(rtexit.o)
    0x0000013c   0x0000013c   0x00000000   Code   RO         1762    .ARM.Collect$$rtexit$$00000002  c_p.l(rtexit2.o)
    0x0000013c   0x0000013c   0x00000004   Code   RO         1763    .ARM.Collect$$rtexit$$00000003  c_p.l(rtexit2.o)
    0x00000140   0x00000140   0x00000006   Code   RO         1764    .ARM.Collect$$rtexit$$00000004  c_p.l(rtexit2.o)
    0x00000146   0x00000146   0x00000002   PAD
    0x00000148   0x00000148   0x00000044   Code   RO          618    .text               startup_lks32mc07x.o
    0x0000018c   0x0000018c   0x00000006   Code   RO         1661    .text               c_p.l(heapauxi.o)
    0x00000192   0x00000192   0x0000003e   Code   RO         1687    .text               c_p.l(sys_stackheap_outer.o)
    0x000001d0   0x000001d0   0x00000010   Code   RO         1690    .text               c_p.l(exit.o)
    0x000001e0   0x000001e0   0x00000008   Code   RO         1702    .text               c_p.l(libspace.o)
    0x000001e8   0x000001e8   0x0000000c   Code   RO         1759    .text               c_p.l(sys_exit.o)
    0x000001f4   0x000001f4   0x00000002   Code   RO         1778    .text               c_p.l(use_no_semi.o)
    0x000001f6   0x000001f6   0x00000000   Code   RO         1780    .text               c_p.l(indicate_semi.o)
    0x000001f6   0x000001f6   0x00000002   Code   RO          197    i.ADC0_IRQHandler   interrupt.o
    0x000001f8   0x000001f8   0x00000002   Code   RO          198    i.ADC1_IRQHandler   interrupt.o
    0x000001fa   0x000001fa   0x00000002   Code   RO          199    i.CL0_IRQHandler    interrupt.o
    0x000001fc   0x000001fc   0x00000002   Code   RO          200    i.CMP_IRQHandler    interrupt.o
    0x000001fe   0x000001fe   0x00000002   PAD
    0x00000200   0x00000200   0x0000002c   Code   RO          143    i.Clock_Init        hardware_init.o
    0x0000022c   0x0000022c   0x00000002   Code   RO          201    i.DSP0_IRQHandler   interrupt.o
    0x0000022e   0x0000022e   0x00000002   Code   RO          204    i.GPIO_IRQHandler   interrupt.o
    0x00000230   0x00000230   0x00000080   Code   RO          417    i.GPIO_Init         lks32mc07x_gpio.o
    0x000002b0   0x000002b0   0x00000004   Code   RO          423    i.GPIO_ResetBits    lks32mc07x_gpio.o
    0x000002b4   0x000002b4   0x00000004   Code   RO          424    i.GPIO_SetBits      lks32mc07x_gpio.o
    0x000002b8   0x000002b8   0x0000000e   Code   RO          425    i.GPIO_StructInit   lks32mc07x_gpio.o
    0x000002c6   0x000002c6   0x00000002   PAD
    0x000002c8   0x000002c8   0x00000028   Code   RO          144    i.GPIO_init         hardware_init.o
    0x000002f0   0x000002f0   0x00000002   Code   RO          205    i.HALL0_IRQHandler  interrupt.o
    0x000002f2   0x000002f2   0x00000002   PAD
    0x000002f4   0x000002f4   0x00000024   Code   RO          145    i.Hardware_init     hardware_init.o
    0x00000318   0x00000318   0x00000002   Code   RO          206    i.I2C0_IRQHandler   interrupt.o
    0x0000031a   0x0000031a   0x00000002   PAD
    0x0000031c   0x0000031c   0x00000010   Code   RO          499    i.IWDG_DISABLE      lks32mc07x_sys.o
    0x0000032c   0x0000032c   0x00000002   Code   RO          207    i.MCPWM0_IRQHandler  interrupt.o
    0x0000032e   0x0000032e   0x00000002   Code   RO          208    i.MCPWM1_IRQHandler  interrupt.o
    0x00000330   0x00000330   0x00000002   Code   RO          210    i.PWRDN_IRQHandler  interrupt.o
    0x00000332   0x00000332   0x00000002   Code   RO          211    i.QEP0_IRQHandler   interrupt.o
    0x00000334   0x00000334   0x00000002   Code   RO          212    i.QEP1_IRQHandler   interrupt.o
    0x00000336   0x00000336   0x00000002   Code   RO          213    i.SIF0_IRQHandler   interrupt.o
    0x00000338   0x00000338   0x00000002   Code   RO          214    i.SPI0_IRQHandler   interrupt.o
    0x0000033a   0x0000033a   0x00000002   Code   RO          215    i.SW_IRQHandler     interrupt.o
    0x0000033c   0x0000033c   0x00000024   Code   RO          509    i.SYS_ModuleClockCmd  lks32mc07x_sys.o
    0x00000360   0x00000360   0x00000012   Code   RO          147    i.SoftDelay         hardware_init.o
    0x00000372   0x00000372   0x00000002   Code   RO          217    i.SysTick_Handler   interrupt.o
    0x00000374   0x00000374   0x00000008   Code   RO          148    i.SystemInit        hardware_init.o
    0x0000037c   0x0000037c   0x00000002   Code   RO          218    i.TIMER0_IRQHandler  interrupt.o
    0x0000037e   0x0000037e   0x00000002   Code   RO          219    i.TIMER1_IRQHandler  interrupt.o
    0x00000380   0x00000380   0x00000002   Code   RO          220    i.TIMER2_IRQHandler  interrupt.o
    0x00000382   0x00000382   0x00000002   Code   RO          221    i.TIMER3_IRQHandler  interrupt.o
    0x00000384   0x00000384   0x00000002   Code   RO          222    i.UART0_IRQHandler  interrupt.o
    0x00000386   0x00000386   0x00000002   Code   RO          223    i.UART1_IRQHandler  interrupt.o
    0x00000388   0x00000388   0x00000002   Code   RO          224    i.WAKE_IRQHandler   interrupt.o
    0x0000038a   0x0000038a   0x00000002   PAD
    0x0000038c   0x0000038c   0x00000030   Code   RO            3    i.main              main.o
    0x000003bc   0x000003bc   0x00000010   Data   RO         1830    Region$$Table       anon$$obj.o


    Execution Region RW_IRAM1 (Exec base: 0x20000000, Load base: 0x000003cc, Size: 0x00000660, Max: 0x00003000, ABSOLUTE)

    Exec Addr    Load Addr    Size         Type   Attr      Idx    E Section Name        Object

    0x20000000        -       0x00000060   Zero   RW         1703    .bss                c_p.l(libspace.o)
    0x20000060        -       0x00000200   Zero   RW          616    HEAP                startup_lks32mc07x.o
    0x20000260        -       0x00000400   Zero   RW          615    STACK               startup_lks32mc07x.o


==============================================================================

Image component sizes


      Code (inc. data)   RO Data    RW Data    ZI Data      Debug   Object Name

       146         26          0          0          0       3226   hardware_init.o
        48          0          0          0          0      11660   interrupt.o
       150          0          0          0          0       3090   lks32mc07x_gpio.o
        52         16          0          0          0       1188   lks32mc07x_sys.o
        48         10          0          0          0       9231   main.o
        68         32        192          0       1536        744   startup_lks32mc07x.o

    ----------------------------------------------------------------------
       522         84        208          0       1536      29139   Object Totals
         0          0         16          0          0          0   (incl. Generated)
        10          0          0          0          0          0   (incl. Padding)

    ----------------------------------------------------------------------

      Code (inc. data)   RO Data    RW Data    ZI Data      Debug   Library Member Name

         8          0          0          0          0         68   __main.o
         0          0          0          0          0          0   __rtentry.o
        12          0          0          0          0          0   __rtentry2.o
         6          0          0          0          0          0   __rtentry4.o
        60          8          0          0          0          0   __scatter.o
        28          0          0          0          0          0   __scatter_zi.o
        16          0          0          0          0         68   exit.o
         6          0          0          0          0        136   heapauxi.o
         0          0          0          0          0          0   indicate_semi.o
         2          0          0          0          0          0   libinit.o
         2          0          0          0          0          0   libinit2.o
         2          0          0          0          0          0   libshutdown.o
         2          0          0          0          0          0   libshutdown2.o
         8          4          0          0         96         68   libspace.o
         2          0          0          0          0          0   rtexit.o
        10          0          0          0          0          0   rtexit2.o
        12          4          0          0          0         60   sys_exit.o
        62          0          0          0          0         80   sys_stackheap_outer.o
         2          0          0          0          0         68   use_no_semi.o

    ----------------------------------------------------------------------
       242         16          0          0         96        548   Library Totals
         2          0          0          0          0          0   (incl. Padding)

    ----------------------------------------------------------------------

      Code (inc. data)   RO Data    RW Data    ZI Data      Debug   Library Name

       240         16          0          0         96        548   c_p.l

    ----------------------------------------------------------------------
       242         16          0          0         96        548   Library Totals

    ----------------------------------------------------------------------

==============================================================================


      Code (inc. data)   RO Data    RW Data    ZI Data      Debug   

       764        100        208          0       1632      28075   Grand Totals
       764        100        208          0       1632      28075   ELF Image Totals
       764        100        208          0          0          0   ROM Totals

==============================================================================

    Total RO  Size (Code + RO Data)                  972 (   0.95kB)
    Total RW  Size (RW Data + ZI Data)              1632 (   1.59kB)
    Total ROM Size (Code + RO Data + RW Data)        972 (   0.95kB)

==============================================================================

