<!doctype html public "-//w3c//dtd html 4.0 transitional//en">
<html><head>
<title>Static Call Graph - [.\Objects\lks03x_Project.axf]</title></head>
<body><HR>
<H1>Static Call Graph for image .\Objects\lks03x_Project.axf</H1><HR>
<BR><P>#&#060CALLGRAPH&#062# ARM Linker, 6160001: Last Updated: Thu Feb 13 17:15:11 2025
<BR><P>
<H3>Maximum Stack Usage =        480 bytes + Unknown(Cycles, Untraceable Function Pointers)</H3><H3>
Call chain for Maximum Stack Depth:</H3>
main &rArr; FluxObserveParaCalc &rArr; __aeabi_ldivmod &rArr; __aeabi_uldivmod &rArr; __aeabi_llsr
<P>
<H3>
Mutually Recursive functions
</H3> <LI><a href="#[1]">NMI_Handler</a>&nbsp;&nbsp;&nbsp;&rArr;&nbsp;&nbsp;&nbsp;<a href="#[1]">NMI_Handler</a><BR>
 <LI><a href="#[3]">SVC_Handler</a>&nbsp;&nbsp;&nbsp;&rArr;&nbsp;&nbsp;&nbsp;<a href="#[3]">SVC_Handler</a><BR>
 <LI><a href="#[4]">PendSV_Handler</a>&nbsp;&nbsp;&nbsp;&rArr;&nbsp;&nbsp;&nbsp;<a href="#[4]">PendSV_Handler</a><BR>
 <LI><a href="#[11]">DMA_IRQHandler</a>&nbsp;&nbsp;&nbsp;&rArr;&nbsp;&nbsp;&nbsp;<a href="#[11]">DMA_IRQHandler</a><BR>
</UL>
<P>
<H3>
Function Pointers
</H3><UL>
 <LI><a href="#[10]">ADC_IRQHandler</a> from lto-llvm-caad6e.o(.text.ADC_IRQHandler) referenced from startup_lks32mc03x.o(RESET)
 <LI><a href="#[1c]">AcquireBmefSamplingResultsM0</a> from lto-llvm-caad6e.o(.text.AcquireBmefSamplingResultsM0) referenced from lto-llvm-caad6e.o(.rodata)
 <LI><a href="#[19]">AcquireCurSamplingResultsM0</a> from lto-llvm-caad6e.o(.text.AcquireCurSamplingResultsM0) referenced from lto-llvm-caad6e.o(.rodata)
 <LI><a href="#[1b]">AcquireNTCSamplingResultsM0</a> from lto-llvm-caad6e.o(.text.AcquireNTCSamplingResultsM0) referenced from lto-llvm-caad6e.o(.rodata)
 <LI><a href="#[1a]">AcquireVdcSamplingResultsM0</a> from lto-llvm-caad6e.o(.text.AcquireVdcSamplingResultsM0) referenced from lto-llvm-caad6e.o(.rodata)
 <LI><a href="#[f]">CMP_IRQHandler</a> from lto-llvm-caad6e.o(.text.CMP_IRQHandler) referenced from startup_lks32mc03x.o(RESET)
 <LI><a href="#[1d]">ChangeADChanelCFGM0</a> from lto-llvm-caad6e.o(.text.ChangeADChanelCFGM0) referenced from lto-llvm-caad6e.o(.rodata)
 <LI><a href="#[23]">ClrEPWM0_breakInStatus</a> from lto-llvm-caad6e.o(.text.ClrEPWM0_breakInStatus) referenced from lto-llvm-caad6e.o(.rodata)
 <LI><a href="#[11]">DMA_IRQHandler</a> from startup_lks32mc03x.o(.text) referenced from startup_lks32mc03x.o(RESET)
 <LI><a href="#[20]">EPWM0_Charge</a> from lto-llvm-caad6e.o(.text.EPWM0_Charge) referenced from lto-llvm-caad6e.o(.rodata)
 <LI><a href="#[1f]">EPWM0_OutPut</a> from lto-llvm-caad6e.o(.text.EPWM0_OutPut) referenced from lto-llvm-caad6e.o(.rodata)
 <LI><a href="#[c]">GPIO_IRQHandler</a> from startup_lks32mc03x.o(.text) referenced from startup_lks32mc03x.o(RESET)
 <LI><a href="#[22]">GetEPWM0_breakInStatus</a> from lto-llvm-caad6e.o(.text.GetEPWM0_breakInStatus) referenced from lto-llvm-caad6e.o(.rodata)
 <LI><a href="#[d]">HALL_IRQHandler</a> from lto-llvm-caad6e.o(.text.HALL_IRQHandler) referenced from startup_lks32mc03x.o(RESET)
 <LI><a href="#[2]">HardFault_Handler</a> from lto-llvm-caad6e.o(.text.HardFault_Handler) referenced from startup_lks32mc03x.o(RESET)
 <LI><a href="#[a]">I2C_IRQHandler</a> from startup_lks32mc03x.o(.text) referenced from startup_lks32mc03x.o(RESET)
 <LI><a href="#[21]">InitEPWM0ChargeEnd</a> from lto-llvm-caad6e.o(.text.InitEPWM0ChargeEnd) referenced from lto-llvm-caad6e.o(.rodata)
 <LI><a href="#[8]">MCPWM0_IRQHandler</a> from startup_lks32mc03x.o(.text) referenced from startup_lks32mc03x.o(RESET)
 <LI><a href="#[1e]">MCPWM0_RegUpdate</a> from lto-llvm-caad6e.o(.text.MCPWM0_RegUpdate) referenced from lto-llvm-caad6e.o(.rodata)
 <LI><a href="#[9]">MCPWM1_IRQHandler</a> from startup_lks32mc03x.o(.text) referenced from startup_lks32mc03x.o(RESET)
 <LI><a href="#[1]">NMI_Handler</a> from startup_lks32mc03x.o(.text) referenced from startup_lks32mc03x.o(RESET)
 <LI><a href="#[4]">PendSV_Handler</a> from startup_lks32mc03x.o(.text) referenced from startup_lks32mc03x.o(RESET)
 <LI><a href="#[0]">Reset_Handler</a> from startup_lks32mc03x.o(.text) referenced from startup_lks32mc03x.o(RESET)
 <LI><a href="#[b]">SPI_IRQHandler</a> from startup_lks32mc03x.o(.text) referenced from startup_lks32mc03x.o(RESET)
 <LI><a href="#[3]">SVC_Handler</a> from startup_lks32mc03x.o(.text) referenced from startup_lks32mc03x.o(RESET)
 <LI><a href="#[17]">SVPWM_1ShuntGetPhaseIaNIb</a> from lto-llvm-caad6e.o(.text.SVPWM_1ShuntGetPhaseIaNIb) referenced from lib_ipd.o(.text.IPDEst_SMotor)
 <LI><a href="#[18]">SVPWM_2ShuntGetPhaseIaIb</a> from lto-llvm-caad6e.o(.text.SVPWM_2ShuntGetPhaseIaIb) referenced from lib_ipd.o(.text.IPDEst_SMotor)
 <LI><a href="#[18]">SVPWM_2ShuntGetPhaseIaIb</a> from lto-llvm-caad6e.o(.text.SVPWM_2ShuntGetPhaseIaIb) referenced from lto-llvm-caad6e.o(.text.main)
 <LI><a href="#[24]">SVPWM_2Shunt_En1</a> from fluxobserve.o(.text.SVPWM_2Shunt_En1) referenced from lto-llvm-caad6e.o(.rodata)
 <LI><a href="#[13]">SW_IRQHandler</a> from startup_lks32mc03x.o(.text) referenced from startup_lks32mc03x.o(RESET)
 <LI><a href="#[5]">SysTick_Handler</a> from lto-llvm-caad6e.o(.text.SysTick_Handler) referenced from startup_lks32mc03x.o(RESET)
 <LI><a href="#[15]">SystemInit</a> from lto-llvm-caad6e.o(.text.SystemInit) referenced from startup_lks32mc03x.o(.text)
 <LI><a href="#[6]">TIMER0_IRQHandler</a> from lto-llvm-caad6e.o(.text.TIMER0_IRQHandler) referenced from startup_lks32mc03x.o(RESET)
 <LI><a href="#[7]">TIMER1_IRQHandler</a> from lto-llvm-caad6e.o(.text.TIMER1_IRQHandler) referenced from startup_lks32mc03x.o(RESET)
 <LI><a href="#[e]">UART_IRQHandler</a> from startup_lks32mc03x.o(.text) referenced from startup_lks32mc03x.o(RESET)
 <LI><a href="#[12]">WAKE_IRQHandler</a> from startup_lks32mc03x.o(.text) referenced from startup_lks32mc03x.o(RESET)
 <LI><a href="#[16]">__main</a> from entry.o(.ARM.Collect$$$$00000000) referenced from startup_lks32mc03x.o(.text)
 <LI><a href="#[14]">main</a> from lto-llvm-caad6e.o(.text.main) referenced from entry9a.o(.ARM.Collect$$$$0000000B)
</UL>
<P>
<H3>
Global Symbols
</H3>
<P><STRONG><a name="[16]"></a>__main</STRONG> (Thumb, 0 bytes, Stack size unknown bytes, entry.o(.ARM.Collect$$$$00000000))
<BR>[Address Reference Count : 1]<UL><LI> startup_lks32mc03x.o(.text)
</UL>
<P><STRONG><a name="[7b]"></a>_main_stk</STRONG> (Thumb, 0 bytes, Stack size unknown bytes, entry2.o(.ARM.Collect$$$$00000001))

<P><STRONG><a name="[25]"></a>_main_scatterload</STRONG> (Thumb, 0 bytes, Stack size unknown bytes, entry5.o(.ARM.Collect$$$$00000004))
<BR><BR>[Calls]<UL><LI><a href="#[26]">&gt;&gt;</a>&nbsp;&nbsp;&nbsp;__scatterload
</UL>

<P><STRONG><a name="[30]"></a>__main_after_scatterload</STRONG> (Thumb, 0 bytes, Stack size unknown bytes, entry5.o(.ARM.Collect$$$$00000004))
<BR><BR>[Called By]<UL><LI><a href="#[26]">&gt;&gt;</a>&nbsp;&nbsp;&nbsp;__scatterload
</UL>

<P><STRONG><a name="[7c]"></a>_main_clock</STRONG> (Thumb, 0 bytes, Stack size unknown bytes, entry7b.o(.ARM.Collect$$$$00000008))

<P><STRONG><a name="[7d]"></a>_main_cpp_init</STRONG> (Thumb, 0 bytes, Stack size unknown bytes, entry8b.o(.ARM.Collect$$$$0000000A))

<P><STRONG><a name="[7e]"></a>_main_init</STRONG> (Thumb, 0 bytes, Stack size unknown bytes, entry9a.o(.ARM.Collect$$$$0000000B))

<P><STRONG><a name="[7f]"></a>__rt_final_cpp</STRONG> (Thumb, 0 bytes, Stack size unknown bytes, entry10a.o(.ARM.Collect$$$$0000000D))

<P><STRONG><a name="[80]"></a>__rt_final_exit</STRONG> (Thumb, 0 bytes, Stack size unknown bytes, entry11a.o(.ARM.Collect$$$$0000000F))

<P><STRONG><a name="[0]"></a>Reset_Handler</STRONG> (Thumb, 14 bytes, Stack size 0 bytes, startup_lks32mc03x.o(.text))
<BR>[Address Reference Count : 1]<UL><LI> startup_lks32mc03x.o(RESET)
</UL>
<P><STRONG><a name="[1]"></a>NMI_Handler</STRONG> (Thumb, 2 bytes, Stack size 0 bytes, startup_lks32mc03x.o(.text))
<BR><BR>[Calls]<UL><LI><a href="#[1]">&gt;&gt;</a>&nbsp;&nbsp;&nbsp;NMI_Handler
</UL>
<BR>[Called By]<UL><LI><a href="#[1]">&gt;&gt;</a>&nbsp;&nbsp;&nbsp;NMI_Handler
</UL>
<BR>[Address Reference Count : 1]<UL><LI> startup_lks32mc03x.o(RESET)
</UL>
<P><STRONG><a name="[3]"></a>SVC_Handler</STRONG> (Thumb, 2 bytes, Stack size 0 bytes, startup_lks32mc03x.o(.text))
<BR><BR>[Calls]<UL><LI><a href="#[3]">&gt;&gt;</a>&nbsp;&nbsp;&nbsp;SVC_Handler
</UL>
<BR>[Called By]<UL><LI><a href="#[3]">&gt;&gt;</a>&nbsp;&nbsp;&nbsp;SVC_Handler
</UL>
<BR>[Address Reference Count : 1]<UL><LI> startup_lks32mc03x.o(RESET)
</UL>
<P><STRONG><a name="[4]"></a>PendSV_Handler</STRONG> (Thumb, 2 bytes, Stack size 0 bytes, startup_lks32mc03x.o(.text))
<BR><BR>[Calls]<UL><LI><a href="#[4]">&gt;&gt;</a>&nbsp;&nbsp;&nbsp;PendSV_Handler
</UL>
<BR>[Called By]<UL><LI><a href="#[4]">&gt;&gt;</a>&nbsp;&nbsp;&nbsp;PendSV_Handler
</UL>
<BR>[Address Reference Count : 1]<UL><LI> startup_lks32mc03x.o(RESET)
</UL>
<P><STRONG><a name="[11]"></a>DMA_IRQHandler</STRONG> (Thumb, 0 bytes, Stack size 0 bytes, startup_lks32mc03x.o(.text))
<BR><BR>[Calls]<UL><LI><a href="#[11]">&gt;&gt;</a>&nbsp;&nbsp;&nbsp;DMA_IRQHandler
</UL>
<BR>[Called By]<UL><LI><a href="#[11]">&gt;&gt;</a>&nbsp;&nbsp;&nbsp;DMA_IRQHandler
</UL>
<BR>[Address Reference Count : 1]<UL><LI> startup_lks32mc03x.o(RESET)
</UL>
<P><STRONG><a name="[c]"></a>GPIO_IRQHandler</STRONG> (Thumb, 0 bytes, Stack size 0 bytes, startup_lks32mc03x.o(.text))
<BR>[Address Reference Count : 1]<UL><LI> startup_lks32mc03x.o(RESET)
</UL>
<P><STRONG><a name="[a]"></a>I2C_IRQHandler</STRONG> (Thumb, 0 bytes, Stack size 0 bytes, startup_lks32mc03x.o(.text))
<BR>[Address Reference Count : 1]<UL><LI> startup_lks32mc03x.o(RESET)
</UL>
<P><STRONG><a name="[8]"></a>MCPWM0_IRQHandler</STRONG> (Thumb, 0 bytes, Stack size 0 bytes, startup_lks32mc03x.o(.text))
<BR>[Address Reference Count : 1]<UL><LI> startup_lks32mc03x.o(RESET)
</UL>
<P><STRONG><a name="[9]"></a>MCPWM1_IRQHandler</STRONG> (Thumb, 0 bytes, Stack size 0 bytes, startup_lks32mc03x.o(.text))
<BR>[Address Reference Count : 1]<UL><LI> startup_lks32mc03x.o(RESET)
</UL>
<P><STRONG><a name="[b]"></a>SPI_IRQHandler</STRONG> (Thumb, 0 bytes, Stack size 0 bytes, startup_lks32mc03x.o(.text))
<BR>[Address Reference Count : 1]<UL><LI> startup_lks32mc03x.o(RESET)
</UL>
<P><STRONG><a name="[13]"></a>SW_IRQHandler</STRONG> (Thumb, 0 bytes, Stack size 0 bytes, startup_lks32mc03x.o(.text))
<BR>[Address Reference Count : 1]<UL><LI> startup_lks32mc03x.o(RESET)
</UL>
<P><STRONG><a name="[e]"></a>UART_IRQHandler</STRONG> (Thumb, 0 bytes, Stack size 0 bytes, startup_lks32mc03x.o(.text))
<BR>[Address Reference Count : 1]<UL><LI> startup_lks32mc03x.o(RESET)
</UL>
<P><STRONG><a name="[12]"></a>WAKE_IRQHandler</STRONG> (Thumb, 0 bytes, Stack size 0 bytes, startup_lks32mc03x.o(.text))
<BR>[Address Reference Count : 1]<UL><LI> startup_lks32mc03x.o(RESET)
</UL>
<P><STRONG><a name="[27]"></a>__aeabi_uldivmod</STRONG> (Thumb, 96 bytes, Stack size 48 bytes, uldiv.o(.text))
<BR><BR>[Stack]<UL><LI>Max Depth = 56<LI>Call Chain = __aeabi_uldivmod &rArr; __aeabi_llsr
</UL>
<BR>[Calls]<UL><LI><a href="#[28]">&gt;&gt;</a>&nbsp;&nbsp;&nbsp;__aeabi_llsr
<LI><a href="#[29]">&gt;&gt;</a>&nbsp;&nbsp;&nbsp;__aeabi_llsl
</UL>
<BR>[Called By]<UL><LI><a href="#[44]">&gt;&gt;</a>&nbsp;&nbsp;&nbsp;FluxObserveParaCalc
<LI><a href="#[2a]">&gt;&gt;</a>&nbsp;&nbsp;&nbsp;__aeabi_ldivmod
</UL>

<P><STRONG><a name="[2a]"></a>__aeabi_ldivmod</STRONG> (Thumb, 76 bytes, Stack size 24 bytes, ldiv.o(.text))
<BR><BR>[Stack]<UL><LI>Max Depth = 80<LI>Call Chain = __aeabi_ldivmod &rArr; __aeabi_uldivmod &rArr; __aeabi_llsr
</UL>
<BR>[Calls]<UL><LI><a href="#[27]">&gt;&gt;</a>&nbsp;&nbsp;&nbsp;__aeabi_uldivmod
</UL>
<BR>[Called By]<UL><LI><a href="#[44]">&gt;&gt;</a>&nbsp;&nbsp;&nbsp;FluxObserveParaCalc
<LI><a href="#[40]">&gt;&gt;</a>&nbsp;&nbsp;&nbsp;CalcVectorVFPara
<LI><a href="#[14]">&gt;&gt;</a>&nbsp;&nbsp;&nbsp;main
<LI><a href="#[73]">&gt;&gt;</a>&nbsp;&nbsp;&nbsp;motorControlParaInitDone
<LI><a href="#[4c]">&gt;&gt;</a>&nbsp;&nbsp;&nbsp;MCPWM_init
</UL>

<P><STRONG><a name="[42]"></a>__aeabi_lmul</STRONG> (Thumb, 48 bytes, Stack size 12 bytes, llmul.o(.text))
<BR><BR>[Stack]<UL><LI>Max Depth = 12<LI>Call Chain = __aeabi_lmul
</UL>
<BR>[Called By]<UL><LI><a href="#[44]">&gt;&gt;</a>&nbsp;&nbsp;&nbsp;FluxObserveParaCalc
<LI><a href="#[40]">&gt;&gt;</a>&nbsp;&nbsp;&nbsp;CalcVectorVFPara
<LI><a href="#[14]">&gt;&gt;</a>&nbsp;&nbsp;&nbsp;main
<LI><a href="#[73]">&gt;&gt;</a>&nbsp;&nbsp;&nbsp;motorControlParaInitDone
<LI><a href="#[52]">&gt;&gt;</a>&nbsp;&nbsp;&nbsp;StateInit
<LI><a href="#[4c]">&gt;&gt;</a>&nbsp;&nbsp;&nbsp;MCPWM_init
</UL>

<P><STRONG><a name="[81]"></a>_ll_mul</STRONG> (Thumb, 0 bytes, Stack size 12 bytes, llmul.o(.text), UNUSED)

<P><STRONG><a name="[29]"></a>__aeabi_llsl</STRONG> (Thumb, 32 bytes, Stack size 8 bytes, llshl.o(.text))
<BR><BR>[Stack]<UL><LI>Max Depth = 8<LI>Call Chain = __aeabi_llsl
</UL>
<BR>[Called By]<UL><LI><a href="#[51]">&gt;&gt;</a>&nbsp;&nbsp;&nbsp;QCurRefGenValue
<LI><a href="#[27]">&gt;&gt;</a>&nbsp;&nbsp;&nbsp;__aeabi_uldivmod
</UL>

<P><STRONG><a name="[82]"></a>_ll_shift_l</STRONG> (Thumb, 0 bytes, Stack size 8 bytes, llshl.o(.text), UNUSED)

<P><STRONG><a name="[2c]"></a>__aeabi_memset</STRONG> (Thumb, 14 bytes, Stack size 0 bytes, memseta.o(.text), UNUSED)
<BR><BR>[Called By]<UL><LI><a href="#[2d]">&gt;&gt;</a>&nbsp;&nbsp;&nbsp;_memset$wrapper
<LI><a href="#[2b]">&gt;&gt;</a>&nbsp;&nbsp;&nbsp;__aeabi_memclr
</UL>

<P><STRONG><a name="[83]"></a>__aeabi_memset4</STRONG> (Thumb, 0 bytes, Stack size 0 bytes, memseta.o(.text), UNUSED)

<P><STRONG><a name="[84]"></a>__aeabi_memset8</STRONG> (Thumb, 0 bytes, Stack size 0 bytes, memseta.o(.text), UNUSED)

<P><STRONG><a name="[2b]"></a>__aeabi_memclr</STRONG> (Thumb, 4 bytes, Stack size 0 bytes, memseta.o(.text), UNUSED)
<BR><BR>[Calls]<UL><LI><a href="#[2c]">&gt;&gt;</a>&nbsp;&nbsp;&nbsp;__aeabi_memset
</UL>

<P><STRONG><a name="[46]"></a>__aeabi_memclr4</STRONG> (Thumb, 0 bytes, Stack size 0 bytes, memseta.o(.text))
<BR><BR>[Called By]<UL><LI><a href="#[44]">&gt;&gt;</a>&nbsp;&nbsp;&nbsp;FluxObserveParaCalc
<LI><a href="#[4f]">&gt;&gt;</a>&nbsp;&nbsp;&nbsp;OnTheFlyDetectInit
<LI><a href="#[14]">&gt;&gt;</a>&nbsp;&nbsp;&nbsp;main
</UL>

<P><STRONG><a name="[66]"></a>__aeabi_memclr8</STRONG> (Thumb, 0 bytes, Stack size 0 bytes, memseta.o(.text))
<BR><BR>[Called By]<UL><LI><a href="#[14]">&gt;&gt;</a>&nbsp;&nbsp;&nbsp;main
</UL>

<P><STRONG><a name="[2d]"></a>_memset$wrapper</STRONG> (Thumb, 18 bytes, Stack size 8 bytes, memseta.o(.text), UNUSED)
<BR><BR>[Calls]<UL><LI><a href="#[2c]">&gt;&gt;</a>&nbsp;&nbsp;&nbsp;__aeabi_memset
</UL>

<P><STRONG><a name="[41]"></a>__aeabi_uidiv</STRONG> (Thumb, 0 bytes, Stack size 16 bytes, uidiv_div0.o(.text))
<BR><BR>[Stack]<UL><LI>Max Depth = 16<LI>Call Chain = __aeabi_uidiv
</UL>
<BR>[Called By]<UL><LI><a href="#[40]">&gt;&gt;</a>&nbsp;&nbsp;&nbsp;CalcVectorVFPara
</UL>

<P><STRONG><a name="[2f]"></a>__aeabi_uidivmod</STRONG> (Thumb, 62 bytes, Stack size 16 bytes, uidiv_div0.o(.text), UNUSED)
<BR><BR>[Called By]<UL><LI><a href="#[2e]">&gt;&gt;</a>&nbsp;&nbsp;&nbsp;__aeabi_idivmod$div0
</UL>

<P><STRONG><a name="[45]"></a>__aeabi_idiv</STRONG> (Thumb, 0 bytes, Stack size 16 bytes, idiv_div0.o(.text))
<BR><BR>[Stack]<UL><LI>Max Depth = 16<LI>Call Chain = __aeabi_idiv
</UL>
<BR>[Called By]<UL><LI><a href="#[4a]">&gt;&gt;</a>&nbsp;&nbsp;&nbsp;InitDQCurRefGenWithWeakenFlux
<LI><a href="#[44]">&gt;&gt;</a>&nbsp;&nbsp;&nbsp;FluxObserveParaCalc
<LI><a href="#[14]">&gt;&gt;</a>&nbsp;&nbsp;&nbsp;main
<LI><a href="#[67]">&gt;&gt;</a>&nbsp;&nbsp;&nbsp;updateAcrParaMALayer
<LI><a href="#[73]">&gt;&gt;</a>&nbsp;&nbsp;&nbsp;motorControlParaInitDone
<LI><a href="#[52]">&gt;&gt;</a>&nbsp;&nbsp;&nbsp;StateInit
<LI><a href="#[4c]">&gt;&gt;</a>&nbsp;&nbsp;&nbsp;MCPWM_init
</UL>

<P><STRONG><a name="[2e]"></a>__aeabi_idivmod$div0</STRONG> (Thumb, 74 bytes, Stack size 16 bytes, idiv_div0.o(.text), UNUSED)
<BR><BR>[Calls]<UL><LI><a href="#[2f]">&gt;&gt;</a>&nbsp;&nbsp;&nbsp;__aeabi_uidivmod
</UL>

<P><STRONG><a name="[28]"></a>__aeabi_llsr</STRONG> (Thumb, 34 bytes, Stack size 8 bytes, llushr.o(.text))
<BR><BR>[Stack]<UL><LI>Max Depth = 8<LI>Call Chain = __aeabi_llsr
</UL>
<BR>[Called By]<UL><LI><a href="#[27]">&gt;&gt;</a>&nbsp;&nbsp;&nbsp;__aeabi_uldivmod
</UL>

<P><STRONG><a name="[85]"></a>_ll_ushift_r</STRONG> (Thumb, 0 bytes, Stack size 8 bytes, llushr.o(.text), UNUSED)

<P><STRONG><a name="[26]"></a>__scatterload</STRONG> (Thumb, 28 bytes, Stack size 0 bytes, init.o(.text))
<BR><BR>[Calls]<UL><LI><a href="#[30]">&gt;&gt;</a>&nbsp;&nbsp;&nbsp;__main_after_scatterload
</UL>
<BR>[Called By]<UL><LI><a href="#[25]">&gt;&gt;</a>&nbsp;&nbsp;&nbsp;_main_scatterload
</UL>

<P><STRONG><a name="[86]"></a>__scatterload_rt2</STRONG> (Thumb, 0 bytes, Stack size 0 bytes, init.o(.text), UNUSED)

<P><STRONG><a name="[3c]"></a>__aeabi_memcpy</STRONG> (Thumb, 36 bytes, Stack size 0 bytes, memcpya.o(.text))
<BR><BR>[Called By]<UL><LI><a href="#[14]">&gt;&gt;</a>&nbsp;&nbsp;&nbsp;main
<LI><a href="#[10]">&gt;&gt;</a>&nbsp;&nbsp;&nbsp;ADC_IRQHandler
</UL>

<P><STRONG><a name="[87]"></a>__aeabi_memcpy4</STRONG> (Thumb, 0 bytes, Stack size 0 bytes, memcpya.o(.text), UNUSED)

<P><STRONG><a name="[88]"></a>__aeabi_memcpy8</STRONG> (Thumb, 0 bytes, Stack size 0 bytes, memcpya.o(.text), UNUSED)

<P><STRONG><a name="[10]"></a>ADC_IRQHandler</STRONG> (Thumb, 1420 bytes, Stack size 32 bytes, lto-llvm-caad6e.o(.text.ADC_IRQHandler))
<BR><BR>[Stack]<UL><LI>Max Depth = 192<LI>Call Chain = ADC_IRQHandler &rArr; IPDEst_SMotor &rArr; IPD_AngleCalc &rArr; Calc_Atan
</UL>
<BR>[Calls]<UL><LI><a href="#[3e]">&gt;&gt;</a>&nbsp;&nbsp;&nbsp;getIPDAngleLib
<LI><a href="#[39]">&gt;&gt;</a>&nbsp;&nbsp;&nbsp;CalcVolCircle
<LI><a href="#[37]">&gt;&gt;</a>&nbsp;&nbsp;&nbsp;OnTheFlyDetectPro
<LI><a href="#[24]">&gt;&gt;</a>&nbsp;&nbsp;&nbsp;SVPWM_2Shunt_En1
<LI><a href="#[31]">&gt;&gt;</a>&nbsp;&nbsp;&nbsp;CalcDcVoltPerUnit
<LI><a href="#[3a]">&gt;&gt;</a>&nbsp;&nbsp;&nbsp;PmsmFluxObserve_Full
<LI><a href="#[3f]">&gt;&gt;</a>&nbsp;&nbsp;&nbsp;getIPDFinishFlag
<LI><a href="#[33]">&gt;&gt;</a>&nbsp;&nbsp;&nbsp;setTrakingModeDisable
<LI><a href="#[3d]">&gt;&gt;</a>&nbsp;&nbsp;&nbsp;IPDEst_SMotor
<LI><a href="#[32]">&gt;&gt;</a>&nbsp;&nbsp;&nbsp;setLibWorkMode
<LI><a href="#[36]">&gt;&gt;</a>&nbsp;&nbsp;&nbsp;setTrakingModeEnable
<LI><a href="#[35]">&gt;&gt;</a>&nbsp;&nbsp;&nbsp;getCurLoopCloseStatusFromOB
<LI><a href="#[38]">&gt;&gt;</a>&nbsp;&nbsp;&nbsp;InitPmFluxOB
<LI><a href="#[3b]">&gt;&gt;</a>&nbsp;&nbsp;&nbsp;getElectAngleEst
<LI><a href="#[3c]">&gt;&gt;</a>&nbsp;&nbsp;&nbsp;__aeabi_memcpy
<LI><a href="#[34]">&gt;&gt;</a>&nbsp;&nbsp;&nbsp;Trig_Functions
</UL>
<BR>[Address Reference Count : 1]<UL><LI> startup_lks32mc03x.o(RESET)
</UL>
<P><STRONG><a name="[47]"></a>App2CoreFreqTrans</STRONG> (Thumb, 12 bytes, Stack size 0 bytes, lto-llvm-caad6e.o(.text.App2CoreFreqTrans))
<BR><BR>[Called By]<UL><LI><a href="#[44]">&gt;&gt;</a>&nbsp;&nbsp;&nbsp;FluxObserveParaCalc
</UL>

<P><STRONG><a name="[75]"></a>BrakeStateCheck</STRONG> (Thumb, 80 bytes, Stack size 8 bytes, onthefly.o(.text.BrakeStateCheck))
<BR><BR>[Stack]<UL><LI>Max Depth = 8<LI>Call Chain = BrakeStateCheck
</UL>
<BR>[Called By]<UL><LI><a href="#[14]">&gt;&gt;</a>&nbsp;&nbsp;&nbsp;main
</UL>

<P><STRONG><a name="[78]"></a>BrakeStateCheckInit</STRONG> (Thumb, 10 bytes, Stack size 0 bytes, onthefly.o(.text.BrakeStateCheckInit))
<BR><BR>[Called By]<UL><LI><a href="#[14]">&gt;&gt;</a>&nbsp;&nbsp;&nbsp;main
</UL>

<P><STRONG><a name="[f]"></a>CMP_IRQHandler</STRONG> (Thumb, 2 bytes, Stack size 0 bytes, lto-llvm-caad6e.o(.text.CMP_IRQHandler))
<BR>[Address Reference Count : 1]<UL><LI> startup_lks32mc03x.o(RESET)
</UL>
<P><STRONG><a name="[31]"></a>CalcDcVoltPerUnit</STRONG> (Thumb, 44 bytes, Stack size 0 bytes, fluxobserve.o(.text.CalcDcVoltPerUnit))
<BR><BR>[Called By]<UL><LI><a href="#[10]">&gt;&gt;</a>&nbsp;&nbsp;&nbsp;ADC_IRQHandler
</UL>

<P><STRONG><a name="[40]"></a>CalcVectorVFPara</STRONG> (Thumb, 396 bytes, Stack size 40 bytes, fluxobserve.o(.text.CalcVectorVFPara))
<BR><BR>[Stack]<UL><LI>Max Depth = 120<LI>Call Chain = CalcVectorVFPara &rArr; __aeabi_ldivmod &rArr; __aeabi_uldivmod &rArr; __aeabi_llsr
</UL>
<BR>[Calls]<UL><LI><a href="#[43]">&gt;&gt;</a>&nbsp;&nbsp;&nbsp;CountLeadZero
<LI><a href="#[41]">&gt;&gt;</a>&nbsp;&nbsp;&nbsp;__aeabi_uidiv
<LI><a href="#[42]">&gt;&gt;</a>&nbsp;&nbsp;&nbsp;__aeabi_lmul
<LI><a href="#[2a]">&gt;&gt;</a>&nbsp;&nbsp;&nbsp;__aeabi_ldivmod
</UL>
<BR>[Called By]<UL><LI><a href="#[14]">&gt;&gt;</a>&nbsp;&nbsp;&nbsp;main
</UL>

<P><STRONG><a name="[39]"></a>CalcVolCircle</STRONG> (Thumb, 204 bytes, Stack size 48 bytes, fluxobserve.o(.text.CalcVolCircle))
<BR><BR>[Stack]<UL><LI>Max Depth = 48<LI>Call Chain = CalcVolCircle
</UL>
<BR>[Calls]<UL><LI><a href="#[34]">&gt;&gt;</a>&nbsp;&nbsp;&nbsp;Trig_Functions
</UL>
<BR>[Called By]<UL><LI><a href="#[10]">&gt;&gt;</a>&nbsp;&nbsp;&nbsp;ADC_IRQHandler
</UL>

<P><STRONG><a name="[49]"></a>Calc_Atan</STRONG> (Thumb, 288 bytes, Stack size 16 bytes, fluxobserve.o(.text.Calc_Atan))
<BR><BR>[Stack]<UL><LI>Max Depth = 16<LI>Call Chain = Calc_Atan
</UL>
<BR>[Called By]<UL><LI><a href="#[48]">&gt;&gt;</a>&nbsp;&nbsp;&nbsp;IPD_AngleCalc
<LI><a href="#[3a]">&gt;&gt;</a>&nbsp;&nbsp;&nbsp;PmsmFluxObserve_Full
</UL>

<P><STRONG><a name="[43]"></a>CountLeadZero</STRONG> (Thumb, 64 bytes, Stack size 0 bytes, lto-llvm-caad6e.o(.text.CountLeadZero))
<BR><BR>[Called By]<UL><LI><a href="#[44]">&gt;&gt;</a>&nbsp;&nbsp;&nbsp;FluxObserveParaCalc
<LI><a href="#[40]">&gt;&gt;</a>&nbsp;&nbsp;&nbsp;CalcVectorVFPara
</UL>

<P><STRONG><a name="[50]"></a>CurrentPIRegulator</STRONG> (Thumb, 56 bytes, Stack size 8 bytes, lto-llvm-caad6e.o(.text.CurrentPIRegulator))
<BR><BR>[Stack]<UL><LI>Max Depth = 8<LI>Call Chain = CurrentPIRegulator
</UL>
<BR>[Called By]<UL><LI><a href="#[3a]">&gt;&gt;</a>&nbsp;&nbsp;&nbsp;PmsmFluxObserve_Full
</UL>

<P><STRONG><a name="[4e]"></a>Div_Functions</STRONG> (Thumb, 12 bytes, Stack size 0 bytes, lto-llvm-caad6e.o(.text.Div_Functions))
<BR><BR>[Called By]<UL><LI><a href="#[4d]">&gt;&gt;</a>&nbsp;&nbsp;&nbsp;InitIPD
</UL>

<P><STRONG><a name="[44]"></a>FluxObserveParaCalc</STRONG> (Thumb, 1224 bytes, Stack size 96 bytes, fluxobserve.o(.text.FluxObserveParaCalc))
<BR><BR>[Stack]<UL><LI>Max Depth = 176<LI>Call Chain = FluxObserveParaCalc &rArr; __aeabi_ldivmod &rArr; __aeabi_uldivmod &rArr; __aeabi_llsr
</UL>
<BR>[Calls]<UL><LI><a href="#[43]">&gt;&gt;</a>&nbsp;&nbsp;&nbsp;CountLeadZero
<LI><a href="#[47]">&gt;&gt;</a>&nbsp;&nbsp;&nbsp;App2CoreFreqTrans
<LI><a href="#[45]">&gt;&gt;</a>&nbsp;&nbsp;&nbsp;__aeabi_idiv
<LI><a href="#[46]">&gt;&gt;</a>&nbsp;&nbsp;&nbsp;__aeabi_memclr4
<LI><a href="#[42]">&gt;&gt;</a>&nbsp;&nbsp;&nbsp;__aeabi_lmul
<LI><a href="#[2a]">&gt;&gt;</a>&nbsp;&nbsp;&nbsp;__aeabi_ldivmod
<LI><a href="#[27]">&gt;&gt;</a>&nbsp;&nbsp;&nbsp;__aeabi_uldivmod
</UL>
<BR>[Called By]<UL><LI><a href="#[14]">&gt;&gt;</a>&nbsp;&nbsp;&nbsp;main
</UL>

<P><STRONG><a name="[d]"></a>HALL_IRQHandler</STRONG> (Thumb, 2 bytes, Stack size 0 bytes, lto-llvm-caad6e.o(.text.HALL_IRQHandler))
<BR>[Address Reference Count : 1]<UL><LI> startup_lks32mc03x.o(RESET)
</UL>
<P><STRONG><a name="[2]"></a>HardFault_Handler</STRONG> (Thumb, 2 bytes, Stack size 0 bytes, lto-llvm-caad6e.o(.text.HardFault_Handler))
<BR>[Address Reference Count : 1]<UL><LI> startup_lks32mc03x.o(RESET)
</UL>
<P><STRONG><a name="[3d]"></a>IPDEst_SMotor</STRONG> (Thumb, 788 bytes, Stack size 112 bytes, lib_ipd.o(.text.IPDEst_SMotor))
<BR><BR>[Stack]<UL><LI>Max Depth = 160<LI>Call Chain = IPDEst_SMotor &rArr; IPD_AngleCalc &rArr; Calc_Atan
</UL>
<BR>[Calls]<UL><LI><a href="#[48]">&gt;&gt;</a>&nbsp;&nbsp;&nbsp;IPD_AngleCalc
</UL>
<BR>[Called By]<UL><LI><a href="#[10]">&gt;&gt;</a>&nbsp;&nbsp;&nbsp;ADC_IRQHandler
</UL>

<P><STRONG><a name="[6c]"></a>IQ15SqrtIQ31</STRONG> (Thumb, 256 bytes, Stack size 16 bytes, fluxobserve.o(.text.IQ15SqrtIQ31))
<BR><BR>[Stack]<UL><LI>Max Depth = 16<LI>Call Chain = IQ15SqrtIQ31
</UL>
<BR>[Called By]<UL><LI><a href="#[14]">&gt;&gt;</a>&nbsp;&nbsp;&nbsp;main
</UL>

<P><STRONG><a name="[4a]"></a>InitDQCurRefGenWithWeakenFlux</STRONG> (Thumb, 88 bytes, Stack size 32 bytes, fluxobserve.o(.text.InitDQCurRefGenWithWeakenFlux))
<BR><BR>[Stack]<UL><LI>Max Depth = 48<LI>Call Chain = InitDQCurRefGenWithWeakenFlux &rArr; __aeabi_idiv
</UL>
<BR>[Calls]<UL><LI><a href="#[45]">&gt;&gt;</a>&nbsp;&nbsp;&nbsp;__aeabi_idiv
</UL>
<BR>[Called By]<UL><LI><a href="#[52]">&gt;&gt;</a>&nbsp;&nbsp;&nbsp;StateInit
</UL>

<P><STRONG><a name="[4d]"></a>InitIPD</STRONG> (Thumb, 192 bytes, Stack size 32 bytes, lib_ipd.o(.text.InitIPD))
<BR><BR>[Stack]<UL><LI>Max Depth = 32<LI>Call Chain = InitIPD
</UL>
<BR>[Calls]<UL><LI><a href="#[4e]">&gt;&gt;</a>&nbsp;&nbsp;&nbsp;Div_Functions
</UL>
<BR>[Called By]<UL><LI><a href="#[14]">&gt;&gt;</a>&nbsp;&nbsp;&nbsp;main
</UL>

<P><STRONG><a name="[38]"></a>InitPmFluxOB</STRONG> (Thumb, 128 bytes, Stack size 24 bytes, fluxobserve.o(.text.InitPmFluxOB))
<BR><BR>[Stack]<UL><LI>Max Depth = 24<LI>Call Chain = InitPmFluxOB
</UL>
<BR>[Called By]<UL><LI><a href="#[14]">&gt;&gt;</a>&nbsp;&nbsp;&nbsp;main
<LI><a href="#[10]">&gt;&gt;</a>&nbsp;&nbsp;&nbsp;ADC_IRQHandler
</UL>

<P><STRONG><a name="[4f]"></a>OnTheFlyDetectInit</STRONG> (Thumb, 56 bytes, Stack size 16 bytes, onthefly.o(.text.OnTheFlyDetectInit))
<BR><BR>[Stack]<UL><LI>Max Depth = 16<LI>Call Chain = OnTheFlyDetectInit
</UL>
<BR>[Calls]<UL><LI><a href="#[46]">&gt;&gt;</a>&nbsp;&nbsp;&nbsp;__aeabi_memclr4
</UL>
<BR>[Called By]<UL><LI><a href="#[14]">&gt;&gt;</a>&nbsp;&nbsp;&nbsp;main
</UL>

<P><STRONG><a name="[37]"></a>OnTheFlyDetectPro</STRONG> (Thumb, 144 bytes, Stack size 16 bytes, onthefly.o(.text.OnTheFlyDetectPro))
<BR><BR>[Stack]<UL><LI>Max Depth = 16<LI>Call Chain = OnTheFlyDetectPro
</UL>
<BR>[Called By]<UL><LI><a href="#[10]">&gt;&gt;</a>&nbsp;&nbsp;&nbsp;ADC_IRQHandler
</UL>

<P><STRONG><a name="[6f]"></a>PmsmFluxObserve1ms</STRONG> (Thumb, 184 bytes, Stack size 20 bytes, fluxobserve.o(.text.PmsmFluxObserve1ms))
<BR><BR>[Stack]<UL><LI>Max Depth = 20<LI>Call Chain = PmsmFluxObserve1ms
</UL>
<BR>[Called By]<UL><LI><a href="#[14]">&gt;&gt;</a>&nbsp;&nbsp;&nbsp;main
</UL>

<P><STRONG><a name="[3a]"></a>PmsmFluxObserve_Full</STRONG> (Thumb, 476 bytes, Stack size 88 bytes, fluxobserve.o(.text.PmsmFluxObserve_Full))
<BR><BR>[Stack]<UL><LI>Max Depth = 104<LI>Call Chain = PmsmFluxObserve_Full &rArr; Calc_Atan
</UL>
<BR>[Calls]<UL><LI><a href="#[49]">&gt;&gt;</a>&nbsp;&nbsp;&nbsp;Calc_Atan
<LI><a href="#[50]">&gt;&gt;</a>&nbsp;&nbsp;&nbsp;CurrentPIRegulator
</UL>
<BR>[Called By]<UL><LI><a href="#[10]">&gt;&gt;</a>&nbsp;&nbsp;&nbsp;ADC_IRQHandler
</UL>

<P><STRONG><a name="[51]"></a>QCurRefGenValue</STRONG> (Thumb, 60 bytes, Stack size 16 bytes, fluxobserve.o(.text.QCurRefGenValue))
<BR><BR>[Stack]<UL><LI>Max Depth = 24<LI>Call Chain = QCurRefGenValue &rArr; __aeabi_llsl
</UL>
<BR>[Calls]<UL><LI><a href="#[29]">&gt;&gt;</a>&nbsp;&nbsp;&nbsp;__aeabi_llsl
</UL>
<BR>[Called By]<UL><LI><a href="#[14]">&gt;&gt;</a>&nbsp;&nbsp;&nbsp;main
</UL>

<P><STRONG><a name="[5e]"></a>RegisterObjPar</STRONG> (Thumb, 12 bytes, Stack size 0 bytes, fluxobserve.o(.text.RegisterObjPar))
<BR><BR>[Called By]<UL><LI><a href="#[14]">&gt;&gt;</a>&nbsp;&nbsp;&nbsp;main
</UL>

<P><STRONG><a name="[59]"></a>RegisterObsAcrObj</STRONG> (Thumb, 20 bytes, Stack size 0 bytes, fluxobserve.o(.text.RegisterObsAcrObj))
<BR><BR>[Called By]<UL><LI><a href="#[14]">&gt;&gt;</a>&nbsp;&nbsp;&nbsp;main
</UL>

<P><STRONG><a name="[55]"></a>RegisterObsAngleObj</STRONG> (Thumb, 16 bytes, Stack size 0 bytes, fluxobserve.o(.text.RegisterObsAngleObj))
<BR><BR>[Called By]<UL><LI><a href="#[14]">&gt;&gt;</a>&nbsp;&nbsp;&nbsp;main
</UL>

<P><STRONG><a name="[58]"></a>RegisterObsCurObj</STRONG> (Thumb, 20 bytes, Stack size 0 bytes, fluxobserve.o(.text.RegisterObsCurObj))
<BR><BR>[Called By]<UL><LI><a href="#[14]">&gt;&gt;</a>&nbsp;&nbsp;&nbsp;main
</UL>

<P><STRONG><a name="[5c]"></a>RegisterObsGainObj</STRONG> (Thumb, 16 bytes, Stack size 0 bytes, fluxobserve.o(.text.RegisterObsGainObj))
<BR><BR>[Called By]<UL><LI><a href="#[14]">&gt;&gt;</a>&nbsp;&nbsp;&nbsp;main
</UL>

<P><STRONG><a name="[63]"></a>RegisterObsHDMDInfor</STRONG> (Thumb, 20 bytes, Stack size 0 bytes, fluxobserve.o(.text.RegisterObsHDMDInfor))
<BR><BR>[Called By]<UL><LI><a href="#[14]">&gt;&gt;</a>&nbsp;&nbsp;&nbsp;main
</UL>

<P><STRONG><a name="[62]"></a>RegisterObsHalDrvHandle</STRONG> (Thumb, 16 bytes, Stack size 0 bytes, fluxobserve.o(.text.RegisterObsHalDrvHandle))
<BR><BR>[Called By]<UL><LI><a href="#[14]">&gt;&gt;</a>&nbsp;&nbsp;&nbsp;main
</UL>

<P><STRONG><a name="[64]"></a>RegisterObsMAMDInfor</STRONG> (Thumb, 20 bytes, Stack size 0 bytes, fluxobserve.o(.text.RegisterObsMAMDInfor))
<BR><BR>[Called By]<UL><LI><a href="#[14]">&gt;&gt;</a>&nbsp;&nbsp;&nbsp;main
</UL>

<P><STRONG><a name="[54]"></a>RegisterObsPar</STRONG> (Thumb, 12 bytes, Stack size 0 bytes, fluxobserve.o(.text.RegisterObsPar))
<BR><BR>[Called By]<UL><LI><a href="#[14]">&gt;&gt;</a>&nbsp;&nbsp;&nbsp;main
</UL>

<P><STRONG><a name="[56]"></a>RegisterObsSpeedObj</STRONG> (Thumb, 16 bytes, Stack size 0 bytes, fluxobserve.o(.text.RegisterObsSpeedObj))
<BR><BR>[Called By]<UL><LI><a href="#[14]">&gt;&gt;</a>&nbsp;&nbsp;&nbsp;main
</UL>

<P><STRONG><a name="[57]"></a>RegisterObsStatorCurObj</STRONG> (Thumb, 20 bytes, Stack size 0 bytes, fluxobserve.o(.text.RegisterObsStatorCurObj))
<BR><BR>[Called By]<UL><LI><a href="#[14]">&gt;&gt;</a>&nbsp;&nbsp;&nbsp;main
</UL>

<P><STRONG><a name="[5b]"></a>RegisterObsTcObj</STRONG> (Thumb, 16 bytes, Stack size 0 bytes, fluxobserve.o(.text.RegisterObsTcObj))
<BR><BR>[Called By]<UL><LI><a href="#[14]">&gt;&gt;</a>&nbsp;&nbsp;&nbsp;main
</UL>

<P><STRONG><a name="[5a]"></a>RegisterObsVolObj</STRONG> (Thumb, 16 bytes, Stack size 0 bytes, fluxobserve.o(.text.RegisterObsVolObj))
<BR><BR>[Called By]<UL><LI><a href="#[14]">&gt;&gt;</a>&nbsp;&nbsp;&nbsp;main
</UL>

<P><STRONG><a name="[60]"></a>RegisterSamplingEv</STRONG> (Thumb, 12 bytes, Stack size 0 bytes, fluxobserve.o(.text.RegisterSamplingEv))
<BR><BR>[Called By]<UL><LI><a href="#[14]">&gt;&gt;</a>&nbsp;&nbsp;&nbsp;main
</UL>

<P><STRONG><a name="[5f]"></a>RegisterSamplingStru</STRONG> (Thumb, 16 bytes, Stack size 0 bytes, fluxobserve.o(.text.RegisterSamplingStru))
<BR><BR>[Called By]<UL><LI><a href="#[14]">&gt;&gt;</a>&nbsp;&nbsp;&nbsp;main
</UL>

<P><STRONG><a name="[61]"></a>RegisterSvpwmCmprTmr</STRONG> (Thumb, 12 bytes, Stack size 0 bytes, fluxobserve.o(.text.RegisterSvpwmCmprTmr))
<BR><BR>[Called By]<UL><LI><a href="#[14]">&gt;&gt;</a>&nbsp;&nbsp;&nbsp;main
</UL>

<P><STRONG><a name="[5d]"></a>RegisterSvpwmParObj</STRONG> (Thumb, 20 bytes, Stack size 0 bytes, fluxobserve.o(.text.RegisterSvpwmParObj))
<BR><BR>[Called By]<UL><LI><a href="#[14]">&gt;&gt;</a>&nbsp;&nbsp;&nbsp;main
</UL>

<P><STRONG><a name="[17]"></a>SVPWM_1ShuntGetPhaseIaNIb</STRONG> (Thumb, 22 bytes, Stack size 0 bytes, lto-llvm-caad6e.o(.text.SVPWM_1ShuntGetPhaseIaNIb))
<BR>[Address Reference Count : 1]<UL><LI> lib_ipd.o(.text.IPDEst_SMotor)
</UL>
<P><STRONG><a name="[18]"></a>SVPWM_2ShuntGetPhaseIaIb</STRONG> (Thumb, 26 bytes, Stack size 0 bytes, lto-llvm-caad6e.o(.text.SVPWM_2ShuntGetPhaseIaIb))
<BR>[Address Reference Count : 2]<UL><LI> lib_ipd.o(.text.IPDEst_SMotor)
<LI> lto-llvm-caad6e.o(.text.main)
</UL>
<P><STRONG><a name="[24]"></a>SVPWM_2Shunt_En1</STRONG> (Thumb, 332 bytes, Stack size 48 bytes, fluxobserve.o(.text.SVPWM_2Shunt_En1))
<BR><BR>[Stack]<UL><LI>Max Depth = 48<LI>Call Chain = SVPWM_2Shunt_En1
</UL>
<BR>[Called By]<UL><LI><a href="#[10]">&gt;&gt;</a>&nbsp;&nbsp;&nbsp;ADC_IRQHandler
</UL>
<BR>[Address Reference Count : 1]<UL><LI> lto-llvm-caad6e.o(.rodata)
</UL>
<P><STRONG><a name="[79]"></a>SetDCurRefInitValue</STRONG> (Thumb, 12 bytes, Stack size 0 bytes, fluxobserve.o(.text.SetDCurRefInitValue))
<BR><BR>[Called By]<UL><LI><a href="#[14]">&gt;&gt;</a>&nbsp;&nbsp;&nbsp;main
</UL>

<P><STRONG><a name="[5]"></a>SysTick_Handler</STRONG> (Thumb, 2 bytes, Stack size 0 bytes, lto-llvm-caad6e.o(.text.SysTick_Handler))
<BR>[Address Reference Count : 1]<UL><LI> startup_lks32mc03x.o(RESET)
</UL>
<P><STRONG><a name="[15]"></a>SystemInit</STRONG> (Thumb, 308 bytes, Stack size 24 bytes, lto-llvm-caad6e.o(.text.SystemInit))
<BR><BR>[Stack]<UL><LI>Max Depth = 24<LI>Call Chain = SystemInit
</UL>
<BR>[Calls]<UL><LI><a href="#[4b]">&gt;&gt;</a>&nbsp;&nbsp;&nbsp;Read_Trim
</UL>
<BR>[Address Reference Count : 1]<UL><LI> startup_lks32mc03x.o(.text)
</UL>
<P><STRONG><a name="[6]"></a>TIMER0_IRQHandler</STRONG> (Thumb, 36 bytes, Stack size 0 bytes, lto-llvm-caad6e.o(.text.TIMER0_IRQHandler))
<BR>[Address Reference Count : 1]<UL><LI> startup_lks32mc03x.o(RESET)
</UL>
<P><STRONG><a name="[7]"></a>TIMER1_IRQHandler</STRONG> (Thumb, 2 bytes, Stack size 0 bytes, lto-llvm-caad6e.o(.text.TIMER1_IRQHandler))
<BR>[Address Reference Count : 1]<UL><LI> startup_lks32mc03x.o(RESET)
</UL>
<P><STRONG><a name="[34]"></a>Trig_Functions</STRONG> (Thumb, 108 bytes, Stack size 0 bytes, lto-llvm-caad6e.o(.text.Trig_Functions))
<BR><BR>[Called By]<UL><LI><a href="#[39]">&gt;&gt;</a>&nbsp;&nbsp;&nbsp;CalcVolCircle
<LI><a href="#[10]">&gt;&gt;</a>&nbsp;&nbsp;&nbsp;ADC_IRQHandler
</UL>

<P><STRONG><a name="[35]"></a>getCurLoopCloseStatusFromOB</STRONG> (Thumb, 16 bytes, Stack size 0 bytes, fluxobserve.o(.text.getCurLoopCloseStatusFromOB))
<BR><BR>[Called By]<UL><LI><a href="#[10]">&gt;&gt;</a>&nbsp;&nbsp;&nbsp;ADC_IRQHandler
</UL>

<P><STRONG><a name="[77]"></a>getDCurRefGenWithEnWeakenFlux</STRONG> (Thumb, 164 bytes, Stack size 20 bytes, fluxobserve.o(.text.getDCurRefGenWithEnWeakenFlux))
<BR><BR>[Stack]<UL><LI>Max Depth = 20<LI>Call Chain = getDCurRefGenWithEnWeakenFlux
</UL>
<BR>[Called By]<UL><LI><a href="#[14]">&gt;&gt;</a>&nbsp;&nbsp;&nbsp;main
</UL>

<P><STRONG><a name="[3b]"></a>getElectAngleEst</STRONG> (Thumb, 16 bytes, Stack size 0 bytes, fluxobserve.o(.text.getElectAngleEst))
<BR><BR>[Called By]<UL><LI><a href="#[10]">&gt;&gt;</a>&nbsp;&nbsp;&nbsp;ADC_IRQHandler
</UL>

<P><STRONG><a name="[3e]"></a>getIPDAngleLib</STRONG> (Thumb, 12 bytes, Stack size 0 bytes, lib_ipd.o(.text.getIPDAngleLib))
<BR><BR>[Called By]<UL><LI><a href="#[10]">&gt;&gt;</a>&nbsp;&nbsp;&nbsp;ADC_IRQHandler
</UL>

<P><STRONG><a name="[3f]"></a>getIPDFinishFlag</STRONG> (Thumb, 16 bytes, Stack size 0 bytes, lib_ipd.o(.text.getIPDFinishFlag))
<BR><BR>[Called By]<UL><LI><a href="#[10]">&gt;&gt;</a>&nbsp;&nbsp;&nbsp;ADC_IRQHandler
</UL>

<P><STRONG><a name="[53]"></a>getLibMaxObjNumber</STRONG> (Thumb, 4 bytes, Stack size 0 bytes, fluxobserve.o(.text.getLibMaxObjNumber))
<BR><BR>[Called By]<UL><LI><a href="#[14]">&gt;&gt;</a>&nbsp;&nbsp;&nbsp;main
</UL>

<P><STRONG><a name="[6a]"></a>getMotorDaxisVoltFormObjId</STRONG> (Thumb, 16 bytes, Stack size 0 bytes, fluxobserve.o(.text.getMotorDaxisVoltFormObjId))
<BR><BR>[Called By]<UL><LI><a href="#[14]">&gt;&gt;</a>&nbsp;&nbsp;&nbsp;main
</UL>

<P><STRONG><a name="[6d]"></a>getMotorPowerFromObjId</STRONG> (Thumb, 40 bytes, Stack size 0 bytes, fluxobserve.o(.text.getMotorPowerFromObjId))
<BR><BR>[Called By]<UL><LI><a href="#[14]">&gt;&gt;</a>&nbsp;&nbsp;&nbsp;main
</UL>

<P><STRONG><a name="[6b]"></a>getMotorQaxisVoltFormObjId</STRONG> (Thumb, 16 bytes, Stack size 0 bytes, fluxobserve.o(.text.getMotorQaxisVoltFormObjId))
<BR><BR>[Called By]<UL><LI><a href="#[14]">&gt;&gt;</a>&nbsp;&nbsp;&nbsp;main
</UL>

<P><STRONG><a name="[6e]"></a>getOnFlyFreqResultFromObjId</STRONG> (Thumb, 12 bytes, Stack size 0 bytes, onthefly.o(.text.getOnFlyFreqResultFromObjId))
<BR><BR>[Called By]<UL><LI><a href="#[14]">&gt;&gt;</a>&nbsp;&nbsp;&nbsp;main
</UL>

<P><STRONG><a name="[76]"></a>getRunStatus</STRONG> (Thumb, 16 bytes, Stack size 0 bytes, fluxobserve.o(.text.getRunStatus))
<BR><BR>[Called By]<UL><LI><a href="#[14]">&gt;&gt;</a>&nbsp;&nbsp;&nbsp;main
</UL>

<P><STRONG><a name="[72]"></a>getVolt2FreqCalcPara</STRONG> (Thumb, 16 bytes, Stack size 0 bytes, fluxobserve.o(.text.getVolt2FreqCalcPara))
<BR><BR>[Called By]<UL><LI><a href="#[14]">&gt;&gt;</a>&nbsp;&nbsp;&nbsp;main
</UL>

<P><STRONG><a name="[14]"></a>main</STRONG> (Thumb, 10660 bytes, Stack size 304 bytes, lto-llvm-caad6e.o(.text.main))
<BR><BR>[Stack]<UL><LI>Max Depth = 480<LI>Call Chain = main &rArr; FluxObserveParaCalc &rArr; __aeabi_ldivmod &rArr; __aeabi_uldivmod &rArr; __aeabi_llsr
</UL>
<BR>[Calls]<UL><LI><a href="#[72]">&gt;&gt;</a>&nbsp;&nbsp;&nbsp;getVolt2FreqCalcPara
<LI><a href="#[78]">&gt;&gt;</a>&nbsp;&nbsp;&nbsp;BrakeStateCheckInit
<LI><a href="#[51]">&gt;&gt;</a>&nbsp;&nbsp;&nbsp;QCurRefGenValue
<LI><a href="#[7a]">&gt;&gt;</a>&nbsp;&nbsp;&nbsp;setOBElectAngleEst
<LI><a href="#[76]">&gt;&gt;</a>&nbsp;&nbsp;&nbsp;getRunStatus
<LI><a href="#[77]">&gt;&gt;</a>&nbsp;&nbsp;&nbsp;getDCurRefGenWithEnWeakenFlux
<LI><a href="#[79]">&gt;&gt;</a>&nbsp;&nbsp;&nbsp;SetDCurRefInitValue
<LI><a href="#[75]">&gt;&gt;</a>&nbsp;&nbsp;&nbsp;BrakeStateCheck
<LI><a href="#[70]">&gt;&gt;</a>&nbsp;&nbsp;&nbsp;setObserPLLKpKi
<LI><a href="#[60]">&gt;&gt;</a>&nbsp;&nbsp;&nbsp;RegisterSamplingEv
<LI><a href="#[5b]">&gt;&gt;</a>&nbsp;&nbsp;&nbsp;RegisterObsTcObj
<LI><a href="#[59]">&gt;&gt;</a>&nbsp;&nbsp;&nbsp;RegisterObsAcrObj
<LI><a href="#[62]">&gt;&gt;</a>&nbsp;&nbsp;&nbsp;RegisterObsHalDrvHandle
<LI><a href="#[5a]">&gt;&gt;</a>&nbsp;&nbsp;&nbsp;RegisterObsVolObj
<LI><a href="#[56]">&gt;&gt;</a>&nbsp;&nbsp;&nbsp;RegisterObsSpeedObj
<LI><a href="#[5f]">&gt;&gt;</a>&nbsp;&nbsp;&nbsp;RegisterSamplingStru
<LI><a href="#[57]">&gt;&gt;</a>&nbsp;&nbsp;&nbsp;RegisterObsStatorCurObj
<LI><a href="#[64]">&gt;&gt;</a>&nbsp;&nbsp;&nbsp;RegisterObsMAMDInfor
<LI><a href="#[5e]">&gt;&gt;</a>&nbsp;&nbsp;&nbsp;RegisterObjPar
<LI><a href="#[58]">&gt;&gt;</a>&nbsp;&nbsp;&nbsp;RegisterObsCurObj
<LI><a href="#[54]">&gt;&gt;</a>&nbsp;&nbsp;&nbsp;RegisterObsPar
<LI><a href="#[55]">&gt;&gt;</a>&nbsp;&nbsp;&nbsp;RegisterObsAngleObj
<LI><a href="#[61]">&gt;&gt;</a>&nbsp;&nbsp;&nbsp;RegisterSvpwmCmprTmr
<LI><a href="#[6c]">&gt;&gt;</a>&nbsp;&nbsp;&nbsp;IQ15SqrtIQ31
<LI><a href="#[65]">&gt;&gt;</a>&nbsp;&nbsp;&nbsp;setOverModuFac
<LI><a href="#[63]">&gt;&gt;</a>&nbsp;&nbsp;&nbsp;RegisterObsHDMDInfor
<LI><a href="#[5c]">&gt;&gt;</a>&nbsp;&nbsp;&nbsp;RegisterObsGainObj
<LI><a href="#[5d]">&gt;&gt;</a>&nbsp;&nbsp;&nbsp;RegisterSvpwmParObj
<LI><a href="#[6d]">&gt;&gt;</a>&nbsp;&nbsp;&nbsp;getMotorPowerFromObjId
<LI><a href="#[6b]">&gt;&gt;</a>&nbsp;&nbsp;&nbsp;getMotorQaxisVoltFormObjId
<LI><a href="#[4d]">&gt;&gt;</a>&nbsp;&nbsp;&nbsp;InitIPD
<LI><a href="#[44]">&gt;&gt;</a>&nbsp;&nbsp;&nbsp;FluxObserveParaCalc
<LI><a href="#[69]">&gt;&gt;</a>&nbsp;&nbsp;&nbsp;setDeadCompFactor
<LI><a href="#[40]">&gt;&gt;</a>&nbsp;&nbsp;&nbsp;CalcVectorVFPara
<LI><a href="#[6f]">&gt;&gt;</a>&nbsp;&nbsp;&nbsp;PmsmFluxObserve1ms
<LI><a href="#[4f]">&gt;&gt;</a>&nbsp;&nbsp;&nbsp;OnTheFlyDetectInit
<LI><a href="#[6e]">&gt;&gt;</a>&nbsp;&nbsp;&nbsp;getOnFlyFreqResultFromObjId
<LI><a href="#[71]">&gt;&gt;</a>&nbsp;&nbsp;&nbsp;vectorVFcontrol
<LI><a href="#[6a]">&gt;&gt;</a>&nbsp;&nbsp;&nbsp;getMotorDaxisVoltFormObjId
<LI><a href="#[38]">&gt;&gt;</a>&nbsp;&nbsp;&nbsp;InitPmFluxOB
<LI><a href="#[53]">&gt;&gt;</a>&nbsp;&nbsp;&nbsp;getLibMaxObjNumber
<LI><a href="#[4b]">&gt;&gt;</a>&nbsp;&nbsp;&nbsp;Read_Trim
<LI><a href="#[3c]">&gt;&gt;</a>&nbsp;&nbsp;&nbsp;__aeabi_memcpy
<LI><a href="#[67]">&gt;&gt;</a>&nbsp;&nbsp;&nbsp;updateAcrParaMALayer
<LI><a href="#[73]">&gt;&gt;</a>&nbsp;&nbsp;&nbsp;motorControlParaInitDone
<LI><a href="#[52]">&gt;&gt;</a>&nbsp;&nbsp;&nbsp;StateInit
<LI><a href="#[4c]">&gt;&gt;</a>&nbsp;&nbsp;&nbsp;MCPWM_init
<LI><a href="#[68]">&gt;&gt;</a>&nbsp;&nbsp;&nbsp;InitFocVar
<LI><a href="#[74]">&gt;&gt;</a>&nbsp;&nbsp;&nbsp;FaultInitTask
<LI><a href="#[45]">&gt;&gt;</a>&nbsp;&nbsp;&nbsp;__aeabi_idiv
<LI><a href="#[66]">&gt;&gt;</a>&nbsp;&nbsp;&nbsp;__aeabi_memclr8
<LI><a href="#[46]">&gt;&gt;</a>&nbsp;&nbsp;&nbsp;__aeabi_memclr4
<LI><a href="#[42]">&gt;&gt;</a>&nbsp;&nbsp;&nbsp;__aeabi_lmul
<LI><a href="#[2a]">&gt;&gt;</a>&nbsp;&nbsp;&nbsp;__aeabi_ldivmod
</UL>
<BR>[Address Reference Count : 1]<UL><LI> entry9a.o(.ARM.Collect$$$$0000000B)
</UL>
<P><STRONG><a name="[69]"></a>setDeadCompFactor</STRONG> (Thumb, 12 bytes, Stack size 0 bytes, fluxobserve.o(.text.setDeadCompFactor))
<BR><BR>[Called By]<UL><LI><a href="#[14]">&gt;&gt;</a>&nbsp;&nbsp;&nbsp;main
</UL>

<P><STRONG><a name="[32]"></a>setLibWorkMode</STRONG> (Thumb, 16 bytes, Stack size 0 bytes, fluxobserve.o(.text.setLibWorkMode))
<BR><BR>[Called By]<UL><LI><a href="#[10]">&gt;&gt;</a>&nbsp;&nbsp;&nbsp;ADC_IRQHandler
</UL>

<P><STRONG><a name="[7a]"></a>setOBElectAngleEst</STRONG> (Thumb, 20 bytes, Stack size 0 bytes, fluxobserve.o(.text.setOBElectAngleEst))
<BR><BR>[Called By]<UL><LI><a href="#[14]">&gt;&gt;</a>&nbsp;&nbsp;&nbsp;main
</UL>

<P><STRONG><a name="[70]"></a>setObserPLLKpKi</STRONG> (Thumb, 20 bytes, Stack size 0 bytes, fluxobserve.o(.text.setObserPLLKpKi))
<BR><BR>[Called By]<UL><LI><a href="#[14]">&gt;&gt;</a>&nbsp;&nbsp;&nbsp;main
</UL>

<P><STRONG><a name="[65]"></a>setOverModuFac</STRONG> (Thumb, 16 bytes, Stack size 0 bytes, fluxobserve.o(.text.setOverModuFac))
<BR><BR>[Called By]<UL><LI><a href="#[14]">&gt;&gt;</a>&nbsp;&nbsp;&nbsp;main
</UL>

<P><STRONG><a name="[33]"></a>setTrakingModeDisable</STRONG> (Thumb, 16 bytes, Stack size 0 bytes, fluxobserve.o(.text.setTrakingModeDisable))
<BR><BR>[Called By]<UL><LI><a href="#[10]">&gt;&gt;</a>&nbsp;&nbsp;&nbsp;ADC_IRQHandler
</UL>

<P><STRONG><a name="[36]"></a>setTrakingModeEnable</STRONG> (Thumb, 20 bytes, Stack size 0 bytes, fluxobserve.o(.text.setTrakingModeEnable))
<BR><BR>[Called By]<UL><LI><a href="#[10]">&gt;&gt;</a>&nbsp;&nbsp;&nbsp;ADC_IRQHandler
</UL>

<P><STRONG><a name="[71]"></a>vectorVFcontrol</STRONG> (Thumb, 144 bytes, Stack size 28 bytes, fluxobserve.o(.text.vectorVFcontrol))
<BR><BR>[Stack]<UL><LI>Max Depth = 28<LI>Call Chain = vectorVFcontrol
</UL>
<BR>[Called By]<UL><LI><a href="#[14]">&gt;&gt;</a>&nbsp;&nbsp;&nbsp;main
</UL>

<P><STRONG><a name="[4b]"></a>Read_Trim</STRONG> (Thumb, 90 bytes, Stack size 0 bytes, lks32mc03x_nvr.o(i.Read_Trim))
<BR><BR>[Called By]<UL><LI><a href="#[14]">&gt;&gt;</a>&nbsp;&nbsp;&nbsp;main
<LI><a href="#[15]">&gt;&gt;</a>&nbsp;&nbsp;&nbsp;SystemInit
<LI><a href="#[21]">&gt;&gt;</a>&nbsp;&nbsp;&nbsp;InitEPWM0ChargeEnd
</UL>

<P><STRONG><a name="[89]"></a>__scatterload_copy</STRONG> (Thumb, 14 bytes, Stack size unknown bytes, handlers.o(i.__scatterload_copy), UNUSED)

<P><STRONG><a name="[8a]"></a>__scatterload_null</STRONG> (Thumb, 2 bytes, Stack size unknown bytes, handlers.o(i.__scatterload_null), UNUSED)

<P><STRONG><a name="[8b]"></a>__scatterload_zeroinit</STRONG> (Thumb, 14 bytes, Stack size unknown bytes, handlers.o(i.__scatterload_zeroinit), UNUSED)
<P>
<H3>
Local Symbols
</H3>
<P><STRONG><a name="[48]"></a>IPD_AngleCalc</STRONG> (Thumb, 248 bytes, Stack size 32 bytes, lib_ipd.o(.text.IPD_AngleCalc))
<BR><BR>[Stack]<UL><LI>Max Depth = 48<LI>Call Chain = IPD_AngleCalc &rArr; Calc_Atan
</UL>
<BR>[Calls]<UL><LI><a href="#[49]">&gt;&gt;</a>&nbsp;&nbsp;&nbsp;Calc_Atan
</UL>
<BR>[Called By]<UL><LI><a href="#[3d]">&gt;&gt;</a>&nbsp;&nbsp;&nbsp;IPDEst_SMotor
</UL>

<P><STRONG><a name="[1c]"></a>AcquireBmefSamplingResultsM0</STRONG> (Thumb, 2 bytes, Stack size 0 bytes, lto-llvm-caad6e.o(.text.AcquireBmefSamplingResultsM0))
<BR>[Address Reference Count : 1]<UL><LI> lto-llvm-caad6e.o(.rodata)
</UL>
<P><STRONG><a name="[19]"></a>AcquireCurSamplingResultsM0</STRONG> (Thumb, 12 bytes, Stack size 0 bytes, lto-llvm-caad6e.o(.text.AcquireCurSamplingResultsM0))
<BR>[Address Reference Count : 1]<UL><LI> lto-llvm-caad6e.o(.rodata)
</UL>
<P><STRONG><a name="[1b]"></a>AcquireNTCSamplingResultsM0</STRONG> (Thumb, 8 bytes, Stack size 0 bytes, lto-llvm-caad6e.o(.text.AcquireNTCSamplingResultsM0))
<BR>[Address Reference Count : 1]<UL><LI> lto-llvm-caad6e.o(.rodata)
</UL>
<P><STRONG><a name="[1a]"></a>AcquireVdcSamplingResultsM0</STRONG> (Thumb, 8 bytes, Stack size 0 bytes, lto-llvm-caad6e.o(.text.AcquireVdcSamplingResultsM0))
<BR>[Address Reference Count : 1]<UL><LI> lto-llvm-caad6e.o(.rodata)
</UL>
<P><STRONG><a name="[1d]"></a>ChangeADChanelCFGM0</STRONG> (Thumb, 2 bytes, Stack size 0 bytes, lto-llvm-caad6e.o(.text.ChangeADChanelCFGM0))
<BR>[Address Reference Count : 1]<UL><LI> lto-llvm-caad6e.o(.rodata)
</UL>
<P><STRONG><a name="[23]"></a>ClrEPWM0_breakInStatus</STRONG> (Thumb, 12 bytes, Stack size 0 bytes, lto-llvm-caad6e.o(.text.ClrEPWM0_breakInStatus))
<BR>[Address Reference Count : 1]<UL><LI> lto-llvm-caad6e.o(.rodata)
</UL>
<P><STRONG><a name="[20]"></a>EPWM0_Charge</STRONG> (Thumb, 84 bytes, Stack size 0 bytes, lto-llvm-caad6e.o(.text.EPWM0_Charge))
<BR>[Address Reference Count : 1]<UL><LI> lto-llvm-caad6e.o(.rodata)
</UL>
<P><STRONG><a name="[1f]"></a>EPWM0_OutPut</STRONG> (Thumb, 32 bytes, Stack size 0 bytes, lto-llvm-caad6e.o(.text.EPWM0_OutPut))
<BR>[Address Reference Count : 1]<UL><LI> lto-llvm-caad6e.o(.rodata)
</UL>
<P><STRONG><a name="[74]"></a>FaultInitTask</STRONG> (Thumb, 176 bytes, Stack size 24 bytes, lto-llvm-caad6e.o(.text.FaultInitTask))
<BR><BR>[Stack]<UL><LI>Max Depth = 24<LI>Call Chain = FaultInitTask
</UL>
<BR>[Called By]<UL><LI><a href="#[14]">&gt;&gt;</a>&nbsp;&nbsp;&nbsp;main
</UL>

<P><STRONG><a name="[22]"></a>GetEPWM0_breakInStatus</STRONG> (Thumb, 12 bytes, Stack size 0 bytes, lto-llvm-caad6e.o(.text.GetEPWM0_breakInStatus))
<BR>[Address Reference Count : 1]<UL><LI> lto-llvm-caad6e.o(.rodata)
</UL>
<P><STRONG><a name="[21]"></a>InitEPWM0ChargeEnd</STRONG> (Thumb, 160 bytes, Stack size 24 bytes, lto-llvm-caad6e.o(.text.InitEPWM0ChargeEnd))
<BR><BR>[Stack]<UL><LI>Max Depth = 128<LI>Call Chain = InitEPWM0ChargeEnd &rArr; MCPWM_init &rArr; __aeabi_ldivmod &rArr; __aeabi_uldivmod &rArr; __aeabi_llsr
</UL>
<BR>[Calls]<UL><LI><a href="#[4b]">&gt;&gt;</a>&nbsp;&nbsp;&nbsp;Read_Trim
<LI><a href="#[4c]">&gt;&gt;</a>&nbsp;&nbsp;&nbsp;MCPWM_init
</UL>
<BR>[Address Reference Count : 1]<UL><LI> lto-llvm-caad6e.o(.rodata)
</UL>
<P><STRONG><a name="[68]"></a>InitFocVar</STRONG> (Thumb, 184 bytes, Stack size 16 bytes, lto-llvm-caad6e.o(.text.InitFocVar))
<BR><BR>[Stack]<UL><LI>Max Depth = 16<LI>Call Chain = InitFocVar
</UL>
<BR>[Called By]<UL><LI><a href="#[14]">&gt;&gt;</a>&nbsp;&nbsp;&nbsp;main
</UL>

<P><STRONG><a name="[1e]"></a>MCPWM0_RegUpdate</STRONG> (Thumb, 36 bytes, Stack size 0 bytes, lto-llvm-caad6e.o(.text.MCPWM0_RegUpdate))
<BR>[Address Reference Count : 1]<UL><LI> lto-llvm-caad6e.o(.rodata)
</UL>
<P><STRONG><a name="[4c]"></a>MCPWM_init</STRONG> (Thumb, 196 bytes, Stack size 24 bytes, lto-llvm-caad6e.o(.text.MCPWM_init))
<BR><BR>[Stack]<UL><LI>Max Depth = 104<LI>Call Chain = MCPWM_init &rArr; __aeabi_ldivmod &rArr; __aeabi_uldivmod &rArr; __aeabi_llsr
</UL>
<BR>[Calls]<UL><LI><a href="#[45]">&gt;&gt;</a>&nbsp;&nbsp;&nbsp;__aeabi_idiv
<LI><a href="#[42]">&gt;&gt;</a>&nbsp;&nbsp;&nbsp;__aeabi_lmul
<LI><a href="#[2a]">&gt;&gt;</a>&nbsp;&nbsp;&nbsp;__aeabi_ldivmod
</UL>
<BR>[Called By]<UL><LI><a href="#[14]">&gt;&gt;</a>&nbsp;&nbsp;&nbsp;main
<LI><a href="#[21]">&gt;&gt;</a>&nbsp;&nbsp;&nbsp;InitEPWM0ChargeEnd
</UL>

<P><STRONG><a name="[52]"></a>StateInit</STRONG> (Thumb, 564 bytes, Stack size 80 bytes, lto-llvm-caad6e.o(.text.StateInit))
<BR><BR>[Stack]<UL><LI>Max Depth = 128<LI>Call Chain = StateInit &rArr; InitDQCurRefGenWithWeakenFlux &rArr; __aeabi_idiv
</UL>
<BR>[Calls]<UL><LI><a href="#[4a]">&gt;&gt;</a>&nbsp;&nbsp;&nbsp;InitDQCurRefGenWithWeakenFlux
<LI><a href="#[45]">&gt;&gt;</a>&nbsp;&nbsp;&nbsp;__aeabi_idiv
<LI><a href="#[42]">&gt;&gt;</a>&nbsp;&nbsp;&nbsp;__aeabi_lmul
</UL>
<BR>[Called By]<UL><LI><a href="#[14]">&gt;&gt;</a>&nbsp;&nbsp;&nbsp;main
</UL>

<P><STRONG><a name="[73]"></a>motorControlParaInitDone</STRONG> (Thumb, 600 bytes, Stack size 72 bytes, lto-llvm-caad6e.o(.text.motorControlParaInitDone))
<BR><BR>[Stack]<UL><LI>Max Depth = 152<LI>Call Chain = motorControlParaInitDone &rArr; __aeabi_ldivmod &rArr; __aeabi_uldivmod &rArr; __aeabi_llsr
</UL>
<BR>[Calls]<UL><LI><a href="#[67]">&gt;&gt;</a>&nbsp;&nbsp;&nbsp;updateAcrParaMALayer
<LI><a href="#[45]">&gt;&gt;</a>&nbsp;&nbsp;&nbsp;__aeabi_idiv
<LI><a href="#[42]">&gt;&gt;</a>&nbsp;&nbsp;&nbsp;__aeabi_lmul
<LI><a href="#[2a]">&gt;&gt;</a>&nbsp;&nbsp;&nbsp;__aeabi_ldivmod
</UL>
<BR>[Called By]<UL><LI><a href="#[14]">&gt;&gt;</a>&nbsp;&nbsp;&nbsp;main
</UL>

<P><STRONG><a name="[67]"></a>updateAcrParaMALayer</STRONG> (Thumb, 168 bytes, Stack size 16 bytes, lto-llvm-caad6e.o(.text.updateAcrParaMALayer))
<BR><BR>[Stack]<UL><LI>Max Depth = 32<LI>Call Chain = updateAcrParaMALayer &rArr; __aeabi_idiv
</UL>
<BR>[Calls]<UL><LI><a href="#[45]">&gt;&gt;</a>&nbsp;&nbsp;&nbsp;__aeabi_idiv
</UL>
<BR>[Called By]<UL><LI><a href="#[14]">&gt;&gt;</a>&nbsp;&nbsp;&nbsp;main
<LI><a href="#[73]">&gt;&gt;</a>&nbsp;&nbsp;&nbsp;motorControlParaInitDone
</UL>
<P>
<H3>
Undefined Global Symbols
</H3><HR></body></html>
