<html>
<body>
<pre>
<h1>µVision Build Log</h1>
<h2>Tool Versions:</h2>
IDE-Version: ¦ÌVision V5.36.0.0
Copyright (C) 2021 ARM Ltd and ARM Germany GmbH. All rights reserved.
License Information: 123 123, 1231, LIC=WHYH9-4J95L-12VLE-5Z9NN-KRD7W-AZX2M
 
Tool Versions:
Toolchain:       MDK-ARM Plus  Version: 5.36.0.0
Toolchain Path:  C:\Keil_v5\ARM\ARMCLANG\Bin
C Compiler:      ArmClang.exe V6.16
Assembler:       Armasm.exe V6.16
Linker/Locator:  ArmLink.exe V6.16
Library Manager: ArmAr.exe V6.16
Hex Converter:   FromElf.exe V6.16
CPU DLL:         SARMCM3.DLL V5.36.0.0
Dialog DLL:      DARMCM1.DLL V1.19.4.0
Target DLL:      Segger\JL2CM3.dll V2.99.40.0
Dialog DLL:      TARMCM1.DLL V1.14.4.0
 
<h2>Project:</h2>
D:\Lith\program\07_Plantform\Git version\version\V02_1_1_prepUpdate\V02_1_0a_release_singleMotor+ClassB_0213\1¡¢LKS32MC03x_1Motor1R_code+Clib_R_V02_1_0a_AC6\LKS03x_1Motor.uvprojx
Project File Date:  11/11/2024

<h2>Output:</h2>
*** Using Compiler 'V6.16', folder: 'C:\Keil_v5\ARM\ARMCLANG\Bin'
Rebuild target 'Linko_03x_Project'
compiling lks32mc03x_dsp.c...
compiling lks32MC03x_Flash.c...
compiling lks32mc03x_dac.c...
compiling lks32mc03x_cmp.c...
compiling lks32mc03x_DMA.c...
compiling lks32mc03x_adc.c...
compiling lks32mc03x_gpio.c...
compiling lks32mc03x_hall.c...
compiling lks32mc03x_spi.c...
compiling lks32mc03x_IWDG.c...
compiling lks32mc03x_I2C.c...
compiling lks32mc03x_opa.c...
compiling lks32mc03x_sys.c...
compiling lks32mc03x_MCPWM.c...
compiling lks32mc03x_timer.c...
compiling lks32mc03x_tmp.c...
compiling lks32mc03x_uart.c...
compiling HAL_DEF.c...
compiling hardware_init.c...
assembling startup_lks32mc03x.s...
compiling interrupt.c...
compiling main.c...
compiling MC_math.c...
compiling System_Init.c...
compiling ComFuncs.c...
compiling PubData_MA_UA.c...
compiling PubData_HD_MD.c...
3_CommonServiceLayer/PubData_DriverInstance.c(33): warning: unknown attribute 'at' ignored [-Wunknown-attributes]
const STR_DrvCfgGlobal          tS_DrvCfgGlobal __attribute__((at(ADDR_PARA_LOCATION))) = DRV_CFG_GLOBAL_PARA_TAB;
                                                               ^~~~~~~~~~~~~~~~~~~~~~
1 warning generated.
compiling PubData_DriverInstance.c...
compiling PubData_MD_MA.c...
compiling PID_regulators.c...
compiling MA_Static_Variable.c...
compiling MA_interface.c...
compiling FOC_Drive.c...
compiling PowerCalculation.c...
compiling FocDef.c...
compiling Process_Control.c...
compiling Main_Drive.c...
compiling Task_Scheduler.c...
compiling state_machine.c...
compiling UA_interface.c...
compiling UA_stateMachine.c...
compiling fault_detection.c...
compiling UA_usrApp.c...
compiling SEGGER_RTT_printf.c...
compiling SEGGER_RTT.c...
linking...
Program Size: Code=22424 RO-data=1844 RW-data=16 ZI-data=3784  
FromELF: creating hex file...
".\Objects\lks03x_Project.axf" - 0 Error(s), 1 Warning(s).

<h2>Software Packages used:</h2>

Package Vendor: ARM
                http://www.keil.com/pack/ARM.CMSIS.5.8.0.pack
                ARM.CMSIS.5.8.0
                CMSIS (Common Microcontroller Software Interface Standard)
   * Component: CORE Version: 5.5.0

Package Vendor: Linko
                
                Linko.LKS03x.1.0.7
                LKS03 Device Family Pack

<h2>Collection of Component include folders:</h2>
  .\RTE\_Linko_03x_Project
  C:\Users\bpsemi\AppData\Local\Arm\Packs\ARM\CMSIS\5.8.0\CMSIS\Core\Include
  C:\Users\bpsemi\AppData\Local\Arm\Packs\Linko\LKS03x\1.0.7\Device\Include

<h2>Collection of Component Files used:</h2>

   * Component: ARM::CMSIS:CORE:5.5.0
Build Time Elapsed:  00:00:05
</pre>
</body>
</html>
