<html>
<body>
<pre>
<h1>礦ision Build Log</h1>
<h2>Tool Versions:</h2>
IDE-Version: μVision V5.38.0.0
Copyright (C) 2022 ARM Ltd and ARM Germany GmbH. All rights reserved.
License Information: 1 1, 1, LIC=32B1Q-NUNX4-8T23P-M8DEM-1XVRE-0EUHS
 
Tool Versions:
Toolchain:       MDK-ARM Plus  Version: 5.31.0.0
Toolchain Path:  C:\Keil_v5\ARM\ARMCC\Bin
C Compiler:      Armcc.exe V5.06 update 6 (build 750)
Assembler:       Armasm.exe V5.06 update 6 (build 750)
Linker/Locator:  ArmLink.exe V5.06 update 6 (build 750)
Library Manager: ArmAr.exe V5.06 update 6 (build 750)
Hex Converter:   FromElf.exe V5.06 update 6 (build 750)
CPU DLL:         SARMCM3.DLL V5.31.0.0
Dialog DLL:      DARMCM1.DLL V1.19.3.0
Target DLL:      Segger\JL2CM3.dll V2.99.38.0
Dialog DLL:      TARMCM1.DLL V1.14.2.0
 
<h2>Project:</h2>
C:\Users\Administrator\Desktop\LKSCode\TangLKS32MC074DOF8Q8Lesson\LKS32MC07x 外设示例工程Peripheral Demo Projects\014_GPIO\LK_StdPeriph.uvprojx
Project File Date:  06/20/2025

<h2>Output:</h2>
*** Using Compiler 'V5.06 update 6 (build 750)', folder: 'C:\Keil_v5\ARM\ARMCC\Bin'
Rebuild target 'Linko 07x Project'
assembling startup_lks32mc07x.s...
compiling lks32mc07x_can.c...
compiling interrupt.c...
compiling hardware_init.c...
compiling lks32mc07x_exti.c...
compiling lks32mc07x_cmp.c...
compiling main.c...
compiling lks32mc07x_sys.c...
compiling lks32mc07x_adc.c...
compiling lks32mc07x_dac.c...
compiling lks32mc07x_gpio.c...
compiling lks32mc07x_dma.c...
compiling lks32mc07x_dsp.c...
compiling lks32MC07x_flash.c...
compiling lks32mc07x_hall.c...
compiling lks32mc07x_opa.c...
compiling lks32mc07x_qep.c...
compiling lks32mc07x_sif.c...
compiling lks32mc07x_wake.c...
compiling lks32mc07x_tim.c...
compiling lks32mc07x_tmp.c...
compiling lks32mc07x_uart.c...
compiling lks32mc07x_mcpwm.c...
linking...
Program Size: Code=764 RO-data=208 RW-data=0 ZI-data=1632  
FromELF: creating hex file...
".\Objects\LK_StdPeriph.axf" - 0 Error(s), 0 Warning(s).

<h2>Software Packages used:</h2>

Package Vendor: ARM
                http://www.keil.com/pack/ARM.CMSIS.5.7.0.pack
                ARM.CMSIS.5.7.0
                CMSIS (Cortex Microcontroller Software Interface Standard)
   * Component: CORE Version: 5.4.0

Package Vendor: Linko
                https://www.lksmcu.com/index.php/LKS07Series/Linko.LKS07x.1.1.7.pack
                Linko.LKS07x.1.1.7
                LKS07 Device Family Pack

<h2>Collection of Component include folders:</h2>
  ./RTE/_Linko_07x_Project
  C:/Keil_v5/Arm/Packs/ARM/CMSIS/5.7.0/CMSIS/Core/Include
  C:/Keil_v5/Arm/Packs/Linko/LKS07x/1.1.7/Device/Include

<h2>Collection of Component Files used:</h2>

   * Component: ARM::CMSIS:CORE:5.4.0
Build Time Elapsed:  00:00:00
</pre>
</body>
</html>
