Component: ARM Compiler 5.06 update 7 (build 960) Tool: armlink [4d3601]

==============================================================================

Section Cross References

    main.o(i.main) refers to hardware_init.o(i.Hardware_init) for Hardware_init
    main.o(i.main) refers to gpio_led.o(i.GPIO_LED) for GPIO_LED
    main.o(i.main) refers to gpio_key.o(i.GPIO_KEY_Scan) for GPIO_KEY_Scan
    main.o(i.main) refers to lks32mc08x_sys.o(i.SYS_FeedDog) for SYS_FeedDog
    main.o(i.main) refers to lks32mc08x_gpio.o(i.GPIO_SetBits) for GPIO_SetBits
    main.o(i.main) refers to ddiv.o(.text) for __aeabi_ddiv
    main.o(i.main) refers to cdrcmple.o(.text) for __aeabi_cdrcmple
    main.o(i.main) refers to gpio_led.o(i.Invers_GPIO) for Invers_GPIO
    main.o(i.main) refers to delay.o(i.delay) for delay
    main.o(i.main) refers to utimer.o(.data) for InPut_PulseTime
    startup_lks32mc08x.o(RESET) refers to startup_lks32mc08x.o(STACK) for __initial_sp
    startup_lks32mc08x.o(RESET) refers to startup_lks32mc08x.o(.text) for Reset_Handler
    startup_lks32mc08x.o(RESET) refers to interrupt.o(i.SysTick_Handler) for SysTick_Handler
    startup_lks32mc08x.o(RESET) refers to interrupt.o(i.UTIMER0_IRQHandler) for UTIMER0_IRQHandler
    startup_lks32mc08x.o(RESET) refers to interrupt.o(i.UTIMER1_IRQHandler) for UTIMER1_IRQHandler
    startup_lks32mc08x.o(RESET) refers to interrupt.o(i.UTIMER2_IRQHandler) for UTIMER2_IRQHandler
    startup_lks32mc08x.o(RESET) refers to interrupt.o(i.UTIMER3_IRQHandler) for UTIMER3_IRQHandler
    startup_lks32mc08x.o(RESET) refers to interrupt.o(i.ENCODER0_IRQHandler) for ENCODER0_IRQHandler
    startup_lks32mc08x.o(RESET) refers to interrupt.o(i.ENCODER1_IRQHandler) for ENCODER1_IRQHandler
    startup_lks32mc08x.o(RESET) refers to interrupt.o(i.I2C0_IRQHandler) for I2C0_IRQHandler
    startup_lks32mc08x.o(RESET) refers to interrupt.o(i.GPIO_IRQHandler) for GPIO_IRQHandler
    startup_lks32mc08x.o(RESET) refers to interrupt.o(i.UART0_IRQHandler) for UART0_IRQHandler
    startup_lks32mc08x.o(RESET) refers to interrupt.o(i.HALL_IRQHandler) for HALL_IRQHandler
    startup_lks32mc08x.o(RESET) refers to interrupt.o(i.SPI0_IRQHandler) for SPI0_IRQHandler
    startup_lks32mc08x.o(RESET) refers to interrupt.o(i.ADC0_IRQHandler) for ADC0_IRQHandler
    startup_lks32mc08x.o(RESET) refers to interrupt.o(i.MCPWM_IRQHandler) for MCPWM_IRQHandler
    startup_lks32mc08x.o(RESET) refers to interrupt.o(i.UART1_IRQHandler) for UART1_IRQHandler
    startup_lks32mc08x.o(RESET) refers to interrupt.o(i.CMP_IRQHandler) for CMP_IRQHandler
    startup_lks32mc08x.o(.text) refers to startup_lks32mc08x.o(STACK) for __initial_sp
    startup_lks32mc08x.o(.text) refers to hardware_init.o(i.SystemInit) for SystemInit
    startup_lks32mc08x.o(.text) refers to entry.o(.ARM.Collect$$$$00000000) for __main
    hardware_init.o(i.GPIO_init) refers to lks32mc08x_gpio.o(i.GPIO_StructInit) for GPIO_StructInit
    hardware_init.o(i.GPIO_init) refers to lks32mc08x_gpio.o(i.GPIO_Init) for GPIO_Init
    hardware_init.o(i.Hardware_init) refers to hardware_init.o(i.GPIO_init) for GPIO_init
    hardware_init.o(i.Hardware_init) refers to hardware_init.o(i.UTimer_init) for UTimer_init
    hardware_init.o(i.Hardware_init) refers to hardware_init.o(i.SYS_EnableWatchDog) for SYS_EnableWatchDog
    hardware_init.o(i.Hardware_init) refers to lks32mc08x_sys.o(i.SYS_FeedDog) for SYS_FeedDog
    hardware_init.o(i.SystemInit) refers to hardware_init.o(i.Clock_Init) for Clock_Init
    hardware_init.o(i.UTimer_init) refers to lks32mc08x_tim.o(i.TIM_TimerCmd) for TIM_TimerCmd
    hardware_init.o(i.UTimer_init) refers to lks32mc08x_tim.o(i.TIM_TimerStrutInit) for TIM_TimerStrutInit
    hardware_init.o(i.UTimer_init) refers to lks32mc08x_tim.o(i.TIM_TimerInit) for TIM_TimerInit
    hardware_init.o(i.UTimer_init) refers to hardware_init.o(i.NVIC_SetPriority) for NVIC_SetPriority
    interrupt.o(i.CMP_IRQHandler) refers to lks32mc08x_mcpwm.o(i.PWMOutputs) for PWMOutputs
    interrupt.o(i.UTIMER0_IRQHandler) refers to gpio_led.o(i.Invers_GPIO) for Invers_GPIO
    interrupt.o(i.UTIMER0_IRQHandler) refers to uidiv.o(.text) for __aeabi_uidivmod
    interrupt.o(i.UTIMER0_IRQHandler) refers to dfltui.o(.text) for __aeabi_ui2d
    interrupt.o(i.UTIMER0_IRQHandler) refers to interrupt.o(.data) for Timer_flag
    interrupt.o(i.UTIMER0_IRQHandler) refers to utimer.o(.data) for OverFlow
    lks32mc08x_adc.o(i.ADC_Init) refers to lks32mc08x_sys.o(i.SYS_AnalogModuleClockCmd) for SYS_AnalogModuleClockCmd
    lks32mc08x_adc.o(i.ADC_Init) refers to lks32mc08x_nvr.o(i.Read_Trim) for Read_Trim
    lks32mc08x_cmp.o(i.CMP_StructInit) refers to memseta.o(.text) for __aeabi_memclr
    lks32mc08x_cmp.o(i.Comparator_init) refers to lks32mc08x_sys.o(i.SYS_AnalogModuleClockCmd) for SYS_AnalogModuleClockCmd
    lks32mc08x_dma.o(i.DMA_StructInit) refers to memseta.o(.text) for __aeabi_memclr4
    lks32mc08x_flash.o(i.EraseSector) refers to lks32mc08x_flash.o(.data) for erase_flag
    lks32mc08x_flash.o(i.ProgramPage) refers to lks32mc08x_flash.o(.data) for progm_flag
    lks32mc08x_gpio.o(i.GPIO_PinAFConfig) refers to lks32mc08x_gpio.o(i.__ARM_common_switch8) for __ARM_common_switch8
    lks32mc08x_gpio.o(i.GPIO_ResetBits) refers to lks32mc08x_gpio.o(i.GPIO_WriteBit) for GPIO_WriteBit
    lks32mc08x_gpio.o(i.GPIO_SetBits) refers to lks32mc08x_gpio.o(i.GPIO_WriteBit) for GPIO_WriteBit
    lks32mc08x_hall.o(i.HALL_Init) refers to lks32mc08x_sys.o(i.SYS_ModuleClockCmd) for SYS_ModuleClockCmd
    lks32mc08x_i2c.o(i.I2C_Init) refers to lks32mc08x_sys.o(i.SYS_ModuleClockCmd) for SYS_ModuleClockCmd
    lks32mc08x_mcpwm.o(i.MCPWM_Init) refers to lks32mc08x_sys.o(i.SYS_ModuleClockCmd) for SYS_ModuleClockCmd
    lks32mc08x_mcpwm.o(i.MCPWM_StructInit) refers to memseta.o(.text) for __aeabi_memclr
    lks32mc08x_spi.o(i.SPI_Init) refers to lks32mc08x_sys.o(i.SYS_ModuleClockCmd) for SYS_ModuleClockCmd
    lks32mc08x_sys.o(i.DSP_Init) refers to lks32mc08x_sys.o(i.SYS_ModuleClockCmd) for SYS_ModuleClockCmd
    lks32mc08x_tim.o(i.TIM_TimerInit) refers to lks32mc08x_sys.o(i.SYS_ModuleClockCmd) for SYS_ModuleClockCmd
    lks32mc08x_uart.o(i.UART_Init) refers to lks32mc08x_sys.o(i.SYS_ModuleClockCmd) for SYS_ModuleClockCmd
    lks32mc08x_uart.o(i.UART_Init) refers to ldiv.o(.text) for __aeabi_ldivmod
    gpio_led.o(i.GPIO_LED) refers to lks32mc08x_gpio.o(i.GPIO_SetBits) for GPIO_SetBits
    gpio_led.o(i.GPIO_LED) refers to lks32mc08x_gpio.o(i.GPIO_ResetBits) for GPIO_ResetBits
    gpio_led.o(i.GPIO_LED) refers to delay.o(i.delay) for delay
    gpio_led.o(i.Invers_GPIO) refers to lks32mc08x_gpio.o(i.GPIO_ReadOutputDataBit) for GPIO_ReadOutputDataBit
    gpio_led.o(i.Invers_GPIO) refers to lks32mc08x_gpio.o(i.GPIO_ResetBits) for GPIO_ResetBits
    gpio_led.o(i.Invers_GPIO) refers to lks32mc08x_gpio.o(i.GPIO_SetBits) for GPIO_SetBits
    gpio_key.o(i.GPIO_KEY_Scan) refers to lks32mc08x_gpio.o(i.GPIO_ReadInputDataBit) for GPIO_ReadInputDataBit
    gpio_key.o(i.GPIO_KEY_Scan) refers to delay.o(i.delay) for delay
    gpio_key.o(i.GPIO_KEY_Scan) refers to gpio_key.o(.data) for key_up
    utimer.o(i.InPut_Time) refers to dfixi.o(.text) for __aeabi_d2iz
    utimer.o(i.InPut_Time) refers to utimer.o(.data) for InPut_PulseTime
    entry.o(.ARM.Collect$$$$00000000) refers (Special) to entry10a.o(.ARM.Collect$$$$0000000F) for __rt_final_cpp
    entry.o(.ARM.Collect$$$$00000000) refers (Special) to entry11a.o(.ARM.Collect$$$$00000011) for __rt_final_exit
    entry.o(.ARM.Collect$$$$00000000) refers (Special) to entry12b.o(.ARM.Collect$$$$0000000E) for __rt_lib_shutdown_fini
    entry.o(.ARM.Collect$$$$00000000) refers (Special) to entry7b.o(.ARM.Collect$$$$00000008) for _main_clock
    entry.o(.ARM.Collect$$$$00000000) refers (Special) to entry8b.o(.ARM.Collect$$$$0000000A) for _main_cpp_init
    entry.o(.ARM.Collect$$$$00000000) refers (Special) to entry9a.o(.ARM.Collect$$$$0000000B) for _main_init
    entry.o(.ARM.Collect$$$$00000000) refers (Special) to entry5.o(.ARM.Collect$$$$00000004) for _main_scatterload
    entry.o(.ARM.Collect$$$$00000000) refers (Special) to entry2.o(.ARM.Collect$$$$00000001) for _main_stk
    ldiv.o(.text) refers to uldiv.o(.text) for __aeabi_uldivmod
    ddiv.o(.text) refers (Special) to iusefp.o(.text) for __I$use$fp
    ddiv.o(.text) refers to depilogue.o(.text) for _double_round
    dfltui.o(.text) refers (Special) to iusefp.o(.text) for __I$use$fp
    dfltui.o(.text) refers to depilogue.o(.text) for _double_epilogue
    dfixi.o(.text) refers (Special) to iusefp.o(.text) for __I$use$fp
    dfixi.o(.text) refers to llushr.o(.text) for __aeabi_llsr
    cdrcmple.o(.text) refers (Special) to iusefp.o(.text) for __I$use$fp
    entry2.o(.ARM.Collect$$$$00000001) refers to entry2.o(.ARM.Collect$$$$00002712) for __lit__00000000
    entry2.o(.ARM.Collect$$$$00002712) refers to startup_lks32mc08x.o(STACK) for __initial_sp
    entry2.o(__vectab_stack_and_reset_area) refers to startup_lks32mc08x.o(STACK) for __initial_sp
    entry2.o(__vectab_stack_and_reset_area) refers to entry.o(.ARM.Collect$$$$00000000) for __main
    entry5.o(.ARM.Collect$$$$00000004) refers to init.o(.text) for __scatterload
    entry9a.o(.ARM.Collect$$$$0000000B) refers to main.o(i.main) for main
    entry9b.o(.ARM.Collect$$$$0000000C) refers to main.o(i.main) for main
    uldiv.o(.text) refers to llushr.o(.text) for __aeabi_llsr
    uldiv.o(.text) refers to llshl.o(.text) for __aeabi_llsl
    depilogue.o(.text) refers to depilogue.o(i.__ARM_clz) for __ARM_clz
    depilogue.o(.text) refers to llshl.o(.text) for __aeabi_llsl
    depilogue.o(.text) refers to llushr.o(.text) for __aeabi_llsr
    init.o(.text) refers to entry5.o(.ARM.Collect$$$$00000004) for __main_after_scatterload


==============================================================================

Removing Unused input sections from the image.

    Removing startup_lks32mc08x.o(HEAP), (512 bytes).
    Removing interrupt.o(i.SleepTimer_IRQHandler), (4 bytes).
    Removing lks32mc08x_adc.o(i.ADC_Init), (204 bytes).
    Removing lks32mc08x_adc.o(i.ADC_StructInit), (28 bytes).
    Removing lks32mc08x_cmp.o(i.CMP_StructInit), (14 bytes).
    Removing lks32mc08x_cmp.o(i.Comparator_init), (192 bytes).
    Removing lks32mc08x_dma.o(i.DMA_Init), (92 bytes).
    Removing lks32mc08x_dma.o(i.DMA_StructInit), (14 bytes).
    Removing lks32mc08x_exti.o(i.EXTI_Init), (104 bytes).
    Removing lks32mc08x_exti.o(i.EXTI_ReadIFFlag), (6 bytes).
    Removing lks32mc08x_exti.o(i.EXTI_ResetIF), (4 bytes).
    Removing lks32mc08x_exti.o(i.EXTI_StructInit), (8 bytes).
    Removing lks32mc08x_flash.o(i.EraseSector), (176 bytes).
    Removing lks32mc08x_flash.o(i.ProgramPage), (300 bytes).
    Removing lks32mc08x_flash.o(.data), (8 bytes).
    Removing lks32mc08x_gpio.o(i.GPIO_LockRegister), (16 bytes).
    Removing lks32mc08x_gpio.o(i.GPIO_PinAFConfig), (268 bytes).
    Removing lks32mc08x_gpio.o(i.GPIO_ReadInputData), (6 bytes).
    Removing lks32mc08x_gpio.o(i.GPIO_ReadOutputData), (6 bytes).
    Removing lks32mc08x_gpio.o(i.GPIO_UnlockRegister), (6 bytes).
    Removing lks32mc08x_gpio.o(i.GPIO_Write), (4 bytes).
    Removing lks32mc08x_hall.o(i.HALL_Clear_IRQ), (24 bytes).
    Removing lks32mc08x_hall.o(i.HALL_GetCaptureValue), (16 bytes).
    Removing lks32mc08x_hall.o(i.HALL_GetCount), (12 bytes).
    Removing lks32mc08x_hall.o(i.HALL_GetFilterValue), (16 bytes).
    Removing lks32mc08x_hall.o(i.HALL_Init), (68 bytes).
    Removing lks32mc08x_hall.o(i.HALL_IsCaptureEvent), (16 bytes).
    Removing lks32mc08x_hall.o(i.HALL_IsOverFlowEvent), (16 bytes).
    Removing lks32mc08x_hall.o(i.HALL_StructInit), (36 bytes).
    Removing lks32mc08x_i2c.o(i.I2C_Init), (156 bytes).
    Removing lks32mc08x_i2c.o(i.I2C_ReadData), (8 bytes).
    Removing lks32mc08x_i2c.o(i.I2C_SendData), (4 bytes).
    Removing lks32mc08x_i2c.o(i.I2C_StructInit), (54 bytes).
    Removing lks32mc08x_mcpwm.o(i.MCPWM_Init), (524 bytes).
    Removing lks32mc08x_mcpwm.o(i.MCPWM_StructInit), (14 bytes).
    Removing lks32mc08x_spi.o(i.SPI_GetIRQFlag), (8 bytes).
    Removing lks32mc08x_spi.o(i.SPI_Init), (80 bytes).
    Removing lks32mc08x_spi.o(i.SPI_ReadData), (8 bytes).
    Removing lks32mc08x_spi.o(i.SPI_SendData), (4 bytes).
    Removing lks32mc08x_spi.o(i.SPI_StructInit), (32 bytes).
    Removing lks32mc08x_sys.o(i.DSP_Init), (12 bytes).
    Removing lks32mc08x_sys.o(i.SYS_AnalogModuleClockCmd), (48 bytes).
    Removing lks32mc08x_sys.o(i.SYS_ClearRst), (16 bytes).
    Removing lks32mc08x_sys.o(i.SYS_EnablePORFilter), (20 bytes).
    Removing lks32mc08x_sys.o(i.SYS_FallSleep), (16 bytes).
    Removing lks32mc08x_sys.o(i.SYS_GetRstSource), (12 bytes).
    Removing lks32mc08x_sys.o(i.SYS_Init), (112 bytes).
    Removing lks32mc08x_sys.o(i.SYS_SetWakeInterval), (20 bytes).
    Removing lks32mc08x_sys.o(i.SYS_SoftResetModule), (24 bytes).
    Removing lks32mc08x_sys.o(i.SYS_StructInit), (26 bytes).
    Removing lks32mc08x_sys.o(i.SYS_WatchDogCmd), (48 bytes).
    Removing lks32mc08x_tim.o(i.TIM_ClearIRQFlag), (12 bytes).
    Removing lks32mc08x_tim.o(i.TIM_ECDCmd), (84 bytes).
    Removing lks32mc08x_tim.o(i.TIM_ECDInit), (200 bytes).
    Removing lks32mc08x_tim.o(i.TIM_ECDStructInit), (24 bytes).
    Removing lks32mc08x_tim.o(i.TIM_ECD_GetCount), (6 bytes).
    Removing lks32mc08x_tim.o(i.TIM_GetIRQFlag), (12 bytes).
    Removing lks32mc08x_tim.o(i.TIM_Timer_GetCMPT0), (6 bytes).
    Removing lks32mc08x_tim.o(i.TIM_Timer_GetCMPT1), (6 bytes).
    Removing lks32mc08x_tim.o(i.TIM_Timer_GetCount), (6 bytes).
    Removing lks32mc08x_uart.o(i.UART_ClearIRQFlag), (4 bytes).
    Removing lks32mc08x_uart.o(i.UART_GetIRQFlag), (6 bytes).
    Removing lks32mc08x_uart.o(i.UART_Init), (264 bytes).
    Removing lks32mc08x_uart.o(i.UART_ReadData), (6 bytes).
    Removing lks32mc08x_uart.o(i.UART_SendData), (4 bytes).
    Removing lks32mc08x_uart.o(i.UART_StructInit), (32 bytes).
    Removing lks32mc08x_nvr.o(i.Read_NVR), (52 bytes).
    Removing lks32mc08x_nvr.o(i.Read_Trim), (60 bytes).
    Removing lks32mc08x_dsp.o(i.DSP_CalcDivision), (12 bytes).
    Removing lks32mc08x_dsp.o(i.DSP_CalcSquare), (12 bytes).
    Removing lks32mc08x_dsp.o(i.DSP_Cmd), (12 bytes).
    Removing lks32mc08x_dsp.o(i.DSP_DIS0Error), (16 bytes).
    Removing lks32mc08x_dsp.o(i.DSP_GetQuo), (12 bytes).
    Removing lks32mc08x_dsp.o(i.DSP_GetRem), (12 bytes).
    Removing lks32mc08x_dsp.o(i.DSP_GetSqrt), (12 bytes).
    Removing lks32mc08x_opa.o(i.OPA_Init), (150 bytes).
    Removing lks32mc08x_opa.o(i.OPA_OUT), (104 bytes).
    Removing lks32mc08x_opa.o(i.OPA_StructInit), (10 bytes).
    Removing utimer.o(i.InPut_Time), (16 bytes).
    Removing dfixi.o(.text), (72 bytes).
    Removing lks32mc08x_gpio.o(i.__ARM_common_switch8), (28 bytes).

81 unused section(s) (total 4674 bytes) removed from the image.

==============================================================================

Image Symbol Table

    Local Symbols

    Symbol Name                              Value     Ov Type        Size  Object(Section)

    RESET                                    0x00000000   Section      192  startup_lks32mc08x.o(RESET)
    ../clib/microlib/division.c              0x00000000   Number         0  uldiv.o ABSOLUTE
    ../clib/microlib/division.c              0x00000000   Number         0  ldiv.o ABSOLUTE
    ../clib/microlib/division.c              0x00000000   Number         0  uidiv.o ABSOLUTE
    ../clib/microlib/init/entry.s            0x00000000   Number         0  entry11b.o ABSOLUTE
    ../clib/microlib/init/entry.s            0x00000000   Number         0  entry11a.o ABSOLUTE
    ../clib/microlib/init/entry.s            0x00000000   Number         0  entry10b.o ABSOLUTE
    ../clib/microlib/init/entry.s            0x00000000   Number         0  entry10a.o ABSOLUTE
    ../clib/microlib/init/entry.s            0x00000000   Number         0  entry9b.o ABSOLUTE
    ../clib/microlib/init/entry.s            0x00000000   Number         0  entry7b.o ABSOLUTE
    ../clib/microlib/init/entry.s            0x00000000   Number         0  entry2.o ABSOLUTE
    ../clib/microlib/init/entry.s            0x00000000   Number         0  entry9a.o ABSOLUTE
    ../clib/microlib/init/entry.s            0x00000000   Number         0  entry5.o ABSOLUTE
    ../clib/microlib/init/entry.s            0x00000000   Number         0  entry8b.o ABSOLUTE
    ../clib/microlib/init/entry.s            0x00000000   Number         0  entry8a.o ABSOLUTE
    ../clib/microlib/init/entry.s            0x00000000   Number         0  entry7a.o ABSOLUTE
    ../clib/microlib/init/entry.s            0x00000000   Number         0  entry.o ABSOLUTE
    ../clib/microlib/init/entry.s            0x00000000   Number         0  entry12b.o ABSOLUTE
    ../clib/microlib/init/entry.s            0x00000000   Number         0  entry12a.o ABSOLUTE
    ../clib/microlib/longlong.c              0x00000000   Number         0  llshl.o ABSOLUTE
    ../clib/microlib/longlong.c              0x00000000   Number         0  llushr.o ABSOLUTE
    ../clib/microlib/string/memset.c         0x00000000   Number         0  memseta.o ABSOLUTE
    ../clib/microlib/stubs.s                 0x00000000   Number         0  iusefp.o ABSOLUTE
    ../fplib/microlib/fpdiv.c                0x00000000   Number         0  ddiv.o ABSOLUTE
    ../fplib/microlib/fpepilogue.c           0x00000000   Number         0  depilogue.o ABSOLUTE
    ../fplib/microlib/fpfix.c                0x00000000   Number         0  dfixi.o ABSOLUTE
    ../fplib/microlib/fpflt.c                0x00000000   Number         0  dfltui.o ABSOLUTE
    AppFunction\hardware_init.c              0x00000000   Number         0  hardware_init.o ABSOLUTE
    AppFunction\interrupt.c                  0x00000000   Number         0  interrupt.o ABSOLUTE
    LKS32MC08x_Periph_Driver\Source\lks32MC08x_Flash.c 0x00000000   Number         0  lks32mc08x_flash.o ABSOLUTE
    LKS32MC08x_Periph_Driver\Source\lks32mc08x_DMA.c 0x00000000   Number         0  lks32mc08x_dma.o ABSOLUTE
    LKS32MC08x_Periph_Driver\Source\lks32mc08x_MCPWM.c 0x00000000   Number         0  lks32mc08x_mcpwm.o ABSOLUTE
    LKS32MC08x_Periph_Driver\Source\lks32mc08x_NVR.c 0x00000000   Number         0  lks32mc08x_nvr.o ABSOLUTE
    LKS32MC08x_Periph_Driver\Source\lks32mc08x_adc.c 0x00000000   Number         0  lks32mc08x_adc.o ABSOLUTE
    LKS32MC08x_Periph_Driver\Source\lks32mc08x_cmp.c 0x00000000   Number         0  lks32mc08x_cmp.o ABSOLUTE
    LKS32MC08x_Periph_Driver\Source\lks32mc08x_dsp.c 0x00000000   Number         0  lks32mc08x_dsp.o ABSOLUTE
    LKS32MC08x_Periph_Driver\Source\lks32mc08x_exti.c 0x00000000   Number         0  lks32mc08x_exti.o ABSOLUTE
    LKS32MC08x_Periph_Driver\Source\lks32mc08x_gpio.c 0x00000000   Number         0  lks32mc08x_gpio.o ABSOLUTE
    LKS32MC08x_Periph_Driver\Source\lks32mc08x_hall.c 0x00000000   Number         0  lks32mc08x_hall.o ABSOLUTE
    LKS32MC08x_Periph_Driver\Source\lks32mc08x_i2c.c 0x00000000   Number         0  lks32mc08x_i2c.o ABSOLUTE
    LKS32MC08x_Periph_Driver\Source\lks32mc08x_opa.c 0x00000000   Number         0  lks32mc08x_opa.o ABSOLUTE
    LKS32MC08x_Periph_Driver\Source\lks32mc08x_spi.c 0x00000000   Number         0  lks32mc08x_spi.o ABSOLUTE
    LKS32MC08x_Periph_Driver\Source\lks32mc08x_sys.c 0x00000000   Number         0  lks32mc08x_sys.o ABSOLUTE
    LKS32MC08x_Periph_Driver\Source\lks32mc08x_tim.c 0x00000000   Number         0  lks32mc08x_tim.o ABSOLUTE
    LKS32MC08x_Periph_Driver\Source\lks32mc08x_uart.c 0x00000000   Number         0  lks32mc08x_uart.o ABSOLUTE
    Source\main.c                            0x00000000   Number         0  main.o ABSOLUTE
    Source\startup_lks32mc08x.s              0x00000000   Number         0  startup_lks32mc08x.o ABSOLUTE
    USER\Delay\delay.c                       0x00000000   Number         0  delay.o ABSOLUTE
    USER\KEY\GPIO_KEY.c                      0x00000000   Number         0  gpio_key.o ABSOLUTE
    USER\LED\GPIO_LED.c                      0x00000000   Number         0  gpio_led.o ABSOLUTE
    USER\UTimer\UTimer.c                     0x00000000   Number         0  utimer.o ABSOLUTE
    cdrcmple.s                               0x00000000   Number         0  cdrcmple.o ABSOLUTE
    dc.s                                     0x00000000   Number         0  dc.o ABSOLUTE
    handlers.s                               0x00000000   Number         0  handlers.o ABSOLUTE
    init.s                                   0x00000000   Number         0  init.o ABSOLUTE
    .ARM.Collect$$$$00000000                 0x000000c0   Section        0  entry.o(.ARM.Collect$$$$00000000)
    .ARM.Collect$$$$00000001                 0x000000c0   Section        4  entry2.o(.ARM.Collect$$$$00000001)
    .ARM.Collect$$$$00000004                 0x000000c4   Section        4  entry5.o(.ARM.Collect$$$$00000004)
    .ARM.Collect$$$$00000008                 0x000000c8   Section        0  entry7b.o(.ARM.Collect$$$$00000008)
    .ARM.Collect$$$$0000000A                 0x000000c8   Section        0  entry8b.o(.ARM.Collect$$$$0000000A)
    .ARM.Collect$$$$0000000B                 0x000000c8   Section        8  entry9a.o(.ARM.Collect$$$$0000000B)
    .ARM.Collect$$$$0000000E                 0x000000d0   Section        4  entry12b.o(.ARM.Collect$$$$0000000E)
    .ARM.Collect$$$$0000000F                 0x000000d4   Section        0  entry10a.o(.ARM.Collect$$$$0000000F)
    .ARM.Collect$$$$00000011                 0x000000d4   Section        0  entry11a.o(.ARM.Collect$$$$00000011)
    .ARM.Collect$$$$00002712                 0x000000d4   Section        4  entry2.o(.ARM.Collect$$$$00002712)
    __lit__00000000                          0x000000d4   Data           4  entry2.o(.ARM.Collect$$$$00002712)
    .text                                    0x000000d8   Section       40  startup_lks32mc08x.o(.text)
    .text                                    0x00000100   Section        0  uidiv.o(.text)
    .text                                    0x0000012c   Section        0  ddiv.o(.text)
    .text                                    0x0000021c   Section        0  dfltui.o(.text)
    .text                                    0x00000238   Section       40  cdrcmple.o(.text)
    .text                                    0x00000260   Section        0  llushr.o(.text)
    .text                                    0x00000282   Section        0  depilogue.o(.text)
    .text                                    0x00000282   Section        0  iusefp.o(.text)
    .text                                    0x00000340   Section       36  init.o(.text)
    .text                                    0x00000364   Section        0  llshl.o(.text)
    i.ADC0_IRQHandler                        0x00000384   Section        0  interrupt.o(i.ADC0_IRQHandler)
    i.CMP_IRQHandler                         0x00000398   Section        0  interrupt.o(i.CMP_IRQHandler)
    i.Clock_Init                             0x00000400   Section        0  hardware_init.o(i.Clock_Init)
    i.ENCODER0_IRQHandler                    0x0000042c   Section        0  interrupt.o(i.ENCODER0_IRQHandler)
    i.ENCODER1_IRQHandler                    0x0000042e   Section        0  interrupt.o(i.ENCODER1_IRQHandler)
    i.GPIO_IRQHandler                        0x00000430   Section        0  interrupt.o(i.GPIO_IRQHandler)
    i.GPIO_Init                              0x00000432   Section        0  lks32mc08x_gpio.o(i.GPIO_Init)
    i.GPIO_KEY_Scan                          0x0000050c   Section        0  gpio_key.o(i.GPIO_KEY_Scan)
    i.GPIO_LED                               0x00000598   Section        0  gpio_led.o(i.GPIO_LED)
    i.GPIO_ReadInputDataBit                  0x000006bc   Section        0  lks32mc08x_gpio.o(i.GPIO_ReadInputDataBit)
    i.GPIO_ReadOutputDataBit                 0x000006d0   Section        0  lks32mc08x_gpio.o(i.GPIO_ReadOutputDataBit)
    i.GPIO_ResetBits                         0x000006e4   Section        0  lks32mc08x_gpio.o(i.GPIO_ResetBits)
    i.GPIO_SetBits                           0x000006f6   Section        0  lks32mc08x_gpio.o(i.GPIO_SetBits)
    i.GPIO_StructInit                        0x00000708   Section        0  lks32mc08x_gpio.o(i.GPIO_StructInit)
    i.GPIO_WriteBit                          0x00000714   Section        0  lks32mc08x_gpio.o(i.GPIO_WriteBit)
    i.GPIO_init                              0x00000730   Section        0  hardware_init.o(i.GPIO_init)
    i.HALL_IRQHandler                        0x00000794   Section        0  interrupt.o(i.HALL_IRQHandler)
    i.Hardware_init                          0x00000798   Section        0  hardware_init.o(i.Hardware_init)
    i.I2C0_IRQHandler                        0x000007d0   Section        0  interrupt.o(i.I2C0_IRQHandler)
    i.Invers_GPIO                            0x000007d2   Section        0  gpio_led.o(i.Invers_GPIO)
    i.MCPWM_IRQHandler                       0x000007fc   Section        0  interrupt.o(i.MCPWM_IRQHandler)
    i.NVIC_SetPriority                       0x00000808   Section        0  hardware_init.o(i.NVIC_SetPriority)
    NVIC_SetPriority                         0x00000809   Thumb Code   110  hardware_init.o(i.NVIC_SetPriority)
    i.PWMOutputs                             0x00000880   Section        0  lks32mc08x_mcpwm.o(i.PWMOutputs)
    i.SPI0_IRQHandler                        0x000008bc   Section        0  interrupt.o(i.SPI0_IRQHandler)
    i.SYS_EnableWatchDog                     0x000008c0   Section        0  hardware_init.o(i.SYS_EnableWatchDog)
    i.SYS_FeedDog                            0x000008dc   Section        0  lks32mc08x_sys.o(i.SYS_FeedDog)
    i.SYS_ModuleClockCmd                     0x00000928   Section        0  lks32mc08x_sys.o(i.SYS_ModuleClockCmd)
    i.SysTick_Handler                        0x00000950   Section        0  interrupt.o(i.SysTick_Handler)
    i.SystemInit                             0x00000952   Section        0  hardware_init.o(i.SystemInit)
    i.TIM_TimerCmd                           0x0000095c   Section        0  lks32mc08x_tim.o(i.TIM_TimerCmd)
    i.TIM_TimerInit                          0x00000a30   Section        0  lks32mc08x_tim.o(i.TIM_TimerInit)
    i.TIM_TimerStrutInit                     0x00000b9c   Section        0  lks32mc08x_tim.o(i.TIM_TimerStrutInit)
    i.UART0_IRQHandler                       0x00000bc4   Section        0  interrupt.o(i.UART0_IRQHandler)
    i.UART1_IRQHandler                       0x00000bf8   Section        0  interrupt.o(i.UART1_IRQHandler)
    i.UTIMER0_IRQHandler                     0x00000bfc   Section        0  interrupt.o(i.UTIMER0_IRQHandler)
    i.UTIMER1_IRQHandler                     0x00000d24   Section        0  interrupt.o(i.UTIMER1_IRQHandler)
    i.UTIMER2_IRQHandler                     0x00000d26   Section        0  interrupt.o(i.UTIMER2_IRQHandler)
    i.UTIMER3_IRQHandler                     0x00000d28   Section        0  interrupt.o(i.UTIMER3_IRQHandler)
    i.UTimer_init                            0x00000d2c   Section        0  hardware_init.o(i.UTimer_init)
    i.__ARM_clz                              0x00000d90   Section        0  depilogue.o(i.__ARM_clz)
    i.__scatterload_copy                     0x00000dbe   Section       14  handlers.o(i.__scatterload_copy)
    i.__scatterload_null                     0x00000dcc   Section        2  handlers.o(i.__scatterload_null)
    i.__scatterload_zeroinit                 0x00000dce   Section       14  handlers.o(i.__scatterload_zeroinit)
    i.delay                                  0x00000ddc   Section        0  delay.o(i.delay)
    i.main                                   0x00000dec   Section        0  main.o(i.main)
    .data                                    0x20000000   Section        9  interrupt.o(.data)
    Timer_flag                               0x20000000   Data           4  interrupt.o(.data)
    Timer_flag1                              0x20000004   Data           4  interrupt.o(.data)
    Input_Flag                               0x20000008   Data           1  interrupt.o(.data)
    .data                                    0x20000009   Section        1  gpio_key.o(.data)
    key_up                                   0x20000009   Data           1  gpio_key.o(.data)
    .data                                    0x20000010   Section       24  utimer.o(.data)
    STACK                                    0x20000028   Section      768  startup_lks32mc08x.o(STACK)

    Global Symbols

    Symbol Name                              Value     Ov Type        Size  Object(Section)

    BuildAttributes$$THM_ISAv3M$S$PE$A:L22$X:L11$S22$IEEE1$IW$USESV6$~STKCKD$USESV7$~SHL$OSPACE$ROPI$EBA8$MICROLIB$REQ8$PRES8$EABIv2 0x00000000   Number         0  anon$$obj.o ABSOLUTE
    __ARM_use_no_argv                        0x00000000   Number         0  main.o ABSOLUTE
    __Vectors                                0x00000000   Data           4  startup_lks32mc08x.o(RESET)
    __arm_fini_                               - Undefined Weak Reference
    __cpp_initialize__aeabi_                  - Undefined Weak Reference
    __cxa_finalize                            - Undefined Weak Reference
    __decompress                              - Undefined Weak Reference
    _clock_init                               - Undefined Weak Reference
    _microlib_exit                            - Undefined Weak Reference
    __Vectors_End                            0x000000c0   Data           0  startup_lks32mc08x.o(RESET)
    __Vectors_Size                           0x000000c0   Number         0  startup_lks32mc08x.o ABSOLUTE
    __main                                   0x000000c1   Thumb Code     0  entry.o(.ARM.Collect$$$$00000000)
    _main_stk                                0x000000c1   Thumb Code     0  entry2.o(.ARM.Collect$$$$00000001)
    _main_scatterload                        0x000000c5   Thumb Code     0  entry5.o(.ARM.Collect$$$$00000004)
    __main_after_scatterload                 0x000000c9   Thumb Code     0  entry5.o(.ARM.Collect$$$$00000004)
    _main_clock                              0x000000c9   Thumb Code     0  entry7b.o(.ARM.Collect$$$$00000008)
    _main_cpp_init                           0x000000c9   Thumb Code     0  entry8b.o(.ARM.Collect$$$$0000000A)
    _main_init                               0x000000c9   Thumb Code     0  entry9a.o(.ARM.Collect$$$$0000000B)
    __rt_lib_shutdown_fini                   0x000000d1   Thumb Code     0  entry12b.o(.ARM.Collect$$$$0000000E)
    __rt_final_cpp                           0x000000d5   Thumb Code     0  entry10a.o(.ARM.Collect$$$$0000000F)
    __rt_final_exit                          0x000000d5   Thumb Code     0  entry11a.o(.ARM.Collect$$$$00000011)
    Reset_Handler                            0x000000d9   Thumb Code    14  startup_lks32mc08x.o(.text)
    NMI_Handler                              0x000000e7   Thumb Code     2  startup_lks32mc08x.o(.text)
    HardFault_Handler                        0x000000e9   Thumb Code     2  startup_lks32mc08x.o(.text)
    SVC_Handler                              0x000000eb   Thumb Code     2  startup_lks32mc08x.o(.text)
    PendSV_Handler                           0x000000ed   Thumb Code     2  startup_lks32mc08x.o(.text)
    CAN_IRQHandler                           0x000000f1   Thumb Code     0  startup_lks32mc08x.o(.text)
    DMA_IRQHandler                           0x000000f1   Thumb Code     0  startup_lks32mc08x.o(.text)
    DSP_IRQHandler                           0x000000f1   Thumb Code     0  startup_lks32mc08x.o(.text)
    PWRDN_IRQHandler                         0x000000f1   Thumb Code     0  startup_lks32mc08x.o(.text)
    SIF_IRQHandler                           0x000000f1   Thumb Code     0  startup_lks32mc08x.o(.text)
    WAKE_IRQHandler                          0x000000f1   Thumb Code     0  startup_lks32mc08x.o(.text)
    __aeabi_uidiv                            0x00000101   Thumb Code     0  uidiv.o(.text)
    __aeabi_uidivmod                         0x00000101   Thumb Code    44  uidiv.o(.text)
    __aeabi_ddiv                             0x0000012d   Thumb Code   234  ddiv.o(.text)
    __aeabi_ui2d                             0x0000021d   Thumb Code    24  dfltui.o(.text)
    __aeabi_cdrcmple                         0x00000239   Thumb Code    38  cdrcmple.o(.text)
    __aeabi_llsr                             0x00000261   Thumb Code    34  llushr.o(.text)
    _ll_ushift_r                             0x00000261   Thumb Code     0  llushr.o(.text)
    __I$use$fp                               0x00000283   Thumb Code     0  iusefp.o(.text)
    _double_round                            0x00000283   Thumb Code    26  depilogue.o(.text)
    _double_epilogue                         0x0000029d   Thumb Code   164  depilogue.o(.text)
    __scatterload                            0x00000341   Thumb Code    28  init.o(.text)
    __scatterload_rt2                        0x00000341   Thumb Code     0  init.o(.text)
    __aeabi_llsl                             0x00000365   Thumb Code    32  llshl.o(.text)
    _ll_shift_l                              0x00000365   Thumb Code     0  llshl.o(.text)
    ADC0_IRQHandler                          0x00000385   Thumb Code    14  interrupt.o(i.ADC0_IRQHandler)
    CMP_IRQHandler                           0x00000399   Thumb Code    96  interrupt.o(i.CMP_IRQHandler)
    Clock_Init                               0x00000401   Thumb Code    32  hardware_init.o(i.Clock_Init)
    ENCODER0_IRQHandler                      0x0000042d   Thumb Code     2  interrupt.o(i.ENCODER0_IRQHandler)
    ENCODER1_IRQHandler                      0x0000042f   Thumb Code     2  interrupt.o(i.ENCODER1_IRQHandler)
    GPIO_IRQHandler                          0x00000431   Thumb Code     2  interrupt.o(i.GPIO_IRQHandler)
    GPIO_Init                                0x00000433   Thumb Code   216  lks32mc08x_gpio.o(i.GPIO_Init)
    GPIO_KEY_Scan                            0x0000050d   Thumb Code   132  gpio_key.o(i.GPIO_KEY_Scan)
    GPIO_LED                                 0x00000599   Thumb Code   284  gpio_led.o(i.GPIO_LED)
    GPIO_ReadInputDataBit                    0x000006bd   Thumb Code    20  lks32mc08x_gpio.o(i.GPIO_ReadInputDataBit)
    GPIO_ReadOutputDataBit                   0x000006d1   Thumb Code    20  lks32mc08x_gpio.o(i.GPIO_ReadOutputDataBit)
    GPIO_ResetBits                           0x000006e5   Thumb Code    18  lks32mc08x_gpio.o(i.GPIO_ResetBits)
    GPIO_SetBits                             0x000006f7   Thumb Code    18  lks32mc08x_gpio.o(i.GPIO_SetBits)
    GPIO_StructInit                          0x00000709   Thumb Code    12  lks32mc08x_gpio.o(i.GPIO_StructInit)
    GPIO_WriteBit                            0x00000715   Thumb Code    28  lks32mc08x_gpio.o(i.GPIO_WriteBit)
    GPIO_init                                0x00000731   Thumb Code    96  hardware_init.o(i.GPIO_init)
    HALL_IRQHandler                          0x00000795   Thumb Code     2  interrupt.o(i.HALL_IRQHandler)
    Hardware_init                            0x00000799   Thumb Code    44  hardware_init.o(i.Hardware_init)
    I2C0_IRQHandler                          0x000007d1   Thumb Code     2  interrupt.o(i.I2C0_IRQHandler)
    Invers_GPIO                              0x000007d3   Thumb Code    40  gpio_led.o(i.Invers_GPIO)
    MCPWM_IRQHandler                         0x000007fd   Thumb Code     8  interrupt.o(i.MCPWM_IRQHandler)
    PWMOutputs                               0x00000881   Thumb Code    44  lks32mc08x_mcpwm.o(i.PWMOutputs)
    SPI0_IRQHandler                          0x000008bd   Thumb Code     2  interrupt.o(i.SPI0_IRQHandler)
    SYS_EnableWatchDog                       0x000008c1   Thumb Code    20  hardware_init.o(i.SYS_EnableWatchDog)
    SYS_FeedDog                              0x000008dd   Thumb Code    64  lks32mc08x_sys.o(i.SYS_FeedDog)
    SYS_ModuleClockCmd                       0x00000929   Thumb Code    32  lks32mc08x_sys.o(i.SYS_ModuleClockCmd)
    SysTick_Handler                          0x00000951   Thumb Code     2  interrupt.o(i.SysTick_Handler)
    SystemInit                               0x00000953   Thumb Code     8  hardware_init.o(i.SystemInit)
    TIM_TimerCmd                             0x0000095d   Thumb Code   208  lks32mc08x_tim.o(i.TIM_TimerCmd)
    TIM_TimerInit                            0x00000a31   Thumb Code   360  lks32mc08x_tim.o(i.TIM_TimerInit)
    TIM_TimerStrutInit                       0x00000b9d   Thumb Code    38  lks32mc08x_tim.o(i.TIM_TimerStrutInit)
    UART0_IRQHandler                         0x00000bc5   Thumb Code    48  interrupt.o(i.UART0_IRQHandler)
    UART1_IRQHandler                         0x00000bf9   Thumb Code     2  interrupt.o(i.UART1_IRQHandler)
    UTIMER0_IRQHandler                       0x00000bfd   Thumb Code   252  interrupt.o(i.UTIMER0_IRQHandler)
    UTIMER1_IRQHandler                       0x00000d25   Thumb Code     2  interrupt.o(i.UTIMER1_IRQHandler)
    UTIMER2_IRQHandler                       0x00000d27   Thumb Code     2  interrupt.o(i.UTIMER2_IRQHandler)
    UTIMER3_IRQHandler                       0x00000d29   Thumb Code     2  interrupt.o(i.UTIMER3_IRQHandler)
    UTimer_init                              0x00000d2d   Thumb Code    86  hardware_init.o(i.UTimer_init)
    __ARM_clz                                0x00000d91   Thumb Code    46  depilogue.o(i.__ARM_clz)
    __scatterload_copy                       0x00000dbf   Thumb Code    14  handlers.o(i.__scatterload_copy)
    __scatterload_null                       0x00000dcd   Thumb Code     2  handlers.o(i.__scatterload_null)
    __scatterload_zeroinit                   0x00000dcf   Thumb Code    14  handlers.o(i.__scatterload_zeroinit)
    delay                                    0x00000ddd   Thumb Code    14  delay.o(i.delay)
    main                                     0x00000ded   Thumb Code    92  main.o(i.main)
    Region$$Table$$Base                      0x00000e58   Number         0  anon$$obj.o(Region$$Table)
    Region$$Table$$Limit                     0x00000e78   Number         0  anon$$obj.o(Region$$Table)
    OverFlow                                 0x20000010   Data           4  utimer.o(.data)
    InPut_FrontTime                          0x20000014   Data           4  utimer.o(.data)
    InPut_CurrentTime                        0x20000018   Data           4  utimer.o(.data)
    InPut_PulseTime                          0x20000020   Data           8  utimer.o(.data)
    __initial_sp                             0x20000328   Data           0  startup_lks32mc08x.o(STACK)



==============================================================================

Memory Map of the image

  Image Entry point : 0x000000c1

  Load Region LR_IROM1 (Base: 0x00000000, Size: 0x00000ea0, Max: 0x00010000, ABSOLUTE)

    Execution Region ER_IROM1 (Exec base: 0x00000000, Load base: 0x00000000, Size: 0x00000e78, Max: 0x00010000, ABSOLUTE)

    Exec Addr    Load Addr    Size         Type   Attr      Idx    E Section Name        Object

    0x00000000   0x00000000   0x000000c0   Data   RO           93    RESET               startup_lks32mc08x.o
    0x000000c0   0x000000c0   0x00000000   Code   RO         1050  * .ARM.Collect$$$$00000000  mc_p.l(entry.o)
    0x000000c0   0x000000c0   0x00000004   Code   RO         1067    .ARM.Collect$$$$00000001  mc_p.l(entry2.o)
    0x000000c4   0x000000c4   0x00000004   Code   RO         1070    .ARM.Collect$$$$00000004  mc_p.l(entry5.o)
    0x000000c8   0x000000c8   0x00000000   Code   RO         1072    .ARM.Collect$$$$00000008  mc_p.l(entry7b.o)
    0x000000c8   0x000000c8   0x00000000   Code   RO         1074    .ARM.Collect$$$$0000000A  mc_p.l(entry8b.o)
    0x000000c8   0x000000c8   0x00000008   Code   RO         1075    .ARM.Collect$$$$0000000B  mc_p.l(entry9a.o)
    0x000000d0   0x000000d0   0x00000004   Code   RO         1082    .ARM.Collect$$$$0000000E  mc_p.l(entry12b.o)
    0x000000d4   0x000000d4   0x00000000   Code   RO         1077    .ARM.Collect$$$$0000000F  mc_p.l(entry10a.o)
    0x000000d4   0x000000d4   0x00000000   Code   RO         1079    .ARM.Collect$$$$00000011  mc_p.l(entry11a.o)
    0x000000d4   0x000000d4   0x00000004   Code   RO         1068    .ARM.Collect$$$$00002712  mc_p.l(entry2.o)
    0x000000d8   0x000000d8   0x00000028   Code   RO           94    .text               startup_lks32mc08x.o
    0x00000100   0x00000100   0x0000002c   Code   RO         1053    .text               mc_p.l(uidiv.o)
    0x0000012c   0x0000012c   0x000000f0   Code   RO         1059    .text               mf_p.l(ddiv.o)
    0x0000021c   0x0000021c   0x0000001c   Code   RO         1061    .text               mf_p.l(dfltui.o)
    0x00000238   0x00000238   0x00000028   Code   RO         1065    .text               mf_p.l(cdrcmple.o)
    0x00000260   0x00000260   0x00000022   Code   RO         1085    .text               mc_p.l(llushr.o)
    0x00000282   0x00000282   0x00000000   Code   RO         1087    .text               mc_p.l(iusefp.o)
    0x00000282   0x00000282   0x000000be   Code   RO         1088    .text               mf_p.l(depilogue.o)
    0x00000340   0x00000340   0x00000024   Code   RO         1092    .text               mc_p.l(init.o)
    0x00000364   0x00000364   0x00000020   Code   RO         1094    .text               mc_p.l(llshl.o)
    0x00000384   0x00000384   0x00000014   Code   RO          149    i.ADC0_IRQHandler   interrupt.o
    0x00000398   0x00000398   0x00000068   Code   RO          150    i.CMP_IRQHandler    interrupt.o
    0x00000400   0x00000400   0x0000002c   Code   RO           99    i.Clock_Init        hardware_init.o
    0x0000042c   0x0000042c   0x00000002   Code   RO          151    i.ENCODER0_IRQHandler  interrupt.o
    0x0000042e   0x0000042e   0x00000002   Code   RO          152    i.ENCODER1_IRQHandler  interrupt.o
    0x00000430   0x00000430   0x00000002   Code   RO          153    i.GPIO_IRQHandler   interrupt.o
    0x00000432   0x00000432   0x000000d8   Code   RO          372    i.GPIO_Init         lks32mc08x_gpio.o
    0x0000050a   0x0000050a   0x00000002   PAD
    0x0000050c   0x0000050c   0x0000008c   Code   RO         1001    i.GPIO_KEY_Scan     gpio_key.o
    0x00000598   0x00000598   0x00000124   Code   RO          980    i.GPIO_LED          gpio_led.o
    0x000006bc   0x000006bc   0x00000014   Code   RO          376    i.GPIO_ReadInputDataBit  lks32mc08x_gpio.o
    0x000006d0   0x000006d0   0x00000014   Code   RO          378    i.GPIO_ReadOutputDataBit  lks32mc08x_gpio.o
    0x000006e4   0x000006e4   0x00000012   Code   RO          379    i.GPIO_ResetBits    lks32mc08x_gpio.o
    0x000006f6   0x000006f6   0x00000012   Code   RO          380    i.GPIO_SetBits      lks32mc08x_gpio.o
    0x00000708   0x00000708   0x0000000c   Code   RO          381    i.GPIO_StructInit   lks32mc08x_gpio.o
    0x00000714   0x00000714   0x0000001c   Code   RO          384    i.GPIO_WriteBit     lks32mc08x_gpio.o
    0x00000730   0x00000730   0x00000064   Code   RO          100    i.GPIO_init         hardware_init.o
    0x00000794   0x00000794   0x00000002   Code   RO          154    i.HALL_IRQHandler   interrupt.o
    0x00000796   0x00000796   0x00000002   PAD
    0x00000798   0x00000798   0x00000038   Code   RO          101    i.Hardware_init     hardware_init.o
    0x000007d0   0x000007d0   0x00000002   Code   RO          155    i.I2C0_IRQHandler   interrupt.o
    0x000007d2   0x000007d2   0x00000028   Code   RO          981    i.Invers_GPIO       gpio_led.o
    0x000007fa   0x000007fa   0x00000002   PAD
    0x000007fc   0x000007fc   0x0000000c   Code   RO          156    i.MCPWM_IRQHandler  interrupt.o
    0x00000808   0x00000808   0x00000078   Code   RO          102    i.NVIC_SetPriority  hardware_init.o
    0x00000880   0x00000880   0x0000003c   Code   RO          547    i.PWMOutputs        lks32mc08x_mcpwm.o
    0x000008bc   0x000008bc   0x00000002   Code   RO          157    i.SPI0_IRQHandler   interrupt.o
    0x000008be   0x000008be   0x00000002   PAD
    0x000008c0   0x000008c0   0x0000001c   Code   RO          103    i.SYS_EnableWatchDog  hardware_init.o
    0x000008dc   0x000008dc   0x0000004c   Code   RO          613    i.SYS_FeedDog       lks32mc08x_sys.o
    0x00000928   0x00000928   0x00000028   Code   RO          616    i.SYS_ModuleClockCmd  lks32mc08x_sys.o
    0x00000950   0x00000950   0x00000002   Code   RO          159    i.SysTick_Handler   interrupt.o
    0x00000952   0x00000952   0x00000008   Code   RO          104    i.SystemInit        hardware_init.o
    0x0000095a   0x0000095a   0x00000002   PAD
    0x0000095c   0x0000095c   0x000000d4   Code   RO          698    i.TIM_TimerCmd      lks32mc08x_tim.o
    0x00000a30   0x00000a30   0x0000016c   Code   RO          699    i.TIM_TimerInit     lks32mc08x_tim.o
    0x00000b9c   0x00000b9c   0x00000026   Code   RO          700    i.TIM_TimerStrutInit  lks32mc08x_tim.o
    0x00000bc2   0x00000bc2   0x00000002   PAD
    0x00000bc4   0x00000bc4   0x00000034   Code   RO          160    i.UART0_IRQHandler  interrupt.o
    0x00000bf8   0x00000bf8   0x00000002   Code   RO          161    i.UART1_IRQHandler  interrupt.o
    0x00000bfa   0x00000bfa   0x00000002   PAD
    0x00000bfc   0x00000bfc   0x00000128   Code   RO          162    i.UTIMER0_IRQHandler  interrupt.o
    0x00000d24   0x00000d24   0x00000002   Code   RO          163    i.UTIMER1_IRQHandler  interrupt.o
    0x00000d26   0x00000d26   0x00000002   Code   RO          164    i.UTIMER2_IRQHandler  interrupt.o
    0x00000d28   0x00000d28   0x00000002   Code   RO          165    i.UTIMER3_IRQHandler  interrupt.o
    0x00000d2a   0x00000d2a   0x00000002   PAD
    0x00000d2c   0x00000d2c   0x00000064   Code   RO          105    i.UTimer_init       hardware_init.o
    0x00000d90   0x00000d90   0x0000002e   Code   RO         1090    i.__ARM_clz         mf_p.l(depilogue.o)
    0x00000dbe   0x00000dbe   0x0000000e   Code   RO         1098    i.__scatterload_copy  mc_p.l(handlers.o)
    0x00000dcc   0x00000dcc   0x00000002   Code   RO         1099    i.__scatterload_null  mc_p.l(handlers.o)
    0x00000dce   0x00000dce   0x0000000e   Code   RO         1100    i.__scatterload_zeroinit  mc_p.l(handlers.o)
    0x00000ddc   0x00000ddc   0x0000000e   Code   RO         1017    i.delay             delay.o
    0x00000dea   0x00000dea   0x00000002   PAD
    0x00000dec   0x00000dec   0x0000006c   Code   RO            1    i.main              main.o
    0x00000e58   0x00000e58   0x00000020   Data   RO         1096    Region$$Table       anon$$obj.o


    Execution Region RW_IRAM1 (Exec base: 0x20000000, Load base: 0x00000e78, Size: 0x00000328, Max: 0x00002000, ABSOLUTE)

    Exec Addr    Load Addr    Size         Type   Attr      Idx    E Section Name        Object

    0x20000000   0x00000e78   0x00000009   Data   RW          166    .data               interrupt.o
    0x20000009   0x00000e81   0x00000001   Data   RW         1002    .data               gpio_key.o
    0x2000000a   0x00000e82   0x00000006   PAD
    0x20000010   0x00000e88   0x00000018   Data   RW         1033    .data               utimer.o
    0x20000028        -       0x00000300   Zero   RW           91    STACK               startup_lks32mc08x.o


==============================================================================

Image component sizes


      Code (inc. data)   RO Data    RW Data    ZI Data      Debug   Object Name

        14          0          0          0          0        508   delay.o
       140          8          0          1          0        684   gpio_key.o
       332          8          0          0          0       1785   gpio_led.o
       456         60          0          0          0       7417   hardware_init.o
       506         66          0          9          0       8366   interrupt.o
       332          0          0          0          0       5283   lks32mc08x_gpio.o
        60         16          0          0          0        577   lks32mc08x_mcpwm.o
       116         20          0          0          0       1223   lks32mc08x_sys.o
       614          8          0          0          0       2784   lks32mc08x_tim.o
       108         16          0          0          0      11191   main.o
        40         14        192          0        768        676   startup_lks32mc08x.o
         0          0          0         24          0        437   utimer.o

    ----------------------------------------------------------------------
      2736        216        224         40        768      40931   Object Totals
         0          0         32          0          0          0   (incl. Generated)
        18          0          0          6          0          0   (incl. Padding)

    ----------------------------------------------------------------------

      Code (inc. data)   RO Data    RW Data    ZI Data      Debug   Library Member Name

         0          0          0          0          0          0   entry.o
         0          0          0          0          0          0   entry10a.o
         0          0          0          0          0          0   entry11a.o
         4          0          0          0          0          0   entry12b.o
         8          4          0          0          0          0   entry2.o
         4          0          0          0          0          0   entry5.o
         0          0          0          0          0          0   entry7b.o
         0          0          0          0          0          0   entry8b.o
         8          4          0          0          0          0   entry9a.o
        30          0          0          0          0          0   handlers.o
        36          8          0          0          0         68   init.o
         0          0          0          0          0          0   iusefp.o
        32          0          0          0          0         68   llshl.o
        34          0          0          0          0         68   llushr.o
        44          0          0          0          0         72   uidiv.o
        40          2          0          0          0         68   cdrcmple.o
       240          6          0          0          0         84   ddiv.o
       236          0          0          0          0        216   depilogue.o
        28          4          0          0          0         68   dfltui.o

    ----------------------------------------------------------------------
       744         28          0          0          0        712   Library Totals
         0          0          0          0          0          0   (incl. Padding)

    ----------------------------------------------------------------------

      Code (inc. data)   RO Data    RW Data    ZI Data      Debug   Library Name

       200         16          0          0          0        276   mc_p.l
       544         12          0          0          0        436   mf_p.l

    ----------------------------------------------------------------------
       744         28          0          0          0        712   Library Totals

    ----------------------------------------------------------------------

==============================================================================


      Code (inc. data)   RO Data    RW Data    ZI Data      Debug   

      3480        244        224         40        768      39807   Grand Totals
      3480        244        224         40        768      39807   ELF Image Totals
      3480        244        224         40          0          0   ROM Totals

==============================================================================

    Total RO  Size (Code + RO Data)                 3704 (   3.62kB)
    Total RW  Size (RW Data + ZI Data)               808 (   0.79kB)
    Total ROM Size (Code + RO Data + RW Data)       3744 (   3.66kB)

==============================================================================

